Microchip MPLAB XC8 Compiler V2.50

Linker command line:

-W-3 \
  --edf=C:\Program Files\Microchip\xc8\v2.50\pic\dat\20240725155939_en.msgs \
  -cn -h+dist/default/production\Lab4Micros.X.production.sym \
  --cmf=dist/default/production\Lab4Micros.X.production.cmf -z -Q18F4550 \
  -oC:\Users\juanr\AppData\Local\Temp\xcAsd4c.\driver_tmp_3.obj \
  -Mdist/default/production/Lab4Micros.X.production.map \
  --md=C:\Users\juanr\AppData\Local\Temp\xcAsd4c.\driver_tmp_0.dat -E1 \
  -ver=XC8 Compiler -ACODE=00h-07FFFh -ACONST=00h-07FFFh \
  -ASMALLCONST=0800h-08FFhx120 -AMEDIUMCONST=0800h-07FFFh -ACOMRAM=01h-05Fh \
  -AABS1=00h-07FFh -ABIGRAM=01h-07FFh -ARAM=060h-0FFh,0100h-01FFhx7 \
  -ABANK0=060h-0FFh -ABANK1=0100h-01FFh -ABANK2=0200h-02FFh \
  -ABANK3=0300h-03FFh -ABANK4=0400h-04FFh -ABANK5=0500h-05FFh \
  -ABANK6=0600h-06FFh -ABANK7=0700h-07FFh -ASFR=0F60h-0FFFh \
  -ABIGSFR=0F60h-0FFFh -ACONFIG=0300000h-030000Dh -AIDLOC=0200000h-0200007h \
  -AEEDATA=0F00000h-0F000FFh -peeprom_data=EEDATA \
  -preset_vec=00h,intcode=8h,intcodelo,powerup,init -pramtop=0800h \
  -psmallconst=SMALLCONST -pmediumconst=MEDIUMCONST -pconst=CONST \
  -AFARRAM=00h-00h \
  -prdata=COMRAM,nvrram=COMRAM,nvbit=COMRAM,rbss=COMRAM,rbit=COMRAM \
  -pfarbss=FARRAM,fardata=FARRAM,nvFARRAM=FARRAM \
  -pintsave_regs=BIGRAM,bigbss=BIGRAM,bigdata=BIGRAM -pbss=RAM \
  -pidata=CODE,irdata=CODE,ibigdata=CODE,ifardata=CODE -prparam=COMRAM \
  C:\Users\juanr\AppData\Local\Temp\xcAsd4c.\driver_tmp_9.obj \
  dist/default/production\Lab4Micros.X.production.obj 

Object code version is 3.11

Machine type is 18F4550



                Name                               Link     Load   Length Selector   Space Scale
C:\Users\juanr\AppData\Local\Temp\xcAsd4c.\driver_tmp_9.obj
                idloc                            200000   200000        8        0       5
                config                           300000   300000        E        0       4
                init                                  E        E        4        4       0
                reset_vec                             0        0        4        0       0
dist/default/production\Lab4Micros.X.production.obj
                intcode                               8        8        6        4       0
                idloc                            200000   200000        8        0       5
                config                           300000   300000        E        0       4
                temp                                 45       45        1        1       1
                smallconst                          800      800       68      400       0
                text45                             18FE     18FE        E      434       0
                text44                             14CC     14CC       56      434       0
                text43                             15B2     15B2       46      434       0
                text42                             18B2     18B2       16      434       0
                text41                             1522     1522       4A      434       0
                text40                             18DC     18DC       14      434       0
                text39                             189C     189C       16      434       0
                text38                             17EE     17EE       28      434       0
                text37                             15F8     15F8       3C      434       0
                text36                             1816     1816       26      434       0
                text35                             1710     1710       34      434       0
                text34                             16DC     16DC       34      434       0
                text33                             16A4     16A4       38      434       0
                text32                             17C6     17C6       28      434       0
                text31                              D50      D50       E6      434       0
                text30                             11E6     11E6       78      434       0
                text29                             1912     1912        6      434       0
                text28                             10EC     10EC       82      434       0
                text27                             13B0     13B0       6E      434       0
                text26                              F02      F02       CC      434       0
                text25                              B3E      B3E      12C      434       0
                text24                             183C     183C       1C      434       0
                text23                             141E     141E       58      434       0
                intcode_body                        868      868      17C      434       0
                text21                             18F0     18F0        E      434       0
                text20                             1476     1476       56      434       0
                text19                             156C     156C       46      434       0
                text18                             18C8     18C8       14      434       0
                text17                             191C     191C        2      C8E       0
                text16                             1744     1744       32      434       0
                text15                             12D0     12D0       72      434       0
                text14                             125E     125E       72      434       0
                text13                             1858     1858       18      434       0
                text12                              FCE      FCE       9C      434       0
                text11                             1886     1886       16      434       0
                text10                             166C     166C       38      434       0
                text9                              179E     179E       28      434       0
                text8                               C6A      C6A       E6      434       0
                text7                              1870     1870       16      434       0
                text6                              1776     1776       28      434       0
                text5                              116E     116E       78      434       0
                text4                              190C     190C        6      434       0
                text3                              106A     106A       82      434       0
                text2                              1342     1342       6E      434       0
                text1                               E36      E36       CC      434       0
                text0                               9E4      9E4      15A      434       0
                cstackCOMRAM                          1        1       25        1       1
                dataCOMRAM                           42       42        3        1       1
                bssCOMRAM                            26       26       1C        1       1
                cinit                              1634     1634       38      434       0
                idataCOMRAM                        1918     1918        3      434       0

TOTAL           Name                               Link     Load   Length     Space
        CLASS   CODE           
                intcode                               8        8        6         0
                init                                  E        E        4         0
                reset_vec                             0        0        4         0
                text45                             18FE     18FE        E         0
                text44                             14CC     14CC       56         0
                text43                             15B2     15B2       46         0
                text42                             18B2     18B2       16         0
                text41                             1522     1522       4A         0
                text40                             18DC     18DC       14         0
                text39                             189C     189C       16         0
                text38                             17EE     17EE       28         0
                text37                             15F8     15F8       3C         0
                text36                             1816     1816       26         0
                text35                             1710     1710       34         0
                text34                             16DC     16DC       34         0
                text33                             16A4     16A4       38         0
                text32                             17C6     17C6       28         0
                text31                              D50      D50       E6         0
                text30                             11E6     11E6       78         0
                text29                             1912     1912        6         0
                text28                             10EC     10EC       82         0
                text27                             13B0     13B0       6E         0
                text26                              F02      F02       CC         0
                text25                              B3E      B3E      12C         0
                text24                             183C     183C       1C         0
                text23                             141E     141E       58         0
                intcode_body                        868      868      17C         0
                text21                             18F0     18F0        E         0
                text20                             1476     1476       56         0
                text19                             156C     156C       46         0
                text18                             18C8     18C8       14         0
                text17                             191C     191C        2         0
                text16                             1744     1744       32         0
                text15                             12D0     12D0       72         0
                text14                             125E     125E       72         0
                text13                             1858     1858       18         0
                text12                              FCE      FCE       9C         0
                text11                             1886     1886       16         0
                text10                             166C     166C       38         0
                text9                              179E     179E       28         0
                text8                               C6A      C6A       E6         0
                text7                              1870     1870       16         0
                text6                              1776     1776       28         0
                text5                              116E     116E       78         0
                text4                              190C     190C        6         0
                text3                              106A     106A       82         0
                text2                              1342     1342       6E         0
                text1                               E36      E36       CC         0
                text0                               9E4      9E4      15A         0
                cinit                              1634     1634       38         0
                idataCOMRAM                        1918     1918        3         0

        CLASS   CONST          

        CLASS   SMALLCONST     
                smallconst                          800      800       68         0

        CLASS   MEDIUMCONST    

        CLASS   COMRAM         
                temp                                 45       45        1         1
                cstackCOMRAM                          1        1       25         1
                dataCOMRAM                           42       42        3         1
                bssCOMRAM                            26       26       1C         1

        CLASS   ABS1           

        CLASS   BIGRAM         

        CLASS   RAM            

        CLASS   BANK0          

        CLASS   BANK1          

        CLASS   BANK2          

        CLASS   BANK3          

        CLASS   BANK4          

        CLASS   BANK5          

        CLASS   BANK6          

        CLASS   BANK7          

        CLASS   SFR            

        CLASS   BIGSFR         

        CLASS   CONFIG         
                config                           300000   300000        E         4

        CLASS   IDLOC          
                idloc                            200000   200000        8         5

        CLASS   EEDATA         

        CLASS   FARRAM         

        CLASS   HEAP           

        CLASS   STACK          



SEGMENTS        Name                           Load    Length   Top    Selector   Space  Class

                reset_vec                      000000  000004  000004         0       0  CODE    
                cstackCOMRAM                   000001  000045  000046         1       1  COMRAM  
                intcode                        000008  00000A  000012         4       0  CODE    
                smallconst                     000800  000068  000868       400       0  SMALLCON
                intcode_body                   000868  0010B3  00191B       434       0  CODE    
                text17                         00191C  000002  00191E       C8E       0  CODE    


UNUSED ADDRESS RANGES

        Name                Unused          Largest block    Delta
        BANK0            000060-0000FF               A0
        BANK1            000100-0001FF              100
        BANK2            000200-0002FF              100
        BANK3            000300-0003FF              100
        BANK4            000400-0004FF              100
        BANK5            000500-0005FF              100
        BANK6            000600-0006FF              100
        BANK7            000700-0007FF              100
        BIGRAM           000046-0007FF              7BA
        BIGSFR           000F60-000FFF               A0
        CODE             000004-000007                4
                         000012-0007FF              7EE
                         00191B-00191B                1
                         00191E-007FFF             66E2
        COMRAM           000046-00005F               1A
        CONST            000004-000007                4
                         000012-0007FF              7EE
                         00191B-00191B                1
                         00191E-007FFF             66E2
        EEDATA           F00000-F000FF              100
        MEDIUMCONST      00191B-00191B                1
                         00191E-007FFF             66E2
        RAM              000060-0007FF              100
        SFR              000F60-000FFF               A0
        SMALLCONST       00191B-00191B                1
                         00191E-007FFF              100

                                  Symbol Table

?___awdiv                 cstackCOMRAM 000017
?___awmod                 cstackCOMRAM 000017
?___wmul                  cstackCOMRAM 000001
?i2___awdiv               cstackCOMRAM 000001
?i2___awmod               cstackCOMRAM 000001
ComandoLCD@a              cstackCOMRAM 00001B
ConfiguraLCD@a            cstackCOMRAM 000017
DireccionaLCD@a           cstackCOMRAM 00001B
EnviaDato@a               cstackCOMRAM 00001A
EscribeLCD_c@a            cstackCOMRAM 00001B
EscribeLCD_n8@a           cstackCOMRAM 000023
EscribeLCD_n8@b           cstackCOMRAM 00001F
EscribeLCD_n8@centena     cstackCOMRAM 000020
EscribeLCD_n8@decena      cstackCOMRAM 000021
EscribeLCD_n8@unidad      cstackCOMRAM 000022
MensajeLCD_Var@a          cstackCOMRAM 00001C
RetardoLCD@a              cstackCOMRAM 000018
_ADCON1                   (abs)        000FC1
_BorraLCD                 text18       0018C8
_CaracterCara             text15       0012D0
_CaracterQbert            text14       00125E
_ComandoLCD               text16       001744
_ConfiguraLCD             text13       001858
_CursorAInicio            text17       00191C
_DireccionaLCD            text11       001886
_EnviaDato                text19       00156C
_EscribeLCD_c             text7        001870
_EscribeLCD_n8            text8        000C6A
_GIE                      (abs)        007F97
_HabilitaLCD              text21       0018F0
_ISR                      intcode      000008
_InicializaLCD            text12       000FCE
_LATA1                    (abs)        007C49
_LATA3                    (abs)        007C4B
_LATA4                    (abs)        007C4C
_LATA5                    (abs)        007C4D
_LATB                     (abs)        000F8A
_LATD                     (abs)        000F8C
_LATD1                    (abs)        007C61
_LATE0                    (abs)        007C68
_LATE1                    (abs)        007C69
_LATE2                    (abs)        007C6A
_MensajeLCD_Var           text6        001776
_PORTB                    (abs)        000F81
_PORTCbits                (abs)        000F82
_RB4                      (abs)        007C0C
_RB5                      (abs)        007C0D
_RB6                      (abs)        007C0E
_RB7                      (abs)        007C0F
_RBIE                     (abs)        007F93
_RBIF                     (abs)        007F90
_RBPU                     (abs)        007F8F
_RGB                      text5        00116E
_RetardoLCD               text20       001476
_SEG                      text4        00190C
_T0CON                    (abs)        000FD5
_TMR0                     (abs)        000FD6
_TMR0IE                   (abs)        007F95
_TMR0IF                   (abs)        007F92
_TMR0ON                   (abs)        007EAF
_TRISA                    (abs)        000F92
_TRISB                    (abs)        000F93
_TRISC1                   (abs)        007CA1
_TRISD                    (abs)        000F95
_TRISE0                   (abs)        007CB0
_TRISE1                   (abs)        007CB1
_TRISE2                   (abs)        007CB2
_Tecla                    bssCOMRAM    000041
__HRAM                    (abs)        000000
__H__absolute__           __absolute__ 000000
__Habs1                   abs1         000000
__Hbank0                  bank0        000000
__Hbank1                  bank1        000000
__Hbank2                  bank2        000000
__Hbank3                  bank3        000000
__Hbank4                  bank4        000000
__Hbank5                  bank5        000000
__Hbank6                  bank6        000000
__Hbank7                  bank7        000000
__Hbigbss                 bigbss       000000
__Hbigdata                bigdata      000000
__Hbigram                 bigram       000000
__Hbigsfr                 bigsfr       000000
__Hbss                    bss          000000
__HbssCOMRAM              bssCOMRAM    000000
__Hcinit                  cinit        000000
__Hclrtext                clrtext      000000
__Hcomram                 comram       000000
__Hconfig                 config       30000E
__Hconst                  const        000000
__HcstackCOMRAM           cstackCOMRAM 000000
__Hdata                   data         000000
__HdataCOMRAM             dataCOMRAM   000000
__Heeprom_data            eeprom_data  000000
__Hfarbss                 farbss       000000
__Hfardata                fardata      000000
__Hheap                   heap         000000
__Hibigdata               ibigdata     000000
__Hidata                  idata        000000
__HidataCOMRAM            idataCOMRAM  000000
__Hidloc                  idloc        200008
__Hifardata               ifardata     000000
__Hinit                   init         000012
__Hintcode                intcode      00000E
__Hintcode_body           intcode_body 000000
__Hintcodelo              intcodelo    00000E
__Hintentry               intentry     000000
__Hintret                 intret       000000
__Hintsave_regs           intsave_regs 000000
__Hirdata                 irdata       000000
__Hmediumconst            mediumconst  000000
__HnvFARRAM               nvFARRAM     000000
__Hnvbit                  nvbit        000000
__Hnvrram                 nvrram       000000
__Hparam                  rparam       000000
__Hpowerup                powerup      00000E
__Hram                    ram          000000
__Hramtop                 ramtop       000800
__Hrbit                   rbit         000000
__Hrbss                   rbss         000000
__Hrdata                  rdata        000000
__Hreset_vec              reset_vec    000004
__Hrparam                 rparam       000000
__Hsfr                    sfr          000000
__Hsivt_hi                sivt_hi      000000
__Hsivt_lo                sivt_lo      000000
__Hsmallconst             smallconst   000868
__Hspace_0                (abs)        00191E
__Hspace_1                (abs)        000046
__Hspace_2                (abs)        000000
__Hspace_4                (abs)        60000E
__Hstack                  stack        000000
__Hstruct                 struct       000000
__Htemp                   temp         000046
__Htext                   text         000000
__Htext0                  text0        000000
__Htext1                  text1        000000
__Htext10                 text10       000000
__Htext11                 text11       000000
__Htext12                 text12       000000
__Htext13                 text13       000000
__Htext14                 text14       000000
__Htext15                 text15       000000
__Htext16                 text16       000000
__Htext17                 text17       000000
__Htext18                 text18       000000
__Htext19                 text19       000000
__Htext2                  text2        000000
__Htext20                 text20       000000
__Htext21                 text21       000000
__Htext23                 text23       000000
__Htext24                 text24       000000
__Htext25                 text25       000000
__Htext26                 text26       000000
__Htext27                 text27       000000
__Htext28                 text28       000000
__Htext29                 text29       000000
__Htext3                  text3        000000
__Htext30                 text30       000000
__Htext31                 text31       000000
__Htext32                 text32       000000
__Htext33                 text33       000000
__Htext34                 text34       000000
__Htext35                 text35       000000
__Htext36                 text36       000000
__Htext37                 text37       000000
__Htext38                 text38       000000
__Htext39                 text39       000000
__Htext4                  text4        000000
__Htext40                 text40       000000
__Htext41                 text41       000000
__Htext42                 text42       000000
__Htext43                 text43       000000
__Htext44                 text44       000000
__Htext45                 text45       000000
__Htext5                  text5        000000
__Htext6                  text6        000000
__Htext7                  text7        000000
__Htext8                  text8        000000
__Htext9                  text9        000000
__LRAM                    (abs)        000001
__L__absolute__           __absolute__ 000000
__Labs1                   abs1         000000
__Lbank0                  bank0        000000
__Lbank1                  bank1        000000
__Lbank2                  bank2        000000
__Lbank3                  bank3        000000
__Lbank4                  bank4        000000
__Lbank5                  bank5        000000
__Lbank6                  bank6        000000
__Lbank7                  bank7        000000
__Lbigbss                 bigbss       000000
__Lbigdata                bigdata      000000
__Lbigram                 bigram       000000
__Lbigsfr                 bigsfr       000000
__Lbss                    bss          000000
__LbssCOMRAM              bssCOMRAM    000000
__Lcinit                  cinit        000000
__Lclrtext                clrtext      000000
__Lcomram                 comram       000000
__Lconfig                 config       000000
__Lconst                  const        000000
__LcstackCOMRAM           cstackCOMRAM 000000
__Ldata                   data         000000
__LdataCOMRAM             dataCOMRAM   000000
__Leeprom_data            eeprom_data  000000
__Lfarbss                 farbss       000000
__Lfardata                fardata      000000
__Lheap                   heap         000000
__Libigdata               ibigdata     000000
__Lidata                  idata        000000
__LidataCOMRAM            idataCOMRAM  000000
__Lidloc                  idloc        000000
__Lifardata               ifardata     000000
__Linit                   init         00000E
__Lintcode                intcode      000008
__Lintcode_body           intcode_body 000000
__Lintcodelo              intcodelo    00000E
__Lintentry               intentry     000000
__Lintret                 intret       000000
__Lintsave_regs           intsave_regs 000000
__Lirdata                 irdata       000000
__Lmediumconst            mediumconst  000000
__LnvFARRAM               nvFARRAM     000000
__Lnvbit                  nvbit        000000
__Lnvrram                 nvrram       000000
__Lparam                  rparam       000000
__Lpowerup                powerup      00000E
__Lram                    ram          000000
__Lramtop                 ramtop       000800
__Lrbit                   rbit         000000
__Lrbss                   rbss         000000
__Lrdata                  rdata        000000
__Lreset_vec              reset_vec    000000
__Lrparam                 rparam       000000
__Lsfr                    sfr          000000
__Lsivt_hi                sivt_hi      000000
__Lsivt_lo                sivt_lo      000000
__Lsmallconst             smallconst   000800
__Lspace_0                (abs)        000000
__Lspace_1                (abs)        000000
__Lspace_2                (abs)        000000
__Lspace_4                (abs)        000000
__Lstack                  stack        000000
__Lstruct                 struct       000000
__Ltemp                   temp         000045
__Ltext                   text         000000
__Ltext0                  text0        000000
__Ltext1                  text1        000000
__Ltext10                 text10       000000
__Ltext11                 text11       000000
__Ltext12                 text12       000000
__Ltext13                 text13       000000
__Ltext14                 text14       000000
__Ltext15                 text15       000000
__Ltext16                 text16       000000
__Ltext17                 text17       000000
__Ltext18                 text18       000000
__Ltext19                 text19       000000
__Ltext2                  text2        000000
__Ltext20                 text20       000000
__Ltext21                 text21       000000
__Ltext23                 text23       000000
__Ltext24                 text24       000000
__Ltext25                 text25       000000
__Ltext26                 text26       000000
__Ltext27                 text27       000000
__Ltext28                 text28       000000
__Ltext29                 text29       000000
__Ltext3                  text3        000000
__Ltext30                 text30       000000
__Ltext31                 text31       000000
__Ltext32                 text32       000000
__Ltext33                 text33       000000
__Ltext34                 text34       000000
__Ltext35                 text35       000000
__Ltext36                 text36       000000
__Ltext37                 text37       000000
__Ltext38                 text38       000000
__Ltext39                 text39       000000
__Ltext4                  text4        000000
__Ltext40                 text40       000000
__Ltext41                 text41       000000
__Ltext42                 text42       000000
__Ltext43                 text43       000000
__Ltext44                 text44       000000
__Ltext45                 text45       000000
__Ltext5                  text5        000000
__Ltext6                  text6        000000
__Ltext7                  text7        000000
__Ltext8                  text8        000000
__Ltext9                  text9        000000
__S0                      (abs)        00191E
__S1                      (abs)        000046
__S4                      (abs)        000000
__S5                      (abs)        000000
___awdiv                  text3        00106A
___awdiv@counter          cstackCOMRAM 00001B
___awdiv@dividend         cstackCOMRAM 000017
___awdiv@divisor          cstackCOMRAM 000019
___awdiv@quotient         cstackCOMRAM 00001D
___awdiv@sign             cstackCOMRAM 00001C
___awmod                  text2        001342
___awmod@counter          cstackCOMRAM 00001B
___awmod@dividend         cstackCOMRAM 000017
___awmod@divisor          cstackCOMRAM 000019
___awmod@sign             cstackCOMRAM 00001C
___heap_hi                (abs)        000000
___heap_lo                (abs)        000000
___inthi_sp               stack        000000
___inthi_stack_hi         stack        000000
___inthi_stack_lo         stack        000000
___intlo_sp               stack        000000
___intlo_stack_hi         stack        000000
___intlo_stack_lo         stack        000000
___lbdiv                  text10       00166C
___lbdiv@counter          cstackCOMRAM 00001D
___lbdiv@dividend         cstackCOMRAM 00001C
___lbdiv@divisor          cstackCOMRAM 00001B
___lbdiv@quotient         cstackCOMRAM 00001E
___lbmod                  text9        00179E
___lbmod@counter          cstackCOMRAM 000019
___lbmod@dividend         cstackCOMRAM 000018
___lbmod@divisor          cstackCOMRAM 000017
___lbmod@rem              cstackCOMRAM 00001A
___param_bank             (abs)        000000
___rparam_used            (abs)        000001
___sp                     stack        000000
___stack_hi               stack        000000
___stack_lo               stack        000000
___wmul                   text36       001816
___wmul@multiplicand      cstackCOMRAM 000003
___wmul@multiplier        cstackCOMRAM 000001
___wmul@product           cstackCOMRAM 000005
__accesstop               (abs)        000060
__activetblptr            (abs)        000002
__end_of_BorraLCD         text18       0018DC
__end_of_CaracterCara     text15       001342
__end_of_CaracterQbert    text14       0012D0
__end_of_ComandoLCD       text16       001776
__end_of_ConfiguraLCD     text13       001870
__end_of_CursorAInicio    text17       00191E
__end_of_DireccionaLCD    text11       00189C
__end_of_EnviaDato        text19       0015B2
__end_of_EscribeLCD_c     text7        001886
__end_of_EscribeLCD_n8    text8        000D50
__end_of_HabilitaLCD      text21       0018FE
__end_of_ISR              intcode_body 0009E4
__end_of_InicializaLCD    text12       00106A
__end_of_MensajeLCD_Var   text6        00179E
__end_of_RGB              text5        0011E6
__end_of_RetardoLCD       text20       0014CC
__end_of_SEG              text4        001912
__end_of___awdiv          text3        0010EC
__end_of___awmod          text2        0013B0
__end_of___lbdiv          text10       0016A4
__end_of___lbmod          text9        0017C6
__end_of___wmul           text36       00183C
__end_of__initialization  cinit        00165E
__end_of_borrarTexto      text34       001710
__end_of_contador         text1        000F02
__end_of_escribirDig      text41       00156C
__end_of_fin              text37       001634
__end_of_luzFondo         text35       001744
__end_of_main             text0        000B3E
__end_of_ok               text25       000C6A
__end_of_parEmerg         text24       001858
__end_of_reiCon           text23       001476
__end_ofi2_BorraLCD       text40       0018F0
__end_ofi2_DireccionaLCD  text39       0018B2
__end_ofi2_EnviaDato      text43       0015F8
__end_ofi2_EscribeLCD_c   text42       0018C8
__end_ofi2_EscribeLCD_n8  text31       000E36
__end_ofi2_HabilitaLCD    text45       00190C
__end_ofi2_MensajeLCD_Var text38       001816
__end_ofi2_RGB            text30       00125E
__end_ofi2_RetardoLCD     text44       001522
__end_ofi2_SEG            text29       001918
__end_ofi2___awdiv        text28       00116E
__end_ofi2___awmod        text27       00141E
__end_ofi2___lbdiv        text33       0016DC
__end_ofi2___lbmod        text32       0017EE
__end_ofi2_contador       text26       000FCE
__initialization          cinit        001634
__mediumconst             mediumconst  000000
__pbssCOMRAM              bssCOMRAM    000026
__pcinit                  cinit        001634
__pcstackCOMRAM           cstackCOMRAM 000001
__pdataCOMRAM             dataCOMRAM   000042
__pidataCOMRAM            idataCOMRAM  001918
__pintcode                intcode      000008
__pintcode_body           intcode_body 000868
__psmallconst             smallconst   000800
__ptext0                  text0        0009E4
__ptext1                  text1        000E36
__ptext10                 text10       00166C
__ptext11                 text11       001886
__ptext12                 text12       000FCE
__ptext13                 text13       001858
__ptext14                 text14       00125E
__ptext15                 text15       0012D0
__ptext16                 text16       001744
__ptext17                 text17       00191C
__ptext18                 text18       0018C8
__ptext19                 text19       00156C
__ptext2                  text2        001342
__ptext20                 text20       001476
__ptext21                 text21       0018F0
__ptext23                 text23       00141E
__ptext24                 text24       00183C
__ptext25                 text25       000B3E
__ptext26                 text26       000F02
__ptext27                 text27       0013B0
__ptext28                 text28       0010EC
__ptext29                 text29       001912
__ptext3                  text3        00106A
__ptext30                 text30       0011E6
__ptext31                 text31       000D50
__ptext32                 text32       0017C6
__ptext33                 text33       0016A4
__ptext34                 text34       0016DC
__ptext35                 text35       001710
__ptext36                 text36       001816
__ptext37                 text37       0015F8
__ptext38                 text38       0017EE
__ptext39                 text39       00189C
__ptext4                  text4        00190C
__ptext40                 text40       0018DC
__ptext41                 text41       001522
__ptext42                 text42       0018B2
__ptext43                 text43       0015B2
__ptext44                 text44       0014CC
__ptext45                 text45       0018FE
__ptext5                  text5        00116E
__ptext6                  text6        001776
__ptext7                  text7        001870
__ptext8                  text8        000C6A
__ptext9                  text9        00179E
__ramtop                  ramtop       000800
__smallconst              smallconst   000800
_a                        bssCOMRAM    00002C
_b                        bssCOMRAM    00002A
_borrarTexto              text34       0016DC
_contador                 text1        000E36
_cuenMos                  bssCOMRAM    000040
_cuenObj                  bssCOMRAM    000028
_cuenta                   bssCOMRAM    000032
_d                        bssCOMRAM    00002E
_escribirDig              text41       001522
_fin                      text37       0015F8
_flagCont                 bssCOMRAM    000034
_flagDig                  bssCOMRAM    00003C
_flagEmergencia           bssCOMRAM    000038
_flagEscribir             bssCOMRAM    00003E
_flagFin                  bssCOMRAM    000036
_flagInicio               bssCOMRAM    00003A
_flagLuz                  dataCOMRAM   000042
_interfaz                 dataCOMRAM   000044
_luzFondo                 text35       001710
_main                     text0        0009E4
_ok                       text25       000B3E
_parEmerg                 text24       00183C
_piezFalt                 bssCOMRAM    000026
_reiCon                   text23       00141E
_u                        bssCOMRAM    000030
btemp                     temp         000045
end_of_initialization     cinit        00165E
escribirDig@lectura       cstackCOMRAM 000006
i2DireccionaLCD@a         cstackCOMRAM 000005
i2EnviaDato@a             cstackCOMRAM 000004
i2EscribeLCD_c@a          cstackCOMRAM 000005
i2EscribeLCD_n8@a         cstackCOMRAM 00000D
i2EscribeLCD_n8@b         cstackCOMRAM 000009
i2EscribeLCD_n8@centena   cstackCOMRAM 00000A
i2EscribeLCD_n8@decena    cstackCOMRAM 00000B
i2EscribeLCD_n8@unidad    cstackCOMRAM 00000C
i2MensajeLCD_Var@a        cstackCOMRAM 000006
i2RetardoLCD@a            cstackCOMRAM 000002
i2_BorraLCD               text40       0018DC
i2_DireccionaLCD          text39       00189C
i2_EnviaDato              text43       0015B2
i2_EscribeLCD_c           text42       0018B2
i2_EscribeLCD_n8          text31       000D50
i2_HabilitaLCD            text45       0018FE
i2_MensajeLCD_Var         text38       0017EE
i2_RGB                    text30       0011E6
i2_RetardoLCD             text44       0014CC
i2_SEG                    text29       001912
i2___awdiv                text28       0010EC
i2___awdiv@counter        cstackCOMRAM 000005
i2___awdiv@dividend       cstackCOMRAM 000001
i2___awdiv@divisor        cstackCOMRAM 000003
i2___awdiv@quotient       cstackCOMRAM 000007
i2___awdiv@sign           cstackCOMRAM 000006
i2___awmod                text27       0013B0
i2___awmod@counter        cstackCOMRAM 000005
i2___awmod@dividend       cstackCOMRAM 000001
i2___awmod@divisor        cstackCOMRAM 000003
i2___awmod@sign           cstackCOMRAM 000006
i2___lbdiv                text33       0016A4
i2___lbdiv@counter        cstackCOMRAM 000007
i2___lbdiv@dividend       cstackCOMRAM 000006
i2___lbdiv@divisor        cstackCOMRAM 000005
i2___lbdiv@quotient       cstackCOMRAM 000008
i2___lbmod                text32       0017C6
i2___lbmod@counter        cstackCOMRAM 000003
i2___lbmod@dividend       cstackCOMRAM 000002
i2___lbmod@divisor        cstackCOMRAM 000001
i2___lbmod@rem            cstackCOMRAM 000004
i2_contador               text26       000F02
int$flags                 temp         000045
int_func                  intcode_body 000868
intlevel0                 text         000000
intlevel1                 text         000000
intlevel2                 text         000000
intlevel3                 text         000000
isa$std                   (abs)        000001
isa$xinst                 (abs)        000000
stackhi                   (abs)        000000
stacklo                   (abs)        000000
start                     init         00000E
start_initialization      cinit        001634
ttemp5                    temp         000046
ttemp6                    temp         000049
ttemp7                    temp         00004D
wtemp8                    temp         000046


MODULE INFORMATION

Module		Function		Class		Link	Load	Size
C:\Program Files\Microchip\xc8\v2.50\pic\sources\c90\common\lbdiv.c
		___lbdiv       		CODE           	166C	0000	56

C:\Program Files\Microchip\xc8\v2.50\pic\sources\c90\common\lbdiv.c estimated size: 56

PruebaLCD.c
		_parEmerg      		CODE           	183C	0000	28
		_fin           		CODE           	15F8	0000	60
		_ISR           		CODE           	0008	0000	386
		_main          		CODE           	09E4	0000	346
		_RGB           		CODE           	116E	0000	120
		_SEG           		CODE           	190C	0000	6
		_ok            		CODE           	0B3E	0000	300
		_reiCon        		CODE           	141E	0000	88
		_contador      		CODE           	0E36	0000	204
		_escribirDig   		CODE           	1522	0000	74
		_luzFondo      		CODE           	1710	0000	52
		_borrarTexto   		CODE           	16DC	0000	52

PruebaLCD.c estimated size: 1716

C:\Program Files\Microchip\xc8\v2.50\pic\sources\c90\common\awmod.c
		___awmod       		CODE           	1342	0000	110

C:\Program Files\Microchip\xc8\v2.50\pic\sources\c90\common\awmod.c estimated size: 110

C:\Program Files\Microchip\xc8\v2.50\pic\sources\c90\common\Umul16.c
		___wmul        		CODE           	1816	0000	38

C:\Program Files\Microchip\xc8\v2.50\pic\sources\c90\common\Umul16.c estimated size: 38

shared
		i2_MensajeLCD_Var		CODE           	17EE	0000	40
		i2___lbdiv     		CODE           	16A4	0000	56
		i2_contador    		CODE           	0F02	0000	204
		i2___lbmod     		CODE           	17C6	0000	40
		i2_EscribeLCD_c		CODE           	18B2	0000	22
		i2_EnviaDato   		CODE           	15B2	0000	70
		i2___awdiv     		CODE           	10EC	0000	130
		i2_SEG         		CODE           	1912	0000	6
		i2_EscribeLCD_n8		CODE           	0D50	0000	230
		__initialization		CODE           	1634	0000	42
		i2_DireccionaLCD		CODE           	189C	0000	22
		i2_HabilitaLCD 		CODE           	18FE	0000	14
		i2___awmod     		CODE           	13B0	0000	110
		i2_BorraLCD    		CODE           	18DC	0000	20
		i2_RGB         		CODE           	11E6	0000	120
		i2_RetardoLCD  		CODE           	14CC	0000	86

shared estimated size: 1212

C:\Program Files\Microchip\xc8\v2.50\pic\sources\c90\common\lbmod.c
		___lbmod       		CODE           	179E	0000	40

C:\Program Files\Microchip\xc8\v2.50\pic\sources\c90\common\lbmod.c estimated size: 40

LibLCDXC9.h
		_DireccionaLCD 		CODE           	1886	0000	22
		_InicializaLCD 		CODE           	0FCE	0000	156
		_EnviaDato     		CODE           	156C	0000	70
		_CursorAInicio 		CODE           	191C	0000	2
		_MensajeLCD_Var		CODE           	1776	0000	40
		_CaracterCara  		CODE           	12D0	0000	114
		_EscribeLCD_c  		CODE           	1870	0000	22
		_CaracterQbert 		CODE           	125E	0000	114
		_HabilitaLCD   		CODE           	18F0	0000	14
		_EscribeLCD_n8 		CODE           	0C6A	0000	230
		_ConfiguraLCD  		CODE           	1858	0000	24
		_BorraLCD      		CODE           	18C8	0000	20
		_RetardoLCD    		CODE           	1476	0000	86
		_ComandoLCD    		CODE           	1744	0000	50

LibLCDXC9.h estimated size: 964

C:\Program Files\Microchip\xc8\v2.50\pic\sources\c90\common\awdiv.c
		___awdiv       		CODE           	106A	0000	130

C:\Program Files\Microchip\xc8\v2.50\pic\sources\c90\common\awdiv.c estimated size: 130

