Microchip MPLAB XC8 Compiler V2.50

Linker command line:

-W-3 \
  --edf=D:\Program Files\Microchip\xc8\v2.50\pic\dat\20240725155939_en.msgs \
  -cn -h+dist/default/production\Lab6SIMU.X.production.sym \
  --cmf=dist/default/production\Lab6SIMU.X.production.cmf -z -Q18F4550 \
  -oC:\Users\ASUSTU~1\AppData\Local\Temp\xcAsa8g.\driver_tmp_3.obj \
  -Mdist/default/production/Lab6SIMU.X.production.map \
  --md=C:\Users\ASUSTU~1\AppData\Local\Temp\xcAsa8g.\driver_tmp_0.dat -E1 \
  -ver=XC8 Compiler -ACODE=00h-07FFFh -ACONST=00h-07FFFh \
  -ASMALLCONST=0800h-08FFhx120 -AMEDIUMCONST=0800h-07FFFh -ACOMRAM=01h-05Fh \
  -AABS1=00h-07FFh -ABIGRAM=01h-07FFh -ARAM=060h-0FFh,0100h-01FFhx7 \
  -ABANK0=060h-0FFh -ABANK1=0100h-01FFh -ABANK2=0200h-02FFh \
  -ABANK3=0300h-03FFh -ABANK4=0400h-04FFh -ABANK5=0500h-05FFh \
  -ABANK6=0600h-06FFh -ABANK7=0700h-07FFh -ASFR=0F60h-0FFFh \
  -ABIGSFR=0F60h-0FFFh -ACONFIG=0300000h-030000Dh -AIDLOC=0200000h-0200007h \
  -AEEDATA=0F00000h-0F000FFh -peeprom_data=EEDATA \
  -preset_vec=00h,intcode=8h,intcodelo,powerup,init -pramtop=0800h \
  -psmallconst=SMALLCONST -pmediumconst=MEDIUMCONST -pconst=CONST \
  -AFARRAM=00h-00h \
  -prdata=COMRAM,nvrram=COMRAM,nvbit=COMRAM,rbss=COMRAM,rbit=COMRAM \
  -pfarbss=FARRAM,fardata=FARRAM,nvFARRAM=FARRAM \
  -pintsave_regs=BIGRAM,bigbss=BIGRAM,bigdata=BIGRAM -pbss=RAM \
  -pidata=CODE,irdata=CODE,ibigdata=CODE,ifardata=CODE -prparam=COMRAM \
  C:\Users\ASUSTU~1\AppData\Local\Temp\xcAsa8g.\driver_tmp_9.obj \
  dist/default/production\Lab6SIMU.X.production.obj 

Object code version is 3.11

Machine type is 18F4550



                Name                               Link     Load   Length Selector   Space Scale
C:\Users\ASUSTU~1\AppData\Local\Temp\xcAsa8g.\driver_tmp_9.obj
                idloc                            200000   200000        8        0       5
                config                           300000   300000        E        0       4
                init                                  E        E        4        4       0
                reset_vec                             0        0        4        0       0
dist/default/production\Lab6SIMU.X.production.obj
                intcode                               8        8        6        4       0
                idloc                            200000   200000        8        0       5
                config                           300000   300000        E        0       4
                temp                                 3F       3F        1        1       1
                smallconst                          800      800       A2      400       0
                text41                             1AEC     1AEC       20      451       0
                text40                             1BD4     1BD4        C      451       0
                text39                             1882     1882       52      451       0
                text38                             1316     1316       AE      451       0
                text37                             1A14     1A14       36      451       0
                text36                             1244     1244       D2      451       0
                text35                             1460     1460       82      451       0
                text34                             15C2     15C2       6E      451       0
                text33                             1172     1172       D2      451       0
                text32                             1BC6     1BC6        E      451       0
                text31                             16E0     16E0       56      451       0
                text30                             1920     1920       4C      451       0
                text29                             1B66     1B66       16      451       0
                text28                             1B50     1B50       16      451       0
                text27                             19DC     19DC       38      451       0
                text26                             1AC4     1AC4       28      451       0
                text25                             108C     108C       E6      451       0
                text24                             1830     1830       52      451       0
                text23                             1552     1552       70      451       0
                text22                             178A     178A       54      451       0
                intcode_body                        8A2      8A2      372      451       0
                text20                             1B0C     1B0C       18      451       0
                text19                             1BB8     1BB8        E      451       0
                text18                             168A     168A       56      451       0
                text17                             18D4     18D4       4C      451       0
                text16                             1630     1630       5A      451       0
                text15                             1B3A     1B3A       16      451       0
                text14                             1B24     1B24       16      451       0
                text13                             1BA4     1BA4       14      451       0
                text12                             13C4     13C4       9C      451       0
                text11                             1B90     1B90       14      451       0
                text10                             1B7C     1B7C       14      451       0
                text9                               E82      E82      10A      451       0
                text8                              1A9C     1A9C       28      451       0
                text7                              1A4A     1A4A       2A      451       0
                text6                              19A4     19A4       38      451       0
                text5                              1A74     1A74       28      451       0
                text4                               F8C      F8C      100      451       0
                text3                              17DE     17DE       52      451       0
                text2                              14E2     14E2       70      451       0
                text1                              1736     1736       54      451       0
                text0                               C14      C14      26E      451       0
                cstackCOMRAM                          1        1       29        1       1
                cstackBANK0                          60       60        7       60       1
                dataCOMRAM                           3C       3C        3        1       1
                bssCOMRAM                            2A       2A       12        1       1
                cinit                              196C     196C       38      451       0
                idataCOMRAM                        1BE0     1BE0        3      451       0

TOTAL           Name                               Link     Load   Length     Space
        CLASS   CODE           
                intcode                               8        8        6         0
                init                                  E        E        4         0
                reset_vec                             0        0        4         0
                text41                             1AEC     1AEC       20         0
                text40                             1BD4     1BD4        C         0
                text39                             1882     1882       52         0
                text38                             1316     1316       AE         0
                text37                             1A14     1A14       36         0
                text36                             1244     1244       D2         0
                text35                             1460     1460       82         0
                text34                             15C2     15C2       6E         0
                text33                             1172     1172       D2         0
                text32                             1BC6     1BC6        E         0
                text31                             16E0     16E0       56         0
                text30                             1920     1920       4C         0
                text29                             1B66     1B66       16         0
                text28                             1B50     1B50       16         0
                text27                             19DC     19DC       38         0
                text26                             1AC4     1AC4       28         0
                text25                             108C     108C       E6         0
                text24                             1830     1830       52         0
                text23                             1552     1552       70         0
                text22                             178A     178A       54         0
                intcode_body                        8A2      8A2      372         0
                text20                             1B0C     1B0C       18         0
                text19                             1BB8     1BB8        E         0
                text18                             168A     168A       56         0
                text17                             18D4     18D4       4C         0
                text16                             1630     1630       5A         0
                text15                             1B3A     1B3A       16         0
                text14                             1B24     1B24       16         0
                text13                             1BA4     1BA4       14         0
                text12                             13C4     13C4       9C         0
                text11                             1B90     1B90       14         0
                text10                             1B7C     1B7C       14         0
                text9                               E82      E82      10A         0
                text8                              1A9C     1A9C       28         0
                text7                              1A4A     1A4A       2A         0
                text6                              19A4     19A4       38         0
                text5                              1A74     1A74       28         0
                text4                               F8C      F8C      100         0
                text3                              17DE     17DE       52         0
                text2                              14E2     14E2       70         0
                text1                              1736     1736       54         0
                text0                               C14      C14      26E         0
                cinit                              196C     196C       38         0
                idataCOMRAM                        1BE0     1BE0        3         0

        CLASS   CONST          

        CLASS   SMALLCONST     
                smallconst                          800      800       A2         0

        CLASS   MEDIUMCONST    

        CLASS   COMRAM         
                temp                                 3F       3F        1         1
                cstackCOMRAM                          1        1       29         1
                dataCOMRAM                           3C       3C        3         1
                bssCOMRAM                            2A       2A       12         1

        CLASS   ABS1           

        CLASS   BIGRAM         

        CLASS   RAM            

        CLASS   BANK0          
                cstackBANK0                          60       60        7         1

        CLASS   BANK1          

        CLASS   BANK2          

        CLASS   BANK3          

        CLASS   BANK4          

        CLASS   BANK5          

        CLASS   BANK6          

        CLASS   BANK7          

        CLASS   SFR            

        CLASS   BIGSFR         

        CLASS   CONFIG         
                config                           300000   300000        E         4

        CLASS   IDLOC          
                idloc                            200000   200000        8         5

        CLASS   EEDATA         

        CLASS   FARRAM         

        CLASS   HEAP           

        CLASS   STACK          



SEGMENTS        Name                           Load    Length   Top    Selector   Space  Class

                reset_vec                      000000  000004  000004         0       0  CODE    
                cstackCOMRAM                   000001  00003F  000040         1       1  COMRAM  
                intcode                        000008  00000A  000012         4       0  CODE    
                cstackBANK0                    000060  000007  000067        60       1  BANK0   
                smallconst                     000800  0000A2  0008A2       400       0  SMALLCON
                intcode_body                   0008A2  001341  001BE3       451       0  CODE    


UNUSED ADDRESS RANGES

        Name                Unused          Largest block    Delta
        BANK0            000067-0000FF               99
        BANK1            000100-0001FF              100
        BANK2            000200-0002FF              100
        BANK3            000300-0003FF              100
        BANK4            000400-0004FF              100
        BANK5            000500-0005FF              100
        BANK6            000600-0006FF              100
        BANK7            000700-0007FF              100
        BIGRAM           000040-00005F               20
                         000067-0007FF              799
        BIGSFR           000F60-000FFF               A0
        CODE             000004-000007                4
                         000012-0007FF              7EE
                         001BE3-007FFF             641D
        COMRAM           000040-00005F               20
        CONST            000004-000007                4
                         000012-0007FF              7EE
                         001BE3-007FFF             641D
        EEDATA           F00000-F000FF              100
        MEDIUMCONST      001BE3-007FFF             641D
        RAM              000067-0007FF              100
        SFR              000F60-000FFF               A0
        SMALLCONST       001BE3-007FFF              100

                                  Symbol Table

?___awdiv                 cstackCOMRAM 000001
?___awmod                 cstackCOMRAM 000001
?___awtoft                cstackCOMRAM 000009
?___ftpack                cstackCOMRAM 000001
?___fttol                 cstackCOMRAM 000001
?___lwdiv                 cstackCOMRAM 000021
?i2___lwdiv               cstackCOMRAM 000001
Bienvenida@max_pos        cstackBANK0  000060
Bienvenida@pos            cstackBANK0  000061
ConfiguraLCD@a            cstackCOMRAM 000021
ConversionADC@canal       cstackCOMRAM 000001
CrearCaracter@data        cstackCOMRAM 000025
CrearCaracter@i           cstackCOMRAM 000028
CrearCaracter@pos         cstackCOMRAM 000027
DireccionaLCD@a           cstackCOMRAM 000025
EnviaDato@a               cstackCOMRAM 000024
EscribeLCD_c@a            cstackCOMRAM 000025
EscribeLCD_n8@a           cstackBANK0  000063
EscribeLCD_n8@b           cstackCOMRAM 000029
EscribeLCD_n8@centena     cstackBANK0  000060
EscribeLCD_n8@decena      cstackBANK0  000061
EscribeLCD_n8@unidad      cstackBANK0  000062
ISR@d                     cstackCOMRAM 00001A
ISR@dis                   cstackCOMRAM 000020
ISR@numAscii              cstackCOMRAM 00001A
ISR@valADC                cstackCOMRAM 00001D
ISR@valPWM                cstackCOMRAM 00001E
MedirDistancia@aux        cstackCOMRAM 000028
MensajeLCD_Var@a          cstackCOMRAM 000026
RetardoLCD@a              cstackCOMRAM 000022
Transmitir@BufferT        cstackCOMRAM 000001
TransmitirVar@buffer      cstackCOMRAM 000002
_ADCON0                   (abs)        000FC2
_ADCON1                   (abs)        000FC1
_ADCON2                   (abs)        000FC0
_ADRESH                   (abs)        000FC4
_Actual_sensor            bssCOMRAM    00002B
_BAUDCON                  (abs)        000FB8
_Bienvenida               text9        000E82
_BorraLCD                 text13       001BA4
_CCP1CON                  (abs)        000FBD
_CCP2CON                  (abs)        000FBA
_CCP2IF                   (abs)        007D08
_CCPR1L                   (abs)        000FBE
_CCPR2                    (abs)        000FBB
_ConfiguraLCD             text20       001B0C
_ConversionADC            text41       001AEC
_CrearCaracter            text16       001630
_DireccionaLCD            text15       001B3A
_Emergencia               text7        001A4A
_EnviaDato                text17       0018D4
_EscribeLCD_c             text14       001B24
_EscribeLCD_n8            text4        000F8C
_FIN                      dataCOMRAM   00003C
_GIE                      (abs)        007F97
_GO                       (abs)        007E11
_HabilitaLCD              text19       001BB8
_ISR                      intcode      000008
_InicializaLCD            text12       0013C4
_Iniciarpregunta          bssCOMRAM    000034
_LATA                     (abs)        000F89
_LATA1                    (abs)        007C49
_LATA2                    (abs)        007C4A
_LATA3                    (abs)        007C4B
_LATA4                    (abs)        007C4C
_LATA5                    (abs)        007C4D
_LATB                     (abs)        000F8A
_LATC                     (abs)        000F8B
_LATD                     (abs)        000F8C
_LATE                     (abs)        000F8D
_MedirDistancia           text2        0014E2
_MensajeLCD_Var           text8        001A9C
_MostrarCursorLCD         text11       001B90
_MostrarNumeros           text1        001736
_OcultarCursorLCD         text10       001B7C
_PORTB                    (abs)        000F81
_PR2                      (abs)        000FCB
_RB4                      (abs)        007C0C
_RB5                      (abs)        007C0D
_RB6                      (abs)        007C0E
_RB7                      (abs)        007C0F
_RBIE                     (abs)        007F93
_RBIF                     (abs)        007F90
_RBPU                     (abs)        007F8F
_RC0                      (abs)        007C10
_RC1                      (abs)        007C11
_RCSTA                    (abs)        000FAB
_RI                       (abs)        007E84
_RetardoLCD               text18       00168A
_SPBRG                    (abs)        000FAF
_T0CON                    (abs)        000FD5
_T1CON                    (abs)        000FCD
_T2CON                    (abs)        000FCA
_TMR0                     (abs)        000FD6
_TMR0IE                   (abs)        007F95
_TMR0IF                   (abs)        007F92
_TMR0ON                   (abs)        007EAF
_TMR1                     (abs)        000FCE
_TMR1IF                   (abs)        007CF0
_TMR1ON                   (abs)        007E68
_TMR2                     (abs)        000FCC
_TMR2ON                   (abs)        007E52
_TRISA                    (abs)        000F92
_TRISB                    (abs)        000F93
_TRISC0                   (abs)        007CA0
_TRISC2                   (abs)        007CA2
_TRISD                    (abs)        000F95
_TRISE                    (abs)        000F96
_TRMT                     (abs)        007D61
_TXREG                    (abs)        000FAD
_TXSTA                    (abs)        000FAC
_Tecla                    bssCOMRAM    00003B
_Transmitir               text40       001BD4
_TransmitirVar            text39       001882
__HRAM                    (abs)        000000
__H__absolute__           __absolute__ 000000
__Habs1                   abs1         000000
__Hbank0                  bank0        000000
__Hbank1                  bank1        000000
__Hbank2                  bank2        000000
__Hbank3                  bank3        000000
__Hbank4                  bank4        000000
__Hbank5                  bank5        000000
__Hbank6                  bank6        000000
__Hbank7                  bank7        000000
__Hbigbss                 bigbss       000000
__Hbigdata                bigdata      000000
__Hbigram                 bigram       000000
__Hbigsfr                 bigsfr       000000
__Hbss                    bss          000000
__HbssCOMRAM              bssCOMRAM    000000
__Hcinit                  cinit        000000
__Hclrtext                clrtext      000000
__Hcomram                 comram       000000
__Hconfig                 config       30000E
__Hconst                  const        000000
__HcstackBANK0            cstackBANK0  000000
__HcstackCOMRAM           cstackCOMRAM 000000
__Hdata                   data         000000
__HdataCOMRAM             dataCOMRAM   000000
__Heeprom_data            eeprom_data  000000
__Hfarbss                 farbss       000000
__Hfardata                fardata      000000
__Hheap                   heap         000000
__Hibigdata               ibigdata     000000
__Hidata                  idata        000000
__HidataCOMRAM            idataCOMRAM  000000
__Hidloc                  idloc        200008
__Hifardata               ifardata     000000
__Hinit                   init         000012
__Hintcode                intcode      00000E
__Hintcode_body           intcode_body 000000
__Hintcodelo              intcodelo    00000E
__Hintentry               intentry     000000
__Hintret                 intret       000000
__Hintsave_regs           intsave_regs 000000
__Hirdata                 irdata       000000
__Hmediumconst            mediumconst  000000
__HnvFARRAM               nvFARRAM     000000
__Hnvbit                  nvbit        000000
__Hnvrram                 nvrram       000000
__Hparam                  rparam       000000
__Hpowerup                powerup      00000E
__Hram                    ram          000000
__Hramtop                 ramtop       000800
__Hrbit                   rbit         000000
__Hrbss                   rbss         000000
__Hrdata                  rdata        000000
__Hreset_vec              reset_vec    000004
__Hrparam                 rparam       000000
__Hsfr                    sfr          000000
__Hsivt_hi                sivt_hi      000000
__Hsivt_lo                sivt_lo      000000
__Hsmallconst             smallconst   0008A2
__Hspace_0                (abs)        001BE3
__Hspace_1                (abs)        000067
__Hspace_2                (abs)        000000
__Hspace_4                (abs)        60000E
__Hstack                  stack        000000
__Hstruct                 struct       000000
__Htemp                   temp         000040
__Htext                   text         000000
__Htext0                  text0        000000
__Htext1                  text1        000000
__Htext10                 text10       000000
__Htext11                 text11       000000
__Htext12                 text12       000000
__Htext13                 text13       000000
__Htext14                 text14       000000
__Htext15                 text15       000000
__Htext16                 text16       000000
__Htext17                 text17       000000
__Htext18                 text18       000000
__Htext19                 text19       000000
__Htext2                  text2        000000
__Htext20                 text20       000000
__Htext22                 text22       000000
__Htext23                 text23       000000
__Htext24                 text24       000000
__Htext25                 text25       000000
__Htext26                 text26       000000
__Htext27                 text27       000000
__Htext28                 text28       000000
__Htext29                 text29       000000
__Htext3                  text3        000000
__Htext30                 text30       000000
__Htext31                 text31       000000
__Htext32                 text32       000000
__Htext33                 text33       000000
__Htext34                 text34       000000
__Htext35                 text35       000000
__Htext36                 text36       000000
__Htext37                 text37       000000
__Htext38                 text38       000000
__Htext39                 text39       000000
__Htext4                  text4        000000
__Htext40                 text40       000000
__Htext41                 text41       000000
__Htext5                  text5        000000
__Htext6                  text6        000000
__Htext7                  text7        000000
__Htext8                  text8        000000
__Htext9                  text9        000000
__LRAM                    (abs)        000001
__L__absolute__           __absolute__ 000000
__Labs1                   abs1         000000
__Lbank0                  bank0        000000
__Lbank1                  bank1        000000
__Lbank2                  bank2        000000
__Lbank3                  bank3        000000
__Lbank4                  bank4        000000
__Lbank5                  bank5        000000
__Lbank6                  bank6        000000
__Lbank7                  bank7        000000
__Lbigbss                 bigbss       000000
__Lbigdata                bigdata      000000
__Lbigram                 bigram       000000
__Lbigsfr                 bigsfr       000000
__Lbss                    bss          000000
__LbssCOMRAM              bssCOMRAM    000000
__Lcinit                  cinit        000000
__Lclrtext                clrtext      000000
__Lcomram                 comram       000000
__Lconfig                 config       000000
__Lconst                  const        000000
__LcstackBANK0            cstackBANK0  000000
__LcstackCOMRAM           cstackCOMRAM 000000
__Ldata                   data         000000
__LdataCOMRAM             dataCOMRAM   000000
__Leeprom_data            eeprom_data  000000
__Lfarbss                 farbss       000000
__Lfardata                fardata      000000
__Lheap                   heap         000000
__Libigdata               ibigdata     000000
__Lidata                  idata        000000
__LidataCOMRAM            idataCOMRAM  000000
__Lidloc                  idloc        000000
__Lifardata               ifardata     000000
__Linit                   init         00000E
__Lintcode                intcode      000008
__Lintcode_body           intcode_body 000000
__Lintcodelo              intcodelo    00000E
__Lintentry               intentry     000000
__Lintret                 intret       000000
__Lintsave_regs           intsave_regs 000000
__Lirdata                 irdata       000000
__Lmediumconst            mediumconst  000000
__LnvFARRAM               nvFARRAM     000000
__Lnvbit                  nvbit        000000
__Lnvrram                 nvrram       000000
__Lparam                  rparam       000000
__Lpowerup                powerup      00000E
__Lram                    ram          000000
__Lramtop                 ramtop       000800
__Lrbit                   rbit         000000
__Lrbss                   rbss         000000
__Lrdata                  rdata        000000
__Lreset_vec              reset_vec    000000
__Lrparam                 rparam       000000
__Lsfr                    sfr          000000
__Lsivt_hi                sivt_hi      000000
__Lsivt_lo                sivt_lo      000000
__Lsmallconst             smallconst   000800
__Lspace_0                (abs)        000000
__Lspace_1                (abs)        000000
__Lspace_2                (abs)        000000
__Lspace_4                (abs)        000000
__Lstack                  stack        000000
__Lstruct                 struct       000000
__Ltemp                   temp         00003F
__Ltext                   text         000000
__Ltext0                  text0        000000
__Ltext1                  text1        000000
__Ltext10                 text10       000000
__Ltext11                 text11       000000
__Ltext12                 text12       000000
__Ltext13                 text13       000000
__Ltext14                 text14       000000
__Ltext15                 text15       000000
__Ltext16                 text16       000000
__Ltext17                 text17       000000
__Ltext18                 text18       000000
__Ltext19                 text19       000000
__Ltext2                  text2        000000
__Ltext20                 text20       000000
__Ltext22                 text22       000000
__Ltext23                 text23       000000
__Ltext24                 text24       000000
__Ltext25                 text25       000000
__Ltext26                 text26       000000
__Ltext27                 text27       000000
__Ltext28                 text28       000000
__Ltext29                 text29       000000
__Ltext3                  text3        000000
__Ltext30                 text30       000000
__Ltext31                 text31       000000
__Ltext32                 text32       000000
__Ltext33                 text33       000000
__Ltext34                 text34       000000
__Ltext35                 text35       000000
__Ltext36                 text36       000000
__Ltext37                 text37       000000
__Ltext38                 text38       000000
__Ltext39                 text39       000000
__Ltext4                  text4        000000
__Ltext40                 text40       000000
__Ltext41                 text41       000000
__Ltext5                  text5        000000
__Ltext6                  text6        000000
__Ltext7                  text7        000000
__Ltext8                  text8        000000
__Ltext9                  text9        000000
__S0                      (abs)        001BE3
__S1                      (abs)        000067
__S4                      (abs)        000000
__S5                      (abs)        000000
___awdiv                  text35       001460
___awdiv@counter          cstackCOMRAM 000005
___awdiv@dividend         cstackCOMRAM 000001
___awdiv@divisor          cstackCOMRAM 000003
___awdiv@quotient         cstackCOMRAM 000007
___awdiv@sign             cstackCOMRAM 000006
___awmod                  text34       0015C2
___awmod@counter          cstackCOMRAM 000005
___awmod@dividend         cstackCOMRAM 000001
___awmod@divisor          cstackCOMRAM 000003
___awmod@sign             cstackCOMRAM 000006
___awtoft                 text37       001A14
___awtoft@c               cstackCOMRAM 000009
___awtoft@sign            cstackCOMRAM 00000C
___ftpack                 text38       001316
___ftpack@arg             cstackCOMRAM 000001
___ftpack@exp             cstackCOMRAM 000004
___ftpack@sign            cstackCOMRAM 000005
___fttol                  text36       001244
___fttol@exp1             cstackCOMRAM 00000F
___fttol@f1               cstackCOMRAM 000001
___fttol@lval             cstackCOMRAM 00000B
___fttol@sign1            cstackCOMRAM 00000A
___heap_hi                (abs)        000000
___heap_lo                (abs)        000000
___inthi_sp               stack        000000
___inthi_stack_hi         stack        000000
___inthi_stack_lo         stack        000000
___intlo_sp               stack        000000
___intlo_stack_hi         stack        000000
___intlo_stack_lo         stack        000000
___lbdiv                  text6        0019A4
___lbdiv@counter          cstackCOMRAM 000027
___lbdiv@dividend         cstackCOMRAM 000026
___lbdiv@divisor          cstackCOMRAM 000025
___lbdiv@quotient         cstackCOMRAM 000028
___lbmod                  text5        001A74
___lbmod@counter          cstackCOMRAM 000023
___lbmod@dividend         cstackCOMRAM 000022
___lbmod@divisor          cstackCOMRAM 000021
___lbmod@rem              cstackCOMRAM 000024
___lwdiv                  text3        0017DE
___lwdiv@counter          cstackCOMRAM 000025
___lwdiv@dividend         cstackCOMRAM 000021
___lwdiv@divisor          cstackCOMRAM 000023
___lwdiv@quotient         cstackCOMRAM 000026
___param_bank             (abs)        000000
___rparam_used            (abs)        000001
___sp                     stack        000000
___stack_hi               stack        000000
___stack_lo               stack        000000
__accesstop               (abs)        000060
__activetblptr            (abs)        000002
__end_of_Bienvenida       text9        000F8C
__end_of_BorraLCD         text13       001BB8
__end_of_ConfiguraLCD     text20       001B24
__end_of_ConversionADC    text41       001B0C
__end_of_CrearCaracter    text16       00168A
__end_of_DireccionaLCD    text15       001B50
__end_of_Emergencia       text7        001A74
__end_of_EnviaDato        text17       001920
__end_of_EscribeLCD_c     text14       001B3A
__end_of_EscribeLCD_n8    text4        00108C
__end_of_HabilitaLCD      text19       001BC6
__end_of_ISR              intcode_body 000C14
__end_of_InicializaLCD    text12       001460
__end_of_MedirDistancia   text2        001552
__end_of_MensajeLCD_Var   text8        001AC4
__end_of_MostrarCursorLCD text11       001BA4
__end_of_MostrarNumeros   text1        00178A
__end_of_OcultarCursorLCD text10       001B90
__end_of_RetardoLCD       text18       0016E0
__end_of_Transmitir       text40       001BE0
__end_of_TransmitirVar    text39       0018D4
__end_of___awdiv          text35       0014E2
__end_of___awmod          text34       001630
__end_of___awtoft         text37       001A4A
__end_of___ftpack         text38       0013C4
__end_of___fttol          text36       001316
__end_of___lbdiv          text6        0019DC
__end_of___lbmod          text5        001A9C
__end_of___lwdiv          text3        001830
__end_of__initialization  cinit        001996
__end_of_banda1           smallconst   000811
__end_of_banda2           smallconst   000809
__end_of_main             text0        000E82
__end_of_numASCII         text33       001244
__end_ofi2_DireccionaLCD  text29       001B7C
__end_ofi2_EnviaDato      text30       00196C
__end_ofi2_EscribeLCD_c   text28       001B66
__end_ofi2_EscribeLCD_n8  text25       001172
__end_ofi2_HabilitaLCD    text32       001BD4
__end_ofi2_MedirDistancia text23       0015C2
__end_ofi2_MostrarNumeros text22       0017DE
__end_ofi2_RetardoLCD     text31       001736
__end_ofi2___lbdiv        text27       001A14
__end_ofi2___lbmod        text26       001AEC
__end_ofi2___lwdiv        text24       001882
__initialization          cinit        00196C
__mediumconst             mediumconst  000000
__pbssCOMRAM              bssCOMRAM    00002A
__pcinit                  cinit        00196C
__pcstackBANK0            cstackBANK0  000060
__pcstackCOMRAM           cstackCOMRAM 000001
__pdataCOMRAM             dataCOMRAM   00003C
__pidataCOMRAM            idataCOMRAM  001BE0
__pintcode                intcode      000008
__pintcode_body           intcode_body 0008A2
__psmallconst             smallconst   000800
__ptext0                  text0        000C14
__ptext1                  text1        001736
__ptext10                 text10       001B7C
__ptext11                 text11       001B90
__ptext12                 text12       0013C4
__ptext13                 text13       001BA4
__ptext14                 text14       001B24
__ptext15                 text15       001B3A
__ptext16                 text16       001630
__ptext17                 text17       0018D4
__ptext18                 text18       00168A
__ptext19                 text19       001BB8
__ptext2                  text2        0014E2
__ptext20                 text20       001B0C
__ptext22                 text22       00178A
__ptext23                 text23       001552
__ptext24                 text24       001830
__ptext25                 text25       00108C
__ptext26                 text26       001AC4
__ptext27                 text27       0019DC
__ptext28                 text28       001B50
__ptext29                 text29       001B66
__ptext3                  text3        0017DE
__ptext30                 text30       001920
__ptext31                 text31       0016E0
__ptext32                 text32       001BC6
__ptext33                 text33       001172
__ptext34                 text34       0015C2
__ptext35                 text35       001460
__ptext36                 text36       001244
__ptext37                 text37       001A14
__ptext38                 text38       001316
__ptext39                 text39       001882
__ptext4                  text4        000F8C
__ptext40                 text40       001BD4
__ptext41                 text41       001AEC
__ptext5                  text5        001A74
__ptext6                  text6        0019A4
__ptext7                  text7        001A4A
__ptext8                  text8        001A9C
__ptext9                  text9        000E82
__ramtop                  ramtop       000800
__smallconst              smallconst   000800
_aux                      dataCOMRAM   00003D
_banda1                   smallconst   000809
_banda2                   smallconst   000801
_block                    bssCOMRAM    000036
_contadas                 bssCOMRAM    000038
_contador                 bssCOMRAM    000032
_ctimeout                 bssCOMRAM    00002F
_emergency                bssCOMRAM    000033
_etimeout                 bssCOMRAM    000030
_faltantes                bssCOMRAM    000039
_flagMotor                bssCOMRAM    00002A
_inactive                 bssCOMRAM    000031
_input                    bssCOMRAM    000037
_interfaz                 dataCOMRAM   00003E
_main                     text0        000C14
_motorActual              bssCOMRAM    00002D
_motorAntiguo             bssCOMRAM    00002C
_numASCII                 text33       001172
_objetivo                 bssCOMRAM    00003A
_objeto                   bssCOMRAM    00002E
_ok                       bssCOMRAM    000035
btemp                     temp         00003F
end_of_initialization     cinit        001996
i2DireccionaLCD@a         cstackCOMRAM 000005
i2EnviaDato@a             cstackCOMRAM 000004
i2EscribeLCD_c@a          cstackCOMRAM 000005
i2EscribeLCD_n8@a         cstackCOMRAM 00000D
i2EscribeLCD_n8@b         cstackCOMRAM 000009
i2EscribeLCD_n8@centena   cstackCOMRAM 00000A
i2EscribeLCD_n8@decena    cstackCOMRAM 00000B
i2EscribeLCD_n8@unidad    cstackCOMRAM 00000C
i2MedirDistancia@aux      cstackCOMRAM 000008
i2RetardoLCD@a            cstackCOMRAM 000002
i2_DireccionaLCD          text29       001B66
i2_EnviaDato              text30       001920
i2_EscribeLCD_c           text28       001B50
i2_EscribeLCD_n8          text25       00108C
i2_HabilitaLCD            text32       001BC6
i2_MedirDistancia         text23       001552
i2_MostrarNumeros         text22       00178A
i2_RetardoLCD             text31       0016E0
i2___lbdiv                text27       0019DC
i2___lbdiv@counter        cstackCOMRAM 000007
i2___lbdiv@dividend       cstackCOMRAM 000006
i2___lbdiv@divisor        cstackCOMRAM 000005
i2___lbdiv@quotient       cstackCOMRAM 000008
i2___lbmod                text26       001AC4
i2___lbmod@counter        cstackCOMRAM 000003
i2___lbmod@dividend       cstackCOMRAM 000002
i2___lbmod@divisor        cstackCOMRAM 000001
i2___lbmod@rem            cstackCOMRAM 000004
i2___lwdiv                text24       001830
i2___lwdiv@counter        cstackCOMRAM 000007
i2___lwdiv@dividend       cstackCOMRAM 000001
i2___lwdiv@divisor        cstackCOMRAM 000003
i2___lwdiv@quotient       cstackCOMRAM 000005
int$flags                 temp         00003F
int_func                  intcode_body 0008A2
intlevel0                 text         000000
intlevel1                 text         000000
intlevel2                 text         000000
intlevel3                 text         000000
isa$std                   (abs)        000001
isa$xinst                 (abs)        000000
main@Antiguo_sensor       cstackBANK0  000066
numASCII@ascii_values     cstackCOMRAM 00000B
numASCII@number           cstackCOMRAM 000009
stackhi                   (abs)        000000
stacklo                   (abs)        000000
start                     init         00000E
start_initialization      cinit        00196C
ttemp5                    temp         000040
ttemp6                    temp         000043
ttemp7                    temp         000047
wtemp8                    temp         000040


MODULE INFORMATION

Module		Function		Class		Link	Load	Size
D:\Program Files\Microchip\xc8\v2.50\pic\sources\c90\common\awdiv.c
		___awdiv       		CODE           	1460	0000	130

D:\Program Files\Microchip\xc8\v2.50\pic\sources\c90\common\awdiv.c estimated size: 130

Lab6SIMU.c
		_ISR           		CODE           	0008	0000	888
		_main          		CODE           	0C14	0000	622
		_Emergencia    		CODE           	1A4A	0000	42
		_Bienvenida    		CODE           	0E82	0000	266
		_Transmitir    		CODE           	1BD4	0000	12
		_numASCII      		CODE           	1172	0000	210
		_TransmitirVar 		CODE           	1882	0000	82
		_ConversionADC 		CODE           	1AEC	0000	32
		_MedirDistancia		CODE           	14E2	0000	112
		_MostrarNumeros		CODE           	1736	0000	84

Lab6SIMU.c estimated size: 2350

LibLCDXC8.h
		_DireccionaLCD 		CODE           	1B3A	0000	22
		_InicializaLCD 		CODE           	13C4	0000	156
		_EnviaDato     		CODE           	18D4	0000	76
		_MostrarCursorLCD		CODE           	1B90	0000	20
		_CrearCaracter 		CODE           	1630	0000	90
		_MensajeLCD_Var		CODE           	1A9C	0000	40
		_EscribeLCD_c  		CODE           	1B24	0000	22
		_HabilitaLCD   		CODE           	1BB8	0000	14
		_EscribeLCD_n8 		CODE           	0F8C	0000	256
		_ConfiguraLCD  		CODE           	1B0C	0000	24
		_BorraLCD      		CODE           	1BA4	0000	20
		_RetardoLCD    		CODE           	168A	0000	86
		_OcultarCursorLCD		CODE           	1B7C	0000	20

LibLCDXC8.h estimated size: 846

D:\Program Files\Microchip\xc8\v2.50\pic\sources\c90\common\lbdiv.c
		___lbdiv       		CODE           	19A4	0000	56

D:\Program Files\Microchip\xc8\v2.50\pic\sources\c90\common\lbdiv.c estimated size: 56

D:\Program Files\Microchip\xc8\v2.50\pic\sources\c90\common\float.c
		___ftpack      		CODE           	1316	0000	174

D:\Program Files\Microchip\xc8\v2.50\pic\sources\c90\common\float.c estimated size: 174

shared
		i2___lbdiv     		CODE           	19DC	0000	56
		_banda1        		SMALLCONST     	0809	0000	8
		i2___lbmod     		CODE           	1AC4	0000	40
		i2___lwdiv     		CODE           	1830	0000	82
		i2_EscribeLCD_c		CODE           	1B50	0000	22
		i2_EnviaDato   		CODE           	1920	0000	76
		_banda2        		SMALLCONST     	0801	0000	8
		i2_EscribeLCD_n8		CODE           	108C	0000	230
		__initialization		CODE           	196C	0000	42
		i2_DireccionaLCD		CODE           	1B66	0000	22
		i2_HabilitaLCD 		CODE           	1BC6	0000	14
		i2_MedirDistancia		CODE           	1552	0000	112
		i2_RetardoLCD  		CODE           	16E0	0000	86
		i2_MostrarNumeros		CODE           	178A	0000	84

shared estimated size: 882

D:\Program Files\Microchip\xc8\v2.50\pic\sources\c90\common\awmod.c
		___awmod       		CODE           	15C2	0000	110

D:\Program Files\Microchip\xc8\v2.50\pic\sources\c90\common\awmod.c estimated size: 110

D:\Program Files\Microchip\xc8\v2.50\pic\sources\c90\common\awtoft.c
		___awtoft      		CODE           	1A14	0000	54

D:\Program Files\Microchip\xc8\v2.50\pic\sources\c90\common\awtoft.c estimated size: 54

D:\Program Files\Microchip\xc8\v2.50\pic\sources\c90\common\lwdiv.c
		___lwdiv       		CODE           	17DE	0000	82

D:\Program Files\Microchip\xc8\v2.50\pic\sources\c90\common\lwdiv.c estimated size: 82

D:\Program Files\Microchip\xc8\v2.50\pic\sources\c90\common\lbmod.c
		___lbmod       		CODE           	1A74	0000	40

D:\Program Files\Microchip\xc8\v2.50\pic\sources\c90\common\lbmod.c estimated size: 40

D:\Program Files\Microchip\xc8\v2.50\pic\sources\c90\common\fttol.c
		___fttol       		CODE           	1244	0000	210

D:\Program Files\Microchip\xc8\v2.50\pic\sources\c90\common\fttol.c estimated size: 210

