Microchip MPLAB XC8 Compiler V2.50

Linker command line:

-W-3 \
  --edf=C:\Program Files\Microchip\xc8\v2.50\pic\dat\20240725155939_en.msgs \
  -cn -h+dist/default/production\Lab4LCD.X.production.sym \
  --cmf=dist/default/production\Lab4LCD.X.production.cmf -z -Q18F4550 \
  -oC:\Users\juanr\AppData\Local\Temp\xcAsbik.\driver_tmp_3.obj \
  -Mdist/default/production/Lab4LCD.X.production.map \
  --md=C:\Users\juanr\AppData\Local\Temp\xcAsbik.\driver_tmp_0.dat -E1 \
  -ver=XC8 Compiler -ACODE=00h-07FFFh -ACONST=00h-07FFFh \
  -ASMALLCONST=0800h-08FFhx120 -AMEDIUMCONST=0800h-07FFFh -ACOMRAM=01h-05Fh \
  -AABS1=00h-07FFh -ABIGRAM=01h-07FFh -ARAM=060h-0FFh,0100h-01FFhx7 \
  -ABANK0=060h-0FFh -ABANK1=0100h-01FFh -ABANK2=0200h-02FFh \
  -ABANK3=0300h-03FFh -ABANK4=0400h-04FFh -ABANK5=0500h-05FFh \
  -ABANK6=0600h-06FFh -ABANK7=0700h-07FFh -ASFR=0F60h-0FFFh \
  -ABIGSFR=0F60h-0FFFh -ACONFIG=0300000h-030000Dh -AIDLOC=0200000h-0200007h \
  -AEEDATA=0F00000h-0F000FFh -peeprom_data=EEDATA \
  -preset_vec=00h,intcode=8h,intcodelo,powerup,init -pramtop=0800h \
  -psmallconst=SMALLCONST -pmediumconst=MEDIUMCONST -pconst=CONST \
  -AFARRAM=00h-00h \
  -prdata=COMRAM,nvrram=COMRAM,nvbit=COMRAM,rbss=COMRAM,rbit=COMRAM \
  -pfarbss=FARRAM,fardata=FARRAM,nvFARRAM=FARRAM \
  -pintsave_regs=BIGRAM,bigbss=BIGRAM,bigdata=BIGRAM -pbss=RAM \
  -pidata=CODE,irdata=CODE,ibigdata=CODE,ifardata=CODE -prparam=COMRAM \
  C:\Users\juanr\AppData\Local\Temp\xcAsbik.\driver_tmp_9.obj \
  dist/default/production\Lab4LCD.X.production.obj 

Object code version is 3.11

Machine type is 18F4550



                Name                               Link     Load   Length Selector   Space Scale
C:\Users\juanr\AppData\Local\Temp\xcAsbik.\driver_tmp_9.obj
                idloc                            200000   200000        8        0       5
                config                           300000   300000        E        0       4
                init                                  E        E        4        4       0
                reset_vec                             0        0        4        0       0
dist/default/production\Lab4LCD.X.production.obj
                intcode                               8        8        6        4       0
                idloc                            200000   200000        8        0       5
                config                           300000   300000        E        0       4
                temp                                 43       43        1        1       1
                smallconst                          800      800       68      400       0
                text45                             1874     1874        E      434       0
                text44                             143A     143A       56      434       0
                text43                             156C     156C       46      434       0
                text42                             1828     1828       16      434       0
                text41                             14DC     14DC       4A      434       0
                text40                             1852     1852       14      434       0
                text39                             1812     1812       16      434       0
                text38                             1764     1764       28      434       0
                text37                             1154     1154       78      434       0
                text36                             1888     1888        6      434       0
                text35                             1490     1490       4C      434       0
                text34                             178C     178C       26      434       0
                text33                             165A     165A       34      434       0
                text32                             16C0     16C0       2C      434       0
                text31                             1622     1622       38      434       0
                text30                             173C     173C       28      434       0
                text29                              CD2      CD2       E6      434       0
                text28                             105A     105A       82      434       0
                text27                             131E     131E       6E      434       0
                text26                              E7A      E7A       C2      434       0
                text25                              9E4      9E4      10C      434       0
                text24                             17B2     17B2       1C      434       0
                text23                             138C     138C       58      434       0
                intcode_body                        868      868      17C      434       0
                text21                             1866     1866        E      434       0
                text20                             13E4     13E4       56      434       0
                text19                             1526     1526       46      434       0
                text18                             183E     183E       14      434       0
                text17                             1892     1892        2      C49       0
                text16                             168E     168E       32      434       0
                text15                             123E     123E       72      434       0
                text14                             11CC     11CC       72      434       0
                text13                             17CE     17CE       18      434       0
                text12                              F3C      F3C       9C      434       0
                text11                             17FC     17FC       16      434       0
                text10                             15EA     15EA       38      434       0
                text9                              1714     1714       28      434       0
                text8                               BEC      BEC       E6      434       0
                text7                              17E6     17E6       16      434       0
                text6                              16EC     16EC       28      434       0
                text5                              10DC     10DC       78      434       0
                text4                              1882     1882        6      434       0
                text3                               FD8      FD8       82      434       0
                text2                              12B0     12B0       6E      434       0
                text1                               DB8      DB8       C2      434       0
                text0                               AF0      AF0       FC      434       0
                cstackCOMRAM                          1        1       25        1       1
                dataCOMRAM                           40       40        3        1       1
                bssCOMRAM                            26       26       1A        1       1
                cinit                              15B2     15B2       38      434       0
                idataCOMRAM                        188E     188E        3      434       0

TOTAL           Name                               Link     Load   Length     Space
        CLASS   CODE           
                intcode                               8        8        6         0
                init                                  E        E        4         0
                reset_vec                             0        0        4         0
                text45                             1874     1874        E         0
                text44                             143A     143A       56         0
                text43                             156C     156C       46         0
                text42                             1828     1828       16         0
                text41                             14DC     14DC       4A         0
                text40                             1852     1852       14         0
                text39                             1812     1812       16         0
                text38                             1764     1764       28         0
                text37                             1154     1154       78         0
                text36                             1888     1888        6         0
                text35                             1490     1490       4C         0
                text34                             178C     178C       26         0
                text33                             165A     165A       34         0
                text32                             16C0     16C0       2C         0
                text31                             1622     1622       38         0
                text30                             173C     173C       28         0
                text29                              CD2      CD2       E6         0
                text28                             105A     105A       82         0
                text27                             131E     131E       6E         0
                text26                              E7A      E7A       C2         0
                text25                              9E4      9E4      10C         0
                text24                             17B2     17B2       1C         0
                text23                             138C     138C       58         0
                intcode_body                        868      868      17C         0
                text21                             1866     1866        E         0
                text20                             13E4     13E4       56         0
                text19                             1526     1526       46         0
                text18                             183E     183E       14         0
                text17                             1892     1892        2         0
                text16                             168E     168E       32         0
                text15                             123E     123E       72         0
                text14                             11CC     11CC       72         0
                text13                             17CE     17CE       18         0
                text12                              F3C      F3C       9C         0
                text11                             17FC     17FC       16         0
                text10                             15EA     15EA       38         0
                text9                              1714     1714       28         0
                text8                               BEC      BEC       E6         0
                text7                              17E6     17E6       16         0
                text6                              16EC     16EC       28         0
                text5                              10DC     10DC       78         0
                text4                              1882     1882        6         0
                text3                               FD8      FD8       82         0
                text2                              12B0     12B0       6E         0
                text1                               DB8      DB8       C2         0
                text0                               AF0      AF0       FC         0
                cinit                              15B2     15B2       38         0
                idataCOMRAM                        188E     188E        3         0

        CLASS   CONST          

        CLASS   SMALLCONST     
                smallconst                          800      800       68         0

        CLASS   MEDIUMCONST    

        CLASS   COMRAM         
                temp                                 43       43        1         1
                cstackCOMRAM                          1        1       25         1
                dataCOMRAM                           40       40        3         1
                bssCOMRAM                            26       26       1A         1

        CLASS   ABS1           

        CLASS   BIGRAM         

        CLASS   RAM            

        CLASS   BANK0          

        CLASS   BANK1          

        CLASS   BANK2          

        CLASS   BANK3          

        CLASS   BANK4          

        CLASS   BANK5          

        CLASS   BANK6          

        CLASS   BANK7          

        CLASS   SFR            

        CLASS   BIGSFR         

        CLASS   CONFIG         
                config                           300000   300000        E         4

        CLASS   IDLOC          
                idloc                            200000   200000        8         5

        CLASS   EEDATA         

        CLASS   FARRAM         

        CLASS   HEAP           

        CLASS   STACK          



SEGMENTS        Name                           Load    Length   Top    Selector   Space  Class

                reset_vec                      000000  000004  000004         0       0  CODE    
                cstackCOMRAM                   000001  000043  000044         1       1  COMRAM  
                intcode                        000008  00000A  000012         4       0  CODE    
                smallconst                     000800  000068  000868       400       0  SMALLCON
                intcode_body                   000868  001029  001891       434       0  CODE    
                text17                         001892  000002  001894       C49       0  CODE    


UNUSED ADDRESS RANGES

        Name                Unused          Largest block    Delta
        BANK0            000060-0000FF               A0
        BANK1            000100-0001FF              100
        BANK2            000200-0002FF              100
        BANK3            000300-0003FF              100
        BANK4            000400-0004FF              100
        BANK5            000500-0005FF              100
        BANK6            000600-0006FF              100
        BANK7            000700-0007FF              100
        BIGRAM           000044-0007FF              7BC
        BIGSFR           000F60-000FFF               A0
        CODE             000004-000007                4
                         000012-0007FF              7EE
                         001891-001891                1
                         001894-007FFF             676C
        COMRAM           000044-00005F               1C
        CONST            000004-000007                4
                         000012-0007FF              7EE
                         001891-001891                1
                         001894-007FFF             676C
        EEDATA           F00000-F000FF              100
        MEDIUMCONST      001891-001891                1
                         001894-007FFF             676C
        RAM              000060-0007FF              100
        SFR              000F60-000FFF               A0
        SMALLCONST       001891-001891                1
                         001894-007FFF              100

                                  Symbol Table

?___awdiv                 cstackCOMRAM 000017
?___awmod                 cstackCOMRAM 000017
?___wmul                  cstackCOMRAM 000001
?i2___awdiv               cstackCOMRAM 000001
?i2___awmod               cstackCOMRAM 000001
ComandoLCD@a              cstackCOMRAM 00001B
ConfiguraLCD@a            cstackCOMRAM 000017
DireccionaLCD@a           cstackCOMRAM 00001B
EnviaDato@a               cstackCOMRAM 00001A
EscribeLCD_c@a            cstackCOMRAM 00001B
EscribeLCD_n8@a           cstackCOMRAM 000023
EscribeLCD_n8@b           cstackCOMRAM 00001F
EscribeLCD_n8@centena     cstackCOMRAM 000020
EscribeLCD_n8@decena      cstackCOMRAM 000021
EscribeLCD_n8@unidad      cstackCOMRAM 000022
MensajeLCD_Var@a          cstackCOMRAM 00001C
RetardoLCD@a              cstackCOMRAM 000018
_ADCON1                   (abs)        000FC1
_BorraLCD                 text18       00183E
_CaracterCara             text15       00123E
_CaracterQbert            text14       0011CC
_ComandoLCD               text16       00168E
_ConfiguraLCD             text13       0017CE
_CursorAInicio            text17       001892
_DireccionaLCD            text11       0017FC
_EnviaDato                text19       001526
_EscribeLCD_c             text7        0017E6
_EscribeLCD_n8            text8        000BEC
_GIE                      (abs)        007F97
_HabilitaLCD              text21       001866
_ISR                      intcode      000008
_InicializaLCD            text12       000F3C
_LATA1                    (abs)        007C49
_LATA3                    (abs)        007C4B
_LATA4                    (abs)        007C4C
_LATA5                    (abs)        007C4D
_LATB                     (abs)        000F8A
_LATD                     (abs)        000F8C
_LATD1                    (abs)        007C61
_LATE0                    (abs)        007C68
_LATE1                    (abs)        007C69
_LATE2                    (abs)        007C6A
_MensajeLCD_Var           text6        0016EC
_PORTB                    (abs)        000F81
_PORTCbits                (abs)        000F82
_RB4                      (abs)        007C0C
_RB5                      (abs)        007C0D
_RB6                      (abs)        007C0E
_RB7                      (abs)        007C0F
_RBIE                     (abs)        007F93
_RBIF                     (abs)        007F90
_RBPU                     (abs)        007F8F
_RGB                      text5        0010DC
_RetardoLCD               text20       0013E4
_SEG                      text4        001882
_T0CON                    (abs)        000FD5
_TMR0                     (abs)        000FD6
_TMR0IE                   (abs)        007F95
_TMR0IF                   (abs)        007F92
_TMR0ON                   (abs)        007EAF
_TRISA                    (abs)        000F92
_TRISB                    (abs)        000F93
_TRISC1                   (abs)        007CA1
_TRISD                    (abs)        000F95
_TRISE0                   (abs)        007CB0
_TRISE1                   (abs)        007CB1
_TRISE2                   (abs)        007CB2
_Tecla                    bssCOMRAM    00003F
__HRAM                    (abs)        000000
__H__absolute__           __absolute__ 000000
__Habs1                   abs1         000000
__Hbank0                  bank0        000000
__Hbank1                  bank1        000000
__Hbank2                  bank2        000000
__Hbank3                  bank3        000000
__Hbank4                  bank4        000000
__Hbank5                  bank5        000000
__Hbank6                  bank6        000000
__Hbank7                  bank7        000000
__Hbigbss                 bigbss       000000
__Hbigdata                bigdata      000000
__Hbigram                 bigram       000000
__Hbigsfr                 bigsfr       000000
__Hbss                    bss          000000
__HbssCOMRAM              bssCOMRAM    000000
__Hcinit                  cinit        000000
__Hclrtext                clrtext      000000
__Hcomram                 comram       000000
__Hconfig                 config       30000E
__Hconst                  const        000000
__HcstackCOMRAM           cstackCOMRAM 000000
__Hdata                   data         000000
__HdataCOMRAM             dataCOMRAM   000000
__Heeprom_data            eeprom_data  000000
__Hfarbss                 farbss       000000
__Hfardata                fardata      000000
__Hheap                   heap         000000
__Hibigdata               ibigdata     000000
__Hidata                  idata        000000
__HidataCOMRAM            idataCOMRAM  000000
__Hidloc                  idloc        200008
__Hifardata               ifardata     000000
__Hinit                   init         000012
__Hintcode                intcode      00000E
__Hintcode_body           intcode_body 000000
__Hintcodelo              intcodelo    00000E
__Hintentry               intentry     000000
__Hintret                 intret       000000
__Hintsave_regs           intsave_regs 000000
__Hirdata                 irdata       000000
__Hmediumconst            mediumconst  000000
__HnvFARRAM               nvFARRAM     000000
__Hnvbit                  nvbit        000000
__Hnvrram                 nvrram       000000
__Hparam                  rparam       000000
__Hpowerup                powerup      00000E
__Hram                    ram          000000
__Hramtop                 ramtop       000800
__Hrbit                   rbit         000000
__Hrbss                   rbss         000000
__Hrdata                  rdata        000000
__Hreset_vec              reset_vec    000004
__Hrparam                 rparam       000000
__Hsfr                    sfr          000000
__Hsivt_hi                sivt_hi      000000
__Hsivt_lo                sivt_lo      000000
__Hsmallconst             smallconst   000868
__Hspace_0                (abs)        001894
__Hspace_1                (abs)        000044
__Hspace_2                (abs)        000000
__Hspace_4                (abs)        60000E
__Hstack                  stack        000000
__Hstruct                 struct       000000
__Htemp                   temp         000044
__Htext                   text         000000
__Htext0                  text0        000000
__Htext1                  text1        000000
__Htext10                 text10       000000
__Htext11                 text11       000000
__Htext12                 text12       000000
__Htext13                 text13       000000
__Htext14                 text14       000000
__Htext15                 text15       000000
__Htext16                 text16       000000
__Htext17                 text17       000000
__Htext18                 text18       000000
__Htext19                 text19       000000
__Htext2                  text2        000000
__Htext20                 text20       000000
__Htext21                 text21       000000
__Htext23                 text23       000000
__Htext24                 text24       000000
__Htext25                 text25       000000
__Htext26                 text26       000000
__Htext27                 text27       000000
__Htext28                 text28       000000
__Htext29                 text29       000000
__Htext3                  text3        000000
__Htext30                 text30       000000
__Htext31                 text31       000000
__Htext32                 text32       000000
__Htext33                 text33       000000
__Htext34                 text34       000000
__Htext35                 text35       000000
__Htext36                 text36       000000
__Htext37                 text37       000000
__Htext38                 text38       000000
__Htext39                 text39       000000
__Htext4                  text4        000000
__Htext40                 text40       000000
__Htext41                 text41       000000
__Htext42                 text42       000000
__Htext43                 text43       000000
__Htext44                 text44       000000
__Htext45                 text45       000000
__Htext5                  text5        000000
__Htext6                  text6        000000
__Htext7                  text7        000000
__Htext8                  text8        000000
__Htext9                  text9        000000
__LRAM                    (abs)        000001
__L__absolute__           __absolute__ 000000
__Labs1                   abs1         000000
__Lbank0                  bank0        000000
__Lbank1                  bank1        000000
__Lbank2                  bank2        000000
__Lbank3                  bank3        000000
__Lbank4                  bank4        000000
__Lbank5                  bank5        000000
__Lbank6                  bank6        000000
__Lbank7                  bank7        000000
__Lbigbss                 bigbss       000000
__Lbigdata                bigdata      000000
__Lbigram                 bigram       000000
__Lbigsfr                 bigsfr       000000
__Lbss                    bss          000000
__LbssCOMRAM              bssCOMRAM    000000
__Lcinit                  cinit        000000
__Lclrtext                clrtext      000000
__Lcomram                 comram       000000
__Lconfig                 config       000000
__Lconst                  const        000000
__LcstackCOMRAM           cstackCOMRAM 000000
__Ldata                   data         000000
__LdataCOMRAM             dataCOMRAM   000000
__Leeprom_data            eeprom_data  000000
__Lfarbss                 farbss       000000
__Lfardata                fardata      000000
__Lheap                   heap         000000
__Libigdata               ibigdata     000000
__Lidata                  idata        000000
__LidataCOMRAM            idataCOMRAM  000000
__Lidloc                  idloc        000000
__Lifardata               ifardata     000000
__Linit                   init         00000E
__Lintcode                intcode      000008
__Lintcode_body           intcode_body 000000
__Lintcodelo              intcodelo    00000E
__Lintentry               intentry     000000
__Lintret                 intret       000000
__Lintsave_regs           intsave_regs 000000
__Lirdata                 irdata       000000
__Lmediumconst            mediumconst  000000
__LnvFARRAM               nvFARRAM     000000
__Lnvbit                  nvbit        000000
__Lnvrram                 nvrram       000000
__Lparam                  rparam       000000
__Lpowerup                powerup      00000E
__Lram                    ram          000000
__Lramtop                 ramtop       000800
__Lrbit                   rbit         000000
__Lrbss                   rbss         000000
__Lrdata                  rdata        000000
__Lreset_vec              reset_vec    000000
__Lrparam                 rparam       000000
__Lsfr                    sfr          000000
__Lsivt_hi                sivt_hi      000000
__Lsivt_lo                sivt_lo      000000
__Lsmallconst             smallconst   000800
__Lspace_0                (abs)        000000
__Lspace_1                (abs)        000000
__Lspace_2                (abs)        000000
__Lspace_4                (abs)        000000
__Lstack                  stack        000000
__Lstruct                 struct       000000
__Ltemp                   temp         000043
__Ltext                   text         000000
__Ltext0                  text0        000000
__Ltext1                  text1        000000
__Ltext10                 text10       000000
__Ltext11                 text11       000000
__Ltext12                 text12       000000
__Ltext13                 text13       000000
__Ltext14                 text14       000000
__Ltext15                 text15       000000
__Ltext16                 text16       000000
__Ltext17                 text17       000000
__Ltext18                 text18       000000
__Ltext19                 text19       000000
__Ltext2                  text2        000000
__Ltext20                 text20       000000
__Ltext21                 text21       000000
__Ltext23                 text23       000000
__Ltext24                 text24       000000
__Ltext25                 text25       000000
__Ltext26                 text26       000000
__Ltext27                 text27       000000
__Ltext28                 text28       000000
__Ltext29                 text29       000000
__Ltext3                  text3        000000
__Ltext30                 text30       000000
__Ltext31                 text31       000000
__Ltext32                 text32       000000
__Ltext33                 text33       000000
__Ltext34                 text34       000000
__Ltext35                 text35       000000
__Ltext36                 text36       000000
__Ltext37                 text37       000000
__Ltext38                 text38       000000
__Ltext39                 text39       000000
__Ltext4                  text4        000000
__Ltext40                 text40       000000
__Ltext41                 text41       000000
__Ltext42                 text42       000000
__Ltext43                 text43       000000
__Ltext44                 text44       000000
__Ltext45                 text45       000000
__Ltext5                  text5        000000
__Ltext6                  text6        000000
__Ltext7                  text7        000000
__Ltext8                  text8        000000
__Ltext9                  text9        000000
__S0                      (abs)        001894
__S1                      (abs)        000044
__S4                      (abs)        000000
__S5                      (abs)        000000
___awdiv                  text3        000FD8
___awdiv@counter          cstackCOMRAM 00001B
___awdiv@dividend         cstackCOMRAM 000017
___awdiv@divisor          cstackCOMRAM 000019
___awdiv@quotient         cstackCOMRAM 00001D
___awdiv@sign             cstackCOMRAM 00001C
___awmod                  text2        0012B0
___awmod@counter          cstackCOMRAM 00001B
___awmod@dividend         cstackCOMRAM 000017
___awmod@divisor          cstackCOMRAM 000019
___awmod@sign             cstackCOMRAM 00001C
___heap_hi                (abs)        000000
___heap_lo                (abs)        000000
___inthi_sp               stack        000000
___inthi_stack_hi         stack        000000
___inthi_stack_lo         stack        000000
___intlo_sp               stack        000000
___intlo_stack_hi         stack        000000
___intlo_stack_lo         stack        000000
___lbdiv                  text10       0015EA
___lbdiv@counter          cstackCOMRAM 00001D
___lbdiv@dividend         cstackCOMRAM 00001C
___lbdiv@divisor          cstackCOMRAM 00001B
___lbdiv@quotient         cstackCOMRAM 00001E
___lbmod                  text9        001714
___lbmod@counter          cstackCOMRAM 000019
___lbmod@dividend         cstackCOMRAM 000018
___lbmod@divisor          cstackCOMRAM 000017
___lbmod@rem              cstackCOMRAM 00001A
___param_bank             (abs)        000000
___rparam_used            (abs)        000001
___sp                     stack        000000
___stack_hi               stack        000000
___stack_lo               stack        000000
___wmul                   text34       00178C
___wmul@multiplicand      cstackCOMRAM 000003
___wmul@multiplier        cstackCOMRAM 000001
___wmul@product           cstackCOMRAM 000005
__accesstop               (abs)        000060
__activetblptr            (abs)        000002
__end_of_BorraLCD         text18       001852
__end_of_CaracterCara     text15       0012B0
__end_of_CaracterQbert    text14       00123E
__end_of_ComandoLCD       text16       0016C0
__end_of_ConfiguraLCD     text13       0017E6
__end_of_CursorAInicio    text17       001894
__end_of_DireccionaLCD    text11       001812
__end_of_EnviaDato        text19       00156C
__end_of_EscribeLCD_c     text7        0017FC
__end_of_EscribeLCD_n8    text8        000CD2
__end_of_HabilitaLCD      text21       001874
__end_of_ISR              intcode_body 0009E4
__end_of_InicializaLCD    text12       000FD8
__end_of_MensajeLCD_Var   text6        001714
__end_of_RGB              text5        001154
__end_of_RetardoLCD       text20       00143A
__end_of_SEG              text4        001888
__end_of___awdiv          text3        00105A
__end_of___awmod          text2        00131E
__end_of___lbdiv          text10       001622
__end_of___lbmod          text9        00173C
__end_of___wmul           text34       0017B2
__end_of__initialization  cinit        0015DC
__end_of_borrarTexto      text32       0016EC
__end_of_contador         text1        000E7A
__end_of_escribirDig      text41       001526
__end_of_fin              text35       0014DC
__end_of_luzFondo         text33       00168E
__end_of_main             text0        000BEC
__end_of_ok               text25       000AF0
__end_of_parEmerg         text24       0017CE
__end_of_reiCon           text23       0013E4
__end_ofi2_BorraLCD       text40       001866
__end_ofi2_DireccionaLCD  text39       001828
__end_ofi2_EnviaDato      text43       0015B2
__end_ofi2_EscribeLCD_c   text42       00183E
__end_ofi2_EscribeLCD_n8  text29       000DB8
__end_ofi2_HabilitaLCD    text45       001882
__end_ofi2_MensajeLCD_Var text38       00178C
__end_ofi2_RGB            text37       0011CC
__end_ofi2_RetardoLCD     text44       001490
__end_ofi2_SEG            text36       00188E
__end_ofi2___awdiv        text28       0010DC
__end_ofi2___awmod        text27       00138C
__end_ofi2___lbdiv        text31       00165A
__end_ofi2___lbmod        text30       001764
__end_ofi2_contador       text26       000F3C
__initialization          cinit        0015B2
__mediumconst             mediumconst  000000
__pbssCOMRAM              bssCOMRAM    000026
__pcinit                  cinit        0015B2
__pcstackCOMRAM           cstackCOMRAM 000001
__pdataCOMRAM             dataCOMRAM   000040
__pidataCOMRAM            idataCOMRAM  00188E
__pintcode                intcode      000008
__pintcode_body           intcode_body 000868
__psmallconst             smallconst   000800
__ptext0                  text0        000AF0
__ptext1                  text1        000DB8
__ptext10                 text10       0015EA
__ptext11                 text11       0017FC
__ptext12                 text12       000F3C
__ptext13                 text13       0017CE
__ptext14                 text14       0011CC
__ptext15                 text15       00123E
__ptext16                 text16       00168E
__ptext17                 text17       001892
__ptext18                 text18       00183E
__ptext19                 text19       001526
__ptext2                  text2        0012B0
__ptext20                 text20       0013E4
__ptext21                 text21       001866
__ptext23                 text23       00138C
__ptext24                 text24       0017B2
__ptext25                 text25       0009E4
__ptext26                 text26       000E7A
__ptext27                 text27       00131E
__ptext28                 text28       00105A
__ptext29                 text29       000CD2
__ptext3                  text3        000FD8
__ptext30                 text30       00173C
__ptext31                 text31       001622
__ptext32                 text32       0016C0
__ptext33                 text33       00165A
__ptext34                 text34       00178C
__ptext35                 text35       001490
__ptext36                 text36       001888
__ptext37                 text37       001154
__ptext38                 text38       001764
__ptext39                 text39       001812
__ptext4                  text4        001882
__ptext40                 text40       001852
__ptext41                 text41       0014DC
__ptext42                 text42       001828
__ptext43                 text43       00156C
__ptext44                 text44       00143A
__ptext45                 text45       001874
__ptext5                  text5        0010DC
__ptext6                  text6        0016EC
__ptext7                  text7        0017E6
__ptext8                  text8        000BEC
__ptext9                  text9        001714
__ramtop                  ramtop       000800
__smallconst              smallconst   000800
_a                        bssCOMRAM    00002C
_b                        bssCOMRAM    00002A
_borrarTexto              text32       0016C0
_contador                 text1        000DB8
_cuenMos                  bssCOMRAM    00003E
_cuenObj                  bssCOMRAM    000028
_cuenta                   bssCOMRAM    000032
_d                        bssCOMRAM    00002E
_escribirDig              text41       0014DC
_fin                      text35       001490
_flagDig                  bssCOMRAM    00003A
_flagEmergencia           bssCOMRAM    000036
_flagEscribir             bssCOMRAM    00003C
_flagFin                  bssCOMRAM    000034
_flagInicio               bssCOMRAM    000038
_flagLuz                  dataCOMRAM   000040
_interfaz                 dataCOMRAM   000042
_luzFondo                 text33       00165A
_main                     text0        000AF0
_ok                       text25       0009E4
_parEmerg                 text24       0017B2
_piezFalt                 bssCOMRAM    000026
_reiCon                   text23       00138C
_u                        bssCOMRAM    000030
btemp                     temp         000043
end_of_initialization     cinit        0015DC
escribirDig@lectura       cstackCOMRAM 000006
i2DireccionaLCD@a         cstackCOMRAM 000005
i2EnviaDato@a             cstackCOMRAM 000004
i2EscribeLCD_c@a          cstackCOMRAM 000005
i2EscribeLCD_n8@a         cstackCOMRAM 00000D
i2EscribeLCD_n8@b         cstackCOMRAM 000009
i2EscribeLCD_n8@centena   cstackCOMRAM 00000A
i2EscribeLCD_n8@decena    cstackCOMRAM 00000B
i2EscribeLCD_n8@unidad    cstackCOMRAM 00000C
i2MensajeLCD_Var@a        cstackCOMRAM 000006
i2RetardoLCD@a            cstackCOMRAM 000002
i2_BorraLCD               text40       001852
i2_DireccionaLCD          text39       001812
i2_EnviaDato              text43       00156C
i2_EscribeLCD_c           text42       001828
i2_EscribeLCD_n8          text29       000CD2
i2_HabilitaLCD            text45       001874
i2_MensajeLCD_Var         text38       001764
i2_RGB                    text37       001154
i2_RetardoLCD             text44       00143A
i2_SEG                    text36       001888
i2___awdiv                text28       00105A
i2___awdiv@counter        cstackCOMRAM 000005
i2___awdiv@dividend       cstackCOMRAM 000001
i2___awdiv@divisor        cstackCOMRAM 000003
i2___awdiv@quotient       cstackCOMRAM 000007
i2___awdiv@sign           cstackCOMRAM 000006
i2___awmod                text27       00131E
i2___awmod@counter        cstackCOMRAM 000005
i2___awmod@dividend       cstackCOMRAM 000001
i2___awmod@divisor        cstackCOMRAM 000003
i2___awmod@sign           cstackCOMRAM 000006
i2___lbdiv                text31       001622
i2___lbdiv@counter        cstackCOMRAM 000007
i2___lbdiv@dividend       cstackCOMRAM 000006
i2___lbdiv@divisor        cstackCOMRAM 000005
i2___lbdiv@quotient       cstackCOMRAM 000008
i2___lbmod                text30       00173C
i2___lbmod@counter        cstackCOMRAM 000003
i2___lbmod@dividend       cstackCOMRAM 000002
i2___lbmod@divisor        cstackCOMRAM 000001
i2___lbmod@rem            cstackCOMRAM 000004
i2_contador               text26       000E7A
int$flags                 temp         000043
int_func                  intcode_body 000868
intlevel0                 text         000000
intlevel1                 text         000000
intlevel2                 text         000000
intlevel3                 text         000000
isa$std                   (abs)        000001
isa$xinst                 (abs)        000000
stackhi                   (abs)        000000
stacklo                   (abs)        000000
start                     init         00000E
start_initialization      cinit        0015B2
ttemp5                    temp         000044
ttemp6                    temp         000047
ttemp7                    temp         00004B
wtemp8                    temp         000044


MODULE INFORMATION

Module		Function		Class		Link	Load	Size
C:\Program Files\Microchip\xc8\v2.50\pic\sources\c90\common\lbdiv.c
		___lbdiv       		CODE           	15EA	0000	56

C:\Program Files\Microchip\xc8\v2.50\pic\sources\c90\common\lbdiv.c estimated size: 56

PruebaLCD.c
		_parEmerg      		CODE           	17B2	0000	28
		_fin           		CODE           	1490	0000	76
		_ISR           		CODE           	0008	0000	386
		_main          		CODE           	0AF0	0000	252
		_RGB           		CODE           	10DC	0000	120
		_SEG           		CODE           	1882	0000	6
		_ok            		CODE           	09E4	0000	268
		_reiCon        		CODE           	138C	0000	88
		_contador      		CODE           	0DB8	0000	194
		_escribirDig   		CODE           	14DC	0000	74
		_luzFondo      		CODE           	165A	0000	52
		_borrarTexto   		CODE           	16C0	0000	44

PruebaLCD.c estimated size: 1588

C:\Program Files\Microchip\xc8\v2.50\pic\sources\c90\common\awmod.c
		___awmod       		CODE           	12B0	0000	110

C:\Program Files\Microchip\xc8\v2.50\pic\sources\c90\common\awmod.c estimated size: 110

C:\Program Files\Microchip\xc8\v2.50\pic\sources\c90\common\Umul16.c
		___wmul        		CODE           	178C	0000	38

C:\Program Files\Microchip\xc8\v2.50\pic\sources\c90\common\Umul16.c estimated size: 38

shared
		i2_MensajeLCD_Var		CODE           	1764	0000	40
		i2___lbdiv     		CODE           	1622	0000	56
		i2_contador    		CODE           	0E7A	0000	194
		i2___lbmod     		CODE           	173C	0000	40
		i2_EscribeLCD_c		CODE           	1828	0000	22
		i2_EnviaDato   		CODE           	156C	0000	70
		i2___awdiv     		CODE           	105A	0000	130
		i2_SEG         		CODE           	1888	0000	6
		i2_EscribeLCD_n8		CODE           	0CD2	0000	230
		__initialization		CODE           	15B2	0000	42
		i2_DireccionaLCD		CODE           	1812	0000	22
		i2_HabilitaLCD 		CODE           	1874	0000	14
		i2___awmod     		CODE           	131E	0000	110
		i2_BorraLCD    		CODE           	1852	0000	20
		i2_RGB         		CODE           	1154	0000	120
		i2_RetardoLCD  		CODE           	143A	0000	86

shared estimated size: 1202

C:\Program Files\Microchip\xc8\v2.50\pic\sources\c90\common\lbmod.c
		___lbmod       		CODE           	1714	0000	40

C:\Program Files\Microchip\xc8\v2.50\pic\sources\c90\common\lbmod.c estimated size: 40

LibLCDXC9.h
		_DireccionaLCD 		CODE           	17FC	0000	22
		_InicializaLCD 		CODE           	0F3C	0000	156
		_EnviaDato     		CODE           	1526	0000	70
		_CursorAInicio 		CODE           	1892	0000	2
		_MensajeLCD_Var		CODE           	16EC	0000	40
		_CaracterCara  		CODE           	123E	0000	114
		_EscribeLCD_c  		CODE           	17E6	0000	22
		_CaracterQbert 		CODE           	11CC	0000	114
		_HabilitaLCD   		CODE           	1866	0000	14
		_EscribeLCD_n8 		CODE           	0BEC	0000	230
		_ConfiguraLCD  		CODE           	17CE	0000	24
		_BorraLCD      		CODE           	183E	0000	20
		_RetardoLCD    		CODE           	13E4	0000	86
		_ComandoLCD    		CODE           	168E	0000	50

LibLCDXC9.h estimated size: 964

C:\Program Files\Microchip\xc8\v2.50\pic\sources\c90\common\awdiv.c
		___awdiv       		CODE           	0FD8	0000	130

C:\Program Files\Microchip\xc8\v2.50\pic\sources\c90\common\awdiv.c estimated size: 130

