Microchip MPLAB XC8 Compiler V2.50

Linker command line:

-W-3 \
  --edf=D:\Program Files\Microchip\xc8\v2.50\pic\dat\20240725155939_en.msgs \
  -cn -h+dist/default/production\LAB4.X.production.sym \
  --cmf=dist/default/production\LAB4.X.production.cmf -z -Q18F4550 \
  -oC:\Users\ASUSTU~1\AppData\Local\Temp\xcAs15uk.\driver_tmp_3.obj \
  -Mdist/default/production/LAB4.X.production.map \
  --md=C:\Users\ASUSTU~1\AppData\Local\Temp\xcAs15uk.\driver_tmp_0.dat -E1 \
  -ver=XC8 Compiler -ACODE=00h-07FFFh -ACONST=00h-07FFFh \
  -ASMALLCONST=0800h-08FFhx120 -AMEDIUMCONST=0800h-07FFFh -ACOMRAM=01h-05Fh \
  -AABS1=00h-07FFh -ABIGRAM=01h-07FFh -ARAM=060h-0FFh,0100h-01FFhx7 \
  -ABANK0=060h-0FFh -ABANK1=0100h-01FFh -ABANK2=0200h-02FFh \
  -ABANK3=0300h-03FFh -ABANK4=0400h-04FFh -ABANK5=0500h-05FFh \
  -ABANK6=0600h-06FFh -ABANK7=0700h-07FFh -ASFR=0F60h-0FFFh \
  -ABIGSFR=0F60h-0FFFh -ACONFIG=0300000h-030000Dh -AIDLOC=0200000h-0200007h \
  -AEEDATA=0F00000h-0F000FFh -peeprom_data=EEDATA \
  -preset_vec=00h,intcode=8h,intcodelo,powerup,init -pramtop=0800h \
  -psmallconst=SMALLCONST -pmediumconst=MEDIUMCONST -pconst=CONST \
  -AFARRAM=00h-00h \
  -prdata=COMRAM,nvrram=COMRAM,nvbit=COMRAM,rbss=COMRAM,rbit=COMRAM \
  -pfarbss=FARRAM,fardata=FARRAM,nvFARRAM=FARRAM \
  -pintsave_regs=BIGRAM,bigbss=BIGRAM,bigdata=BIGRAM -pbss=RAM \
  -pidata=CODE,irdata=CODE,ibigdata=CODE,ifardata=CODE -prparam=COMRAM \
  C:\Users\ASUSTU~1\AppData\Local\Temp\xcAs15uk.\driver_tmp_9.obj \
  dist/default/production\LAB4.X.production.obj 

Object code version is 3.11

Machine type is 18F4550



                Name                               Link     Load   Length Selector   Space Scale
C:\Users\ASUSTU~1\AppData\Local\Temp\xcAs15uk.\driver_tmp_9.obj
                idloc                            200000   200000        8        0       5
                config                           300000   300000        E        0       4
                init                                  E        E        4        4       0
                reset_vec                             0        0        4        0       0
dist/default/production\LAB4.X.production.obj
                intcode                               8        8        6        4       0
                idloc                            200000   200000        8        0       5
                config                           300000   300000        E        0       4
                temp                                 30       30        1        1       1
                smallconst                          800      800       46      400       0
                text21                             10B4     10B4        E      423       0
                text20                              E00      E00       56      423       0
                text19                              EA2      EA2       4C      423       0
                text18                              F60      F60       38      423       0
                text17                             1010     1010       28      423       0
                text16                              C28      C28       E6      423       0
                text15                             107C     107C       16      423       0
                text14                              FE8      FE8       28      423       0
                intcode_body                        846      846      1EE      423       0
                text12                             1038     1038       18      423       0
                text11                             10A6     10A6        E      423       0
                text10                              DAA      DAA       56      423       0
                text9                               E56      E56       4C      423       0
                text8                              1066     1066       16      423       0
                text7                               F28      F28       38      423       0
                text6                               FC0      FC0       28      423       0
                text5                               B42      B42       E6      423       0
                text4                              1092     1092       14      423       0
                text3                               D0E      D0E       9C      423       0
                text2                              1050     1050       16      423       0
                text1                               F98      F98       28      423       0
                text0                               A34      A34      10E      423       0
                cstackCOMRAM                          1        1       23        1       1
                dataCOMRAM                           2A       2A        6        1       1
                bssCOMRAM                            24       24        6        1       1
                cinit                               EEE      EEE       3A      423       0
                idataCOMRAM                        10C2     10C2        6      423       0

TOTAL           Name                               Link     Load   Length     Space
        CLASS   CODE           
                intcode                               8        8        6         0
                init                                  E        E        4         0
                reset_vec                             0        0        4         0
                text21                             10B4     10B4        E         0
                text20                              E00      E00       56         0
                text19                              EA2      EA2       4C         0
                text18                              F60      F60       38         0
                text17                             1010     1010       28         0
                text16                              C28      C28       E6         0
                text15                             107C     107C       16         0
                text14                              FE8      FE8       28         0
                intcode_body                        846      846      1EE         0
                text12                             1038     1038       18         0
                text11                             10A6     10A6        E         0
                text10                              DAA      DAA       56         0
                text9                               E56      E56       4C         0
                text8                              1066     1066       16         0
                text7                               F28      F28       38         0
                text6                               FC0      FC0       28         0
                text5                               B42      B42       E6         0
                text4                              1092     1092       14         0
                text3                               D0E      D0E       9C         0
                text2                              1050     1050       16         0
                text1                               F98      F98       28         0
                text0                               A34      A34      10E         0
                cinit                               EEE      EEE       3A         0
                idataCOMRAM                        10C2     10C2        6         0

        CLASS   CONST          

        CLASS   SMALLCONST     
                smallconst                          800      800       46         0

        CLASS   MEDIUMCONST    

        CLASS   COMRAM         
                temp                                 30       30        1         1
                cstackCOMRAM                          1        1       23         1
                dataCOMRAM                           2A       2A        6         1
                bssCOMRAM                            24       24        6         1

        CLASS   ABS1           

        CLASS   BIGRAM         

        CLASS   RAM            

        CLASS   BANK0          

        CLASS   BANK1          

        CLASS   BANK2          

        CLASS   BANK3          

        CLASS   BANK4          

        CLASS   BANK5          

        CLASS   BANK6          

        CLASS   BANK7          

        CLASS   SFR            

        CLASS   BIGSFR         

        CLASS   CONFIG         
                config                           300000   300000        E         4

        CLASS   IDLOC          
                idloc                            200000   200000        8         5

        CLASS   EEDATA         

        CLASS   FARRAM         

        CLASS   HEAP           

        CLASS   STACK          



SEGMENTS        Name                           Load    Length   Top    Selector   Space  Class

                reset_vec                      000000  000004  000004         0       0  CODE    
                cstackCOMRAM                   000001  000030  000031         1       1  COMRAM  
                intcode                        000008  00000A  000012         4       0  CODE    
                smallconst                     000800  000046  000846       400       0  SMALLCON
                intcode_body                   000846  000882  0010C8       423       0  CODE    


UNUSED ADDRESS RANGES

        Name                Unused          Largest block    Delta
        BANK0            000060-0000FF               A0
        BANK1            000100-0001FF              100
        BANK2            000200-0002FF              100
        BANK3            000300-0003FF              100
        BANK4            000400-0004FF              100
        BANK5            000500-0005FF              100
        BANK6            000600-0006FF              100
        BANK7            000700-0007FF              100
        BIGRAM           000031-0007FF              7CF
        BIGSFR           000F60-000FFF               A0
        CODE             000004-000007                4
                         000012-0007FF              7EE
                         0010C8-007FFF             6F38
        COMRAM           000031-00005F               2F
        CONST            000004-000007                4
                         000012-0007FF              7EE
                         0010C8-007FFF             6F38
        EEDATA           F00000-F000FF              100
        MEDIUMCONST      0010C8-007FFF             6F38
        RAM              000060-0007FF              100
        SFR              000F60-000FFF               A0
        SMALLCONST       0010C8-007FFF              100

                                  Symbol Table

ConfiguraLCD@a            cstackCOMRAM 000015
DireccionaLCD@a           cstackCOMRAM 000019
EnviaDato@a               cstackCOMRAM 000018
EscribeLCD_c@a            cstackCOMRAM 000019
EscribeLCD_n8@a           cstackCOMRAM 000021
EscribeLCD_n8@b           cstackCOMRAM 00001D
EscribeLCD_n8@centena     cstackCOMRAM 00001E
EscribeLCD_n8@decena      cstackCOMRAM 00001F
EscribeLCD_n8@unidad      cstackCOMRAM 000020
MensajeLCD_Var@a          cstackCOMRAM 00001A
RetardoLCD@a              cstackCOMRAM 000016
_ADCON1                   (abs)        000FC1
_BorraLCD                 text4        001092
_ConfiguraLCD             text12       001038
_DireccionaLCD            text8        001066
_EnviaDato                text9        000E56
_EscribeLCD_c             text2        001050
_EscribeLCD_n8            text5        000B42
_FIN                      dataCOMRAM   00002A
_GIE                      (abs)        007F97
_HabilitaLCD              text11       0010A6
_ISR                      intcode      000008
_InicializaLCD            text3        000D0E
_LATA                     (abs)        000F89
_LATA1                    (abs)        007C49
_LATA3                    (abs)        007C4B
_LATA4                    (abs)        007C4C
_LATA5                    (abs)        007C4D
_LATB                     (abs)        000F8A
_LATD                     (abs)        000F8C
_LATE                     (abs)        000F8D
_MensajeLCD_Var           text1        000F98
_OK                       dataCOMRAM   00002D
_PARO                     dataCOMRAM   00002C
_PORTB                    (abs)        000F81
_RB4                      (abs)        007C0C
_RB5                      (abs)        007C0D
_RB6                      (abs)        007C0E
_RB7                      (abs)        007C0F
_RBIE                     (abs)        007F93
_RBIF                     (abs)        007F90
_RBPU                     (abs)        007F8F
_RC0                      (abs)        007C10
_RetardoLCD               text10       000DAA
_SUPR                     dataCOMRAM   00002B
_T0CON                    (abs)        000FD5
_TMR0                     (abs)        000FD6
_TMR0IE                   (abs)        007F95
_TMR0IF                   (abs)        007F92
_TMR0ON                   (abs)        007EAF
_TRISA                    (abs)        000F92
_TRISB                    (abs)        000F93
_TRISC                    (abs)        000F94
_TRISD                    (abs)        000F95
_TRISE                    (abs)        000F96
_Tecla                    bssCOMRAM    000029
__HRAM                    (abs)        000000
__H__absolute__           __absolute__ 000000
__Habs1                   abs1         000000
__Hbank0                  bank0        000000
__Hbank1                  bank1        000000
__Hbank2                  bank2        000000
__Hbank3                  bank3        000000
__Hbank4                  bank4        000000
__Hbank5                  bank5        000000
__Hbank6                  bank6        000000
__Hbank7                  bank7        000000
__Hbigbss                 bigbss       000000
__Hbigdata                bigdata      000000
__Hbigram                 bigram       000000
__Hbigsfr                 bigsfr       000000
__Hbss                    bss          000000
__HbssCOMRAM              bssCOMRAM    000000
__Hcinit                  cinit        000000
__Hclrtext                clrtext      000000
__Hcomram                 comram       000000
__Hconfig                 config       30000E
__Hconst                  const        000000
__HcstackCOMRAM           cstackCOMRAM 000000
__Hdata                   data         000000
__HdataCOMRAM             dataCOMRAM   000000
__Heeprom_data            eeprom_data  000000
__Hfarbss                 farbss       000000
__Hfardata                fardata      000000
__Hheap                   heap         000000
__Hibigdata               ibigdata     000000
__Hidata                  idata        000000
__HidataCOMRAM            idataCOMRAM  000000
__Hidloc                  idloc        200008
__Hifardata               ifardata     000000
__Hinit                   init         000012
__Hintcode                intcode      00000E
__Hintcode_body           intcode_body 000000
__Hintcodelo              intcodelo    00000E
__Hintentry               intentry     000000
__Hintret                 intret       000000
__Hintsave_regs           intsave_regs 000000
__Hirdata                 irdata       000000
__Hmediumconst            mediumconst  000000
__HnvFARRAM               nvFARRAM     000000
__Hnvbit                  nvbit        000000
__Hnvrram                 nvrram       000000
__Hparam                  rparam       000000
__Hpowerup                powerup      00000E
__Hram                    ram          000000
__Hramtop                 ramtop       000800
__Hrbit                   rbit         000000
__Hrbss                   rbss         000000
__Hrdata                  rdata        000000
__Hreset_vec              reset_vec    000004
__Hrparam                 rparam       000000
__Hsfr                    sfr          000000
__Hsivt_hi                sivt_hi      000000
__Hsivt_lo                sivt_lo      000000
__Hsmallconst             smallconst   000846
__Hspace_0                (abs)        0010C8
__Hspace_1                (abs)        000031
__Hspace_2                (abs)        000000
__Hspace_4                (abs)        60000E
__Hstack                  stack        000000
__Hstruct                 struct       000000
__Htemp                   temp         000031
__Htext                   text         000000
__Htext0                  text0        000000
__Htext1                  text1        000000
__Htext10                 text10       000000
__Htext11                 text11       000000
__Htext12                 text12       000000
__Htext14                 text14       000000
__Htext15                 text15       000000
__Htext16                 text16       000000
__Htext17                 text17       000000
__Htext18                 text18       000000
__Htext19                 text19       000000
__Htext2                  text2        000000
__Htext20                 text20       000000
__Htext21                 text21       000000
__Htext3                  text3        000000
__Htext4                  text4        000000
__Htext5                  text5        000000
__Htext6                  text6        000000
__Htext7                  text7        000000
__Htext8                  text8        000000
__Htext9                  text9        000000
__LRAM                    (abs)        000001
__L__absolute__           __absolute__ 000000
__Labs1                   abs1         000000
__Lbank0                  bank0        000000
__Lbank1                  bank1        000000
__Lbank2                  bank2        000000
__Lbank3                  bank3        000000
__Lbank4                  bank4        000000
__Lbank5                  bank5        000000
__Lbank6                  bank6        000000
__Lbank7                  bank7        000000
__Lbigbss                 bigbss       000000
__Lbigdata                bigdata      000000
__Lbigram                 bigram       000000
__Lbigsfr                 bigsfr       000000
__Lbss                    bss          000000
__LbssCOMRAM              bssCOMRAM    000000
__Lcinit                  cinit        000000
__Lclrtext                clrtext      000000
__Lcomram                 comram       000000
__Lconfig                 config       000000
__Lconst                  const        000000
__LcstackCOMRAM           cstackCOMRAM 000000
__Ldata                   data         000000
__LdataCOMRAM             dataCOMRAM   000000
__Leeprom_data            eeprom_data  000000
__Lfarbss                 farbss       000000
__Lfardata                fardata      000000
__Lheap                   heap         000000
__Libigdata               ibigdata     000000
__Lidata                  idata        000000
__LidataCOMRAM            idataCOMRAM  000000
__Lidloc                  idloc        000000
__Lifardata               ifardata     000000
__Linit                   init         00000E
__Lintcode                intcode      000008
__Lintcode_body           intcode_body 000000
__Lintcodelo              intcodelo    00000E
__Lintentry               intentry     000000
__Lintret                 intret       000000
__Lintsave_regs           intsave_regs 000000
__Lirdata                 irdata       000000
__Lmediumconst            mediumconst  000000
__LnvFARRAM               nvFARRAM     000000
__Lnvbit                  nvbit        000000
__Lnvrram                 nvrram       000000
__Lparam                  rparam       000000
__Lpowerup                powerup      00000E
__Lram                    ram          000000
__Lramtop                 ramtop       000800
__Lrbit                   rbit         000000
__Lrbss                   rbss         000000
__Lrdata                  rdata        000000
__Lreset_vec              reset_vec    000000
__Lrparam                 rparam       000000
__Lsfr                    sfr          000000
__Lsivt_hi                sivt_hi      000000
__Lsivt_lo                sivt_lo      000000
__Lsmallconst             smallconst   000800
__Lspace_0                (abs)        000000
__Lspace_1                (abs)        000000
__Lspace_2                (abs)        000000
__Lspace_4                (abs)        000000
__Lstack                  stack        000000
__Lstruct                 struct       000000
__Ltemp                   temp         000030
__Ltext                   text         000000
__Ltext0                  text0        000000
__Ltext1                  text1        000000
__Ltext10                 text10       000000
__Ltext11                 text11       000000
__Ltext12                 text12       000000
__Ltext14                 text14       000000
__Ltext15                 text15       000000
__Ltext16                 text16       000000
__Ltext17                 text17       000000
__Ltext18                 text18       000000
__Ltext19                 text19       000000
__Ltext2                  text2        000000
__Ltext20                 text20       000000
__Ltext21                 text21       000000
__Ltext3                  text3        000000
__Ltext4                  text4        000000
__Ltext5                  text5        000000
__Ltext6                  text6        000000
__Ltext7                  text7        000000
__Ltext8                  text8        000000
__Ltext9                  text9        000000
__S0                      (abs)        0010C8
__S1                      (abs)        000031
__S4                      (abs)        000000
__S5                      (abs)        000000
___heap_hi                (abs)        000000
___heap_lo                (abs)        000000
___inthi_sp               stack        000000
___inthi_stack_hi         stack        000000
___inthi_stack_lo         stack        000000
___intlo_sp               stack        000000
___intlo_stack_hi         stack        000000
___intlo_stack_lo         stack        000000
___lbdiv                  text7        000F28
___lbdiv@counter          cstackCOMRAM 00001B
___lbdiv@dividend         cstackCOMRAM 00001A
___lbdiv@divisor          cstackCOMRAM 000019
___lbdiv@quotient         cstackCOMRAM 00001C
___lbmod                  text6        000FC0
___lbmod@counter          cstackCOMRAM 000017
___lbmod@dividend         cstackCOMRAM 000016
___lbmod@divisor          cstackCOMRAM 000015
___lbmod@rem              cstackCOMRAM 000018
___param_bank             (abs)        000000
___rparam_used            (abs)        000001
___sp                     stack        000000
___stack_hi               stack        000000
___stack_lo               stack        000000
__accesstop               (abs)        000060
__activetblptr            (abs)        000002
__end_of_BorraLCD         text4        0010A6
__end_of_ConfiguraLCD     text12       001050
__end_of_DireccionaLCD    text8        00107C
__end_of_EnviaDato        text9        000EA2
__end_of_EscribeLCD_c     text2        001066
__end_of_EscribeLCD_n8    text5        000C28
__end_of_HabilitaLCD      text11       0010B4
__end_of_ISR              intcode_body 000A34
__end_of_InicializaLCD    text3        000DAA
__end_of_MensajeLCD_Var   text1        000FC0
__end_of_RetardoLCD       text10       000E00
__end_of___lbdiv          text7        000F60
__end_of___lbmod          text6        000FE8
__end_of__initialization  cinit        000F1A
__end_of_main             text0        000B42
__end_ofi2_EnviaDato      text19       000EEE
__end_ofi2_EscribeLCD_c   text15       001092
__end_ofi2_EscribeLCD_n8  text16       000D0E
__end_ofi2_HabilitaLCD    text21       0010C2
__end_ofi2_MensajeLCD_Var text14       001010
__end_ofi2_RetardoLCD     text20       000E56
__end_ofi2___lbdiv        text18       000F98
__end_ofi2___lbmod        text17       001038
__initialization          cinit        000EEE
__mediumconst             mediumconst  000000
__pbssCOMRAM              bssCOMRAM    000024
__pcinit                  cinit        000EEE
__pcstackCOMRAM           cstackCOMRAM 000001
__pdataCOMRAM             dataCOMRAM   00002A
__pidataCOMRAM            idataCOMRAM  0010C2
__pintcode                intcode      000008
__pintcode_body           intcode_body 000846
__psmallconst             smallconst   000800
__ptext0                  text0        000A34
__ptext1                  text1        000F98
__ptext10                 text10       000DAA
__ptext11                 text11       0010A6
__ptext12                 text12       001038
__ptext14                 text14       000FE8
__ptext15                 text15       00107C
__ptext16                 text16       000C28
__ptext17                 text17       001010
__ptext18                 text18       000F60
__ptext19                 text19       000EA2
__ptext2                  text2        001050
__ptext20                 text20       000E00
__ptext21                 text21       0010B4
__ptext3                  text3        000D0E
__ptext4                  text4        001092
__ptext5                  text5        000B42
__ptext6                  text6        000FC0
__ptext7                  text7        000F28
__ptext8                  text8        001066
__ptext9                  text9        000E56
__ramtop                  ramtop       000800
__smallconst              smallconst   000800
_aux                      dataCOMRAM   00002E
_contadas                 bssCOMRAM    000026
_faltantes                bssCOMRAM    000027
_input                    bssCOMRAM    000025
_interfaz                 dataCOMRAM   00002F
_main                     text0        000A34
_objetivo                 bssCOMRAM    000028
_ok                       bssCOMRAM    000024
btemp                     temp         000030
end_of_initialization     cinit        000F1A
i2EnviaDato@a             cstackCOMRAM 000004
i2EscribeLCD_c@a          cstackCOMRAM 000005
i2EscribeLCD_n8@a         cstackCOMRAM 00000D
i2EscribeLCD_n8@b         cstackCOMRAM 000009
i2EscribeLCD_n8@centena   cstackCOMRAM 00000A
i2EscribeLCD_n8@decena    cstackCOMRAM 00000B
i2EscribeLCD_n8@unidad    cstackCOMRAM 00000C
i2MensajeLCD_Var@a        cstackCOMRAM 000006
i2RetardoLCD@a            cstackCOMRAM 000002
i2_EnviaDato              text19       000EA2
i2_EscribeLCD_c           text15       00107C
i2_EscribeLCD_n8          text16       000C28
i2_HabilitaLCD            text21       0010B4
i2_MensajeLCD_Var         text14       000FE8
i2_RetardoLCD             text20       000E00
i2___lbdiv                text18       000F60
i2___lbdiv@counter        cstackCOMRAM 000007
i2___lbdiv@dividend       cstackCOMRAM 000006
i2___lbdiv@divisor        cstackCOMRAM 000005
i2___lbdiv@quotient       cstackCOMRAM 000008
i2___lbmod                text17       001010
i2___lbmod@counter        cstackCOMRAM 000003
i2___lbmod@dividend       cstackCOMRAM 000002
i2___lbmod@divisor        cstackCOMRAM 000001
i2___lbmod@rem            cstackCOMRAM 000004
int$flags                 temp         000030
int_func                  intcode_body 000846
intlevel0                 text         000000
intlevel1                 text         000000
intlevel2                 text         000000
intlevel3                 text         000000
isa$std                   (abs)        000001
isa$xinst                 (abs)        000000
stackhi                   (abs)        000000
stacklo                   (abs)        000000
start                     init         00000E
start_initialization      cinit        000EEE
ttemp5                    temp         000031
ttemp6                    temp         000034
ttemp7                    temp         000038
wtemp8                    temp         000031


MODULE INFORMATION

Module		Function		Class		Link	Load	Size
LAB4.c
		_ISR           		CODE           	0008	0000	500
		_main          		CODE           	0A34	0000	270

LAB4.c estimated size: 770

LibLCDXC8.h
		_DireccionaLCD 		CODE           	1066	0000	22
		_InicializaLCD 		CODE           	0D0E	0000	156
		_EnviaDato     		CODE           	0E56	0000	76
		_MensajeLCD_Var		CODE           	0F98	0000	40
		_EscribeLCD_c  		CODE           	1050	0000	22
		_HabilitaLCD   		CODE           	10A6	0000	14
		_EscribeLCD_n8 		CODE           	0B42	0000	230
		_ConfiguraLCD  		CODE           	1038	0000	24
		_BorraLCD      		CODE           	1092	0000	20
		_RetardoLCD    		CODE           	0DAA	0000	86

LibLCDXC8.h estimated size: 690

D:\Program Files\Microchip\xc8\v2.50\pic\sources\c90\common\lbdiv.c
		___lbdiv       		CODE           	0F28	0000	56

D:\Program Files\Microchip\xc8\v2.50\pic\sources\c90\common\lbdiv.c estimated size: 56

shared
		i2_MensajeLCD_Var		CODE           	0FE8	0000	40
		i2___lbdiv     		CODE           	0F60	0000	56
		i2___lbmod     		CODE           	1010	0000	40
		i2_EscribeLCD_c		CODE           	107C	0000	22
		i2_EnviaDato   		CODE           	0EA2	0000	76
		i2_EscribeLCD_n8		CODE           	0C28	0000	230
		__initialization		CODE           	0EEE	0000	44
		i2_HabilitaLCD 		CODE           	10B4	0000	14
		i2_RetardoLCD  		CODE           	0E00	0000	86

shared estimated size: 608

D:\Program Files\Microchip\xc8\v2.50\pic\sources\c90\common\lbmod.c
		___lbmod       		CODE           	0FC0	0000	40

D:\Program Files\Microchip\xc8\v2.50\pic\sources\c90\common\lbmod.c estimated size: 40

