Microchip MPLAB XC8 Compiler V2.50

Linker command line:

-W-3 \
  --edf=D:\Program Files\Microchip\xc8\v2.50\pic\dat\20240725155939_en.msgs \
  -cn -h+dist/default/production\LAB4.X.production.sym \
  --cmf=dist/default/production\LAB4.X.production.cmf -z -Q18F4550 \
  -oC:\Users\ASUSTU~1\AppData\Local\Temp\xcBs1jug.1\driver_tmp_3.obj \
  -Mdist/default/production/LAB4.X.production.map \
  --md=C:\Users\ASUSTU~1\AppData\Local\Temp\xcBs1jug.1\driver_tmp_0.dat -E1 \
  -ver=XC8 Compiler -ACODE=00h-07FFFh -ACONST=00h-07FFFh \
  -ASMALLCONST=0800h-08FFhx120 -AMEDIUMCONST=0800h-07FFFh -ACOMRAM=01h-05Fh \
  -AABS1=00h-07FFh -ABIGRAM=01h-07FFh -ARAM=060h-0FFh,0100h-01FFhx7 \
  -ABANK0=060h-0FFh -ABANK1=0100h-01FFh -ABANK2=0200h-02FFh \
  -ABANK3=0300h-03FFh -ABANK4=0400h-04FFh -ABANK5=0500h-05FFh \
  -ABANK6=0600h-06FFh -ABANK7=0700h-07FFh -ASFR=0F60h-0FFFh \
  -ABIGSFR=0F60h-0FFFh -ACONFIG=0300000h-030000Dh -AIDLOC=0200000h-0200007h \
  -AEEDATA=0F00000h-0F000FFh -peeprom_data=EEDATA \
  -preset_vec=00h,intcode=8h,intcodelo,powerup,init -pramtop=0800h \
  -psmallconst=SMALLCONST -pmediumconst=MEDIUMCONST -pconst=CONST \
  -AFARRAM=00h-00h \
  -prdata=COMRAM,nvrram=COMRAM,nvbit=COMRAM,rbss=COMRAM,rbit=COMRAM \
  -pfarbss=FARRAM,fardata=FARRAM,nvFARRAM=FARRAM \
  -pintsave_regs=BIGRAM,bigbss=BIGRAM,bigdata=BIGRAM -pbss=RAM \
  -pidata=CODE,irdata=CODE,ibigdata=CODE,ifardata=CODE -prparam=COMRAM \
  C:\Users\ASUSTU~1\AppData\Local\Temp\xcBs1jug.1\driver_tmp_9.obj \
  dist/default/production\LAB4.X.production.obj 

Object code version is 3.11

Machine type is 18F4550



                Name                               Link     Load   Length Selector   Space Scale
C:\Users\ASUSTU~1\AppData\Local\Temp\xcBs1jug.1\driver_tmp_9.obj
                idloc                            200000   200000        8        0       5
                config                           300000   300000        E        0       4
                init                                  E        E        4        4       0
                reset_vec                             0        0        4        0       0
dist/default/production\LAB4.X.production.obj
                intcode                               8        8        6        4       0
                idloc                            200000   200000        8        0       5
                config                           300000   300000        E        0       4
                temp                                 2F       2F        1        1       1
                smallconst                          800      800       6E      400       0
                text26                             12EE     12EE        E      437       0
                text25                              F58      F58       56      437       0
                text24                             10A2     10A2       4C      437       0
                text23                             128E     128E       16      437       0
                text22                             1278     1278       16      437       0
                text21                             115E     115E       38      437       0
                text20                             11E6     11E6       28      437       0
                text19                              D80      D80       E6      437       0
                text18                             1002     1002       54      437       0
                intcode_body                        86E      86E      23E      437       0
                text16                             1234     1234       18      437       0
                text15                             12E0     12E0        E      437       0
                text14                              F02      F02       56      437       0
                text13                             1056     1056       4C      437       0
                text12                             12CC     12CC       14      437       0
                text11                             1262     1262       16      437       0
                text10                             124C     124C       16      437       0
                text9                              11BE     11BE       28      437       0
                text8                              120E     120E       26      437       0
                text7                              1126     1126       38      437       0
                text6                              1196     1196       28      437       0
                text5                               C9A      C9A       E6      437       0
                text4                               E66      E66       9C      437       0
                text3                              12B8     12B8       14      437       0
                text2                               FAE      FAE       54      437       0
                text1                              12A4     12A4       14      437       0
                text0                               AAC      AAC      1EE      437       0
                cstackCOMRAM                          1        1       21        1       1
                dataCOMRAM                           2C       2C        3        1       1
                bssCOMRAM                            22       22        A        1       1
                cinit                              10EE     10EE       38      437       0
                idataCOMRAM                        12FC     12FC        3      437       0

TOTAL           Name                               Link     Load   Length     Space
        CLASS   CODE           
                intcode                               8        8        6         0
                init                                  E        E        4         0
                reset_vec                             0        0        4         0
                text26                             12EE     12EE        E         0
                text25                              F58      F58       56         0
                text24                             10A2     10A2       4C         0
                text23                             128E     128E       16         0
                text22                             1278     1278       16         0
                text21                             115E     115E       38         0
                text20                             11E6     11E6       28         0
                text19                              D80      D80       E6         0
                text18                             1002     1002       54         0
                intcode_body                        86E      86E      23E         0
                text16                             1234     1234       18         0
                text15                             12E0     12E0        E         0
                text14                              F02      F02       56         0
                text13                             1056     1056       4C         0
                text12                             12CC     12CC       14         0
                text11                             1262     1262       16         0
                text10                             124C     124C       16         0
                text9                              11BE     11BE       28         0
                text8                              120E     120E       26         0
                text7                              1126     1126       38         0
                text6                              1196     1196       28         0
                text5                               C9A      C9A       E6         0
                text4                               E66      E66       9C         0
                text3                              12B8     12B8       14         0
                text2                               FAE      FAE       54         0
                text1                              12A4     12A4       14         0
                text0                               AAC      AAC      1EE         0
                cinit                              10EE     10EE       38         0
                idataCOMRAM                        12FC     12FC        3         0

        CLASS   CONST          

        CLASS   SMALLCONST     
                smallconst                          800      800       6E         0

        CLASS   MEDIUMCONST    

        CLASS   COMRAM         
                temp                                 2F       2F        1         1
                cstackCOMRAM                          1        1       21         1
                dataCOMRAM                           2C       2C        3         1
                bssCOMRAM                            22       22        A         1

        CLASS   ABS1           

        CLASS   BIGRAM         

        CLASS   RAM            

        CLASS   BANK0          

        CLASS   BANK1          

        CLASS   BANK2          

        CLASS   BANK3          

        CLASS   BANK4          

        CLASS   BANK5          

        CLASS   BANK6          

        CLASS   BANK7          

        CLASS   SFR            

        CLASS   BIGSFR         

        CLASS   CONFIG         
                config                           300000   300000        E         4

        CLASS   IDLOC          
                idloc                            200000   200000        8         5

        CLASS   EEDATA         

        CLASS   FARRAM         

        CLASS   HEAP           

        CLASS   STACK          



SEGMENTS        Name                           Load    Length   Top    Selector   Space  Class

                reset_vec                      000000  000004  000004         0       0  CODE    
                cstackCOMRAM                   000001  00002F  000030         1       1  COMRAM  
                intcode                        000008  00000A  000012         4       0  CODE    
                smallconst                     000800  00006E  00086E       400       0  SMALLCON
                intcode_body                   00086E  000A91  0012FF       437       0  CODE    


UNUSED ADDRESS RANGES

        Name                Unused          Largest block    Delta
        BANK0            000060-0000FF               A0
        BANK1            000100-0001FF              100
        BANK2            000200-0002FF              100
        BANK3            000300-0003FF              100
        BANK4            000400-0004FF              100
        BANK5            000500-0005FF              100
        BANK6            000600-0006FF              100
        BANK7            000700-0007FF              100
        BIGRAM           000030-0007FF              7D0
        BIGSFR           000F60-000FFF               A0
        CODE             000004-000007                4
                         000012-0007FF              7EE
                         0012FF-007FFF             6D01
        COMRAM           000030-00005F               30
        CONST            000004-000007                4
                         000012-0007FF              7EE
                         0012FF-007FFF             6D01
        EEDATA           F00000-F000FF              100
        MEDIUMCONST      0012FF-007FFF             6D01
        RAM              000060-0007FF              100
        SFR              000F60-000FFF               A0
        SMALLCONST       0012FF-007FFF              100

                                  Symbol Table

ConfiguraLCD@a            cstackCOMRAM 000011
DireccionaLCD@a           cstackCOMRAM 000015
EnviaDato@a               cstackCOMRAM 000014
EscribeLCD_c@a            cstackCOMRAM 000015
EscribeLCD_n8@a           cstackCOMRAM 00001D
EscribeLCD_n8@b           cstackCOMRAM 000019
EscribeLCD_n8@centena     cstackCOMRAM 00001A
EscribeLCD_n8@decena      cstackCOMRAM 00001B
EscribeLCD_n8@unidad      cstackCOMRAM 00001C
MensajeLCD_Var@a          cstackCOMRAM 000016
RetardoLCD@a              cstackCOMRAM 000012
_ADCON1                   (abs)        000FC1
_BorraLCD                 text12       0012CC
_ConfiguraLCD             text16       001234
_DireccionaLCD            text11       001262
_Emergencia               text8        00120E
_EnviaDato                text13       001056
_EscribeLCD_c             text10       00124C
_EscribeLCD_n8            text5        000C9A
_FIN                      dataCOMRAM   00002C
_GIE                      (abs)        007F97
_HabilitaLCD              text15       0012E0
_ISR                      intcode      000008
_InicializaLCD            text4        000E66
_Iniciarpregunta          bssCOMRAM    000024
_LATA                     (abs)        000F89
_LATA1                    (abs)        007C49
_LATA2                    (abs)        007C4A
_LATA3                    (abs)        007C4B
_LATA4                    (abs)        007C4C
_LATA5                    (abs)        007C4D
_LATB                     (abs)        000F8A
_LATD                     (abs)        000F8C
_LATE                     (abs)        000F8D
_MensajeLCD_Var           text9        0011BE
_MostrarCursorLCD         text3        0012B8
_MostrarNumeros           text2        000FAE
_OcultarCursorLCD         text1        0012A4
_PORTB                    (abs)        000F81
_RA0                      (abs)        007C00
_RB4                      (abs)        007C0C
_RB5                      (abs)        007C0D
_RB6                      (abs)        007C0E
_RB7                      (abs)        007C0F
_RBIE                     (abs)        007F93
_RBIF                     (abs)        007F90
_RBPU                     (abs)        007F8F
_RI                       (abs)        007E84
_RetardoLCD               text14       000F02
_T0CON                    (abs)        000FD5
_TMR0                     (abs)        000FD6
_TMR0IE                   (abs)        007F95
_TMR0IF                   (abs)        007F92
_TMR0ON                   (abs)        007EAF
_TRISA                    (abs)        000F92
_TRISB                    (abs)        000F93
_TRISD                    (abs)        000F95
_TRISE                    (abs)        000F96
_Tecla                    bssCOMRAM    00002B
__HRAM                    (abs)        000000
__H__absolute__           __absolute__ 000000
__Habs1                   abs1         000000
__Hbank0                  bank0        000000
__Hbank1                  bank1        000000
__Hbank2                  bank2        000000
__Hbank3                  bank3        000000
__Hbank4                  bank4        000000
__Hbank5                  bank5        000000
__Hbank6                  bank6        000000
__Hbank7                  bank7        000000
__Hbigbss                 bigbss       000000
__Hbigdata                bigdata      000000
__Hbigram                 bigram       000000
__Hbigsfr                 bigsfr       000000
__Hbss                    bss          000000
__HbssCOMRAM              bssCOMRAM    000000
__Hcinit                  cinit        000000
__Hclrtext                clrtext      000000
__Hcomram                 comram       000000
__Hconfig                 config       30000E
__Hconst                  const        000000
__HcstackCOMRAM           cstackCOMRAM 000000
__Hdata                   data         000000
__HdataCOMRAM             dataCOMRAM   000000
__Heeprom_data            eeprom_data  000000
__Hfarbss                 farbss       000000
__Hfardata                fardata      000000
__Hheap                   heap         000000
__Hibigdata               ibigdata     000000
__Hidata                  idata        000000
__HidataCOMRAM            idataCOMRAM  000000
__Hidloc                  idloc        200008
__Hifardata               ifardata     000000
__Hinit                   init         000012
__Hintcode                intcode      00000E
__Hintcode_body           intcode_body 000000
__Hintcodelo              intcodelo    00000E
__Hintentry               intentry     000000
__Hintret                 intret       000000
__Hintsave_regs           intsave_regs 000000
__Hirdata                 irdata       000000
__Hmediumconst            mediumconst  000000
__HnvFARRAM               nvFARRAM     000000
__Hnvbit                  nvbit        000000
__Hnvrram                 nvrram       000000
__Hparam                  rparam       000000
__Hpowerup                powerup      00000E
__Hram                    ram          000000
__Hramtop                 ramtop       000800
__Hrbit                   rbit         000000
__Hrbss                   rbss         000000
__Hrdata                  rdata        000000
__Hreset_vec              reset_vec    000004
__Hrparam                 rparam       000000
__Hsfr                    sfr          000000
__Hsivt_hi                sivt_hi      000000
__Hsivt_lo                sivt_lo      000000
__Hsmallconst             smallconst   00086E
__Hspace_0                (abs)        0012FF
__Hspace_1                (abs)        000030
__Hspace_2                (abs)        000000
__Hspace_4                (abs)        60000E
__Hstack                  stack        000000
__Hstruct                 struct       000000
__Htemp                   temp         000030
__Htext                   text         000000
__Htext0                  text0        000000
__Htext1                  text1        000000
__Htext10                 text10       000000
__Htext11                 text11       000000
__Htext12                 text12       000000
__Htext13                 text13       000000
__Htext14                 text14       000000
__Htext15                 text15       000000
__Htext16                 text16       000000
__Htext18                 text18       000000
__Htext19                 text19       000000
__Htext2                  text2        000000
__Htext20                 text20       000000
__Htext21                 text21       000000
__Htext22                 text22       000000
__Htext23                 text23       000000
__Htext24                 text24       000000
__Htext25                 text25       000000
__Htext26                 text26       000000
__Htext3                  text3        000000
__Htext4                  text4        000000
__Htext5                  text5        000000
__Htext6                  text6        000000
__Htext7                  text7        000000
__Htext8                  text8        000000
__Htext9                  text9        000000
__LRAM                    (abs)        000001
__L__absolute__           __absolute__ 000000
__Labs1                   abs1         000000
__Lbank0                  bank0        000000
__Lbank1                  bank1        000000
__Lbank2                  bank2        000000
__Lbank3                  bank3        000000
__Lbank4                  bank4        000000
__Lbank5                  bank5        000000
__Lbank6                  bank6        000000
__Lbank7                  bank7        000000
__Lbigbss                 bigbss       000000
__Lbigdata                bigdata      000000
__Lbigram                 bigram       000000
__Lbigsfr                 bigsfr       000000
__Lbss                    bss          000000
__LbssCOMRAM              bssCOMRAM    000000
__Lcinit                  cinit        000000
__Lclrtext                clrtext      000000
__Lcomram                 comram       000000
__Lconfig                 config       000000
__Lconst                  const        000000
__LcstackCOMRAM           cstackCOMRAM 000000
__Ldata                   data         000000
__LdataCOMRAM             dataCOMRAM   000000
__Leeprom_data            eeprom_data  000000
__Lfarbss                 farbss       000000
__Lfardata                fardata      000000
__Lheap                   heap         000000
__Libigdata               ibigdata     000000
__Lidata                  idata        000000
__LidataCOMRAM            idataCOMRAM  000000
__Lidloc                  idloc        000000
__Lifardata               ifardata     000000
__Linit                   init         00000E
__Lintcode                intcode      000008
__Lintcode_body           intcode_body 000000
__Lintcodelo              intcodelo    00000E
__Lintentry               intentry     000000
__Lintret                 intret       000000
__Lintsave_regs           intsave_regs 000000
__Lirdata                 irdata       000000
__Lmediumconst            mediumconst  000000
__LnvFARRAM               nvFARRAM     000000
__Lnvbit                  nvbit        000000
__Lnvrram                 nvrram       000000
__Lparam                  rparam       000000
__Lpowerup                powerup      00000E
__Lram                    ram          000000
__Lramtop                 ramtop       000800
__Lrbit                   rbit         000000
__Lrbss                   rbss         000000
__Lrdata                  rdata        000000
__Lreset_vec              reset_vec    000000
__Lrparam                 rparam       000000
__Lsfr                    sfr          000000
__Lsivt_hi                sivt_hi      000000
__Lsivt_lo                sivt_lo      000000
__Lsmallconst             smallconst   000800
__Lspace_0                (abs)        000000
__Lspace_1                (abs)        000000
__Lspace_2                (abs)        000000
__Lspace_4                (abs)        000000
__Lstack                  stack        000000
__Lstruct                 struct       000000
__Ltemp                   temp         00002F
__Ltext                   text         000000
__Ltext0                  text0        000000
__Ltext1                  text1        000000
__Ltext10                 text10       000000
__Ltext11                 text11       000000
__Ltext12                 text12       000000
__Ltext13                 text13       000000
__Ltext14                 text14       000000
__Ltext15                 text15       000000
__Ltext16                 text16       000000
__Ltext18                 text18       000000
__Ltext19                 text19       000000
__Ltext2                  text2        000000
__Ltext20                 text20       000000
__Ltext21                 text21       000000
__Ltext22                 text22       000000
__Ltext23                 text23       000000
__Ltext24                 text24       000000
__Ltext25                 text25       000000
__Ltext26                 text26       000000
__Ltext3                  text3        000000
__Ltext4                  text4        000000
__Ltext5                  text5        000000
__Ltext6                  text6        000000
__Ltext7                  text7        000000
__Ltext8                  text8        000000
__Ltext9                  text9        000000
__S0                      (abs)        0012FF
__S1                      (abs)        000030
__S4                      (abs)        000000
__S5                      (abs)        000000
___heap_hi                (abs)        000000
___heap_lo                (abs)        000000
___inthi_sp               stack        000000
___inthi_stack_hi         stack        000000
___inthi_stack_lo         stack        000000
___intlo_sp               stack        000000
___intlo_stack_hi         stack        000000
___intlo_stack_lo         stack        000000
___lbdiv                  text7        001126
___lbdiv@counter          cstackCOMRAM 000017
___lbdiv@dividend         cstackCOMRAM 000016
___lbdiv@divisor          cstackCOMRAM 000015
___lbdiv@quotient         cstackCOMRAM 000018
___lbmod                  text6        001196
___lbmod@counter          cstackCOMRAM 000013
___lbmod@dividend         cstackCOMRAM 000012
___lbmod@divisor          cstackCOMRAM 000011
___lbmod@rem              cstackCOMRAM 000014
___param_bank             (abs)        000000
___rparam_used            (abs)        000001
___sp                     stack        000000
___stack_hi               stack        000000
___stack_lo               stack        000000
__accesstop               (abs)        000060
__activetblptr            (abs)        000002
__end_of_BorraLCD         text12       0012E0
__end_of_ConfiguraLCD     text16       00124C
__end_of_DireccionaLCD    text11       001278
__end_of_Emergencia       text8        001234
__end_of_EnviaDato        text13       0010A2
__end_of_EscribeLCD_c     text10       001262
__end_of_EscribeLCD_n8    text5        000D80
__end_of_HabilitaLCD      text15       0012EE
__end_of_ISR              intcode_body 000AAC
__end_of_InicializaLCD    text4        000F02
__end_of_MensajeLCD_Var   text9        0011E6
__end_of_MostrarCursorLCD text3        0012CC
__end_of_MostrarNumeros   text2        001002
__end_of_OcultarCursorLCD text1        0012B8
__end_of_RetardoLCD       text14       000F58
__end_of___lbdiv          text7        00115E
__end_of___lbmod          text6        0011BE
__end_of__initialization  cinit        001118
__end_of_main             text0        000C9A
__end_ofi2_DireccionaLCD  text23       0012A4
__end_ofi2_EnviaDato      text24       0010EE
__end_ofi2_EscribeLCD_c   text22       00128E
__end_ofi2_EscribeLCD_n8  text19       000E66
__end_ofi2_HabilitaLCD    text26       0012FC
__end_ofi2_MostrarNumeros text18       001056
__end_ofi2_RetardoLCD     text25       000FAE
__end_ofi2___lbdiv        text21       001196
__end_ofi2___lbmod        text20       00120E
__initialization          cinit        0010EE
__mediumconst             mediumconst  000000
__pbssCOMRAM              bssCOMRAM    000022
__pcinit                  cinit        0010EE
__pcstackCOMRAM           cstackCOMRAM 000001
__pdataCOMRAM             dataCOMRAM   00002C
__pidataCOMRAM            idataCOMRAM  0012FC
__pintcode                intcode      000008
__pintcode_body           intcode_body 00086E
__psmallconst             smallconst   000800
__ptext0                  text0        000AAC
__ptext1                  text1        0012A4
__ptext10                 text10       00124C
__ptext11                 text11       001262
__ptext12                 text12       0012CC
__ptext13                 text13       001056
__ptext14                 text14       000F02
__ptext15                 text15       0012E0
__ptext16                 text16       001234
__ptext18                 text18       001002
__ptext19                 text19       000D80
__ptext2                  text2        000FAE
__ptext20                 text20       0011E6
__ptext21                 text21       00115E
__ptext22                 text22       001278
__ptext23                 text23       00128E
__ptext24                 text24       0010A2
__ptext25                 text25       000F58
__ptext26                 text26       0012EE
__ptext3                  text3        0012B8
__ptext4                  text4        000E66
__ptext5                  text5        000C9A
__ptext6                  text6        001196
__ptext7                  text7        001126
__ptext8                  text8        00120E
__ptext9                  text9        0011BE
__ramtop                  ramtop       000800
__smallconst              smallconst   000800
_aux                      dataCOMRAM   00002D
_block                    bssCOMRAM    000026
_contadas                 bssCOMRAM    000028
_contador                 bssCOMRAM    000022
_emergency                bssCOMRAM    000023
_faltantes                bssCOMRAM    000029
_input                    bssCOMRAM    000027
_interfaz                 dataCOMRAM   00002E
_main                     text0        000AAC
_objetivo                 bssCOMRAM    00002A
_ok                       bssCOMRAM    000025
btemp                     temp         00002F
end_of_initialization     cinit        001118
i2DireccionaLCD@a         cstackCOMRAM 000005
i2EnviaDato@a             cstackCOMRAM 000004
i2EscribeLCD_c@a          cstackCOMRAM 000005
i2EscribeLCD_n8@a         cstackCOMRAM 00000D
i2EscribeLCD_n8@b         cstackCOMRAM 000009
i2EscribeLCD_n8@centena   cstackCOMRAM 00000A
i2EscribeLCD_n8@decena    cstackCOMRAM 00000B
i2EscribeLCD_n8@unidad    cstackCOMRAM 00000C
i2RetardoLCD@a            cstackCOMRAM 000002
i2_DireccionaLCD          text23       00128E
i2_EnviaDato              text24       0010A2
i2_EscribeLCD_c           text22       001278
i2_EscribeLCD_n8          text19       000D80
i2_HabilitaLCD            text26       0012EE
i2_MostrarNumeros         text18       001002
i2_RetardoLCD             text25       000F58
i2___lbdiv                text21       00115E
i2___lbdiv@counter        cstackCOMRAM 000007
i2___lbdiv@dividend       cstackCOMRAM 000006
i2___lbdiv@divisor        cstackCOMRAM 000005
i2___lbdiv@quotient       cstackCOMRAM 000008
i2___lbmod                text20       0011E6
i2___lbmod@counter        cstackCOMRAM 000003
i2___lbmod@dividend       cstackCOMRAM 000002
i2___lbmod@divisor        cstackCOMRAM 000001
i2___lbmod@rem            cstackCOMRAM 000004
int$flags                 temp         00002F
int_func                  intcode_body 00086E
intlevel0                 text         000000
intlevel1                 text         000000
intlevel2                 text         000000
intlevel3                 text         000000
isa$std                   (abs)        000001
isa$xinst                 (abs)        000000
main@Actual_RA0           cstackCOMRAM 000021
main@Antiguo_RA0          cstackCOMRAM 000020
stackhi                   (abs)        000000
stacklo                   (abs)        000000
start                     init         00000E
start_initialization      cinit        0010EE
ttemp5                    temp         000030
ttemp6                    temp         000033
ttemp7                    temp         000037
wtemp8                    temp         000030


MODULE INFORMATION

Module		Function		Class		Link	Load	Size
LAB4.c
		_ISR           		CODE           	0008	0000	580
		_main          		CODE           	0AAC	0000	494
		_Emergencia    		CODE           	120E	0000	38
		_MostrarNumeros		CODE           	0FAE	0000	84

LAB4.c estimated size: 1196

LibLCDXC8.h
		_DireccionaLCD 		CODE           	1262	0000	22
		_InicializaLCD 		CODE           	0E66	0000	156
		_EnviaDato     		CODE           	1056	0000	76
		_MostrarCursorLCD		CODE           	12B8	0000	20
		_MensajeLCD_Var		CODE           	11BE	0000	40
		_EscribeLCD_c  		CODE           	124C	0000	22
		_HabilitaLCD   		CODE           	12E0	0000	14
		_EscribeLCD_n8 		CODE           	0C9A	0000	230
		_ConfiguraLCD  		CODE           	1234	0000	24
		_BorraLCD      		CODE           	12CC	0000	20
		_RetardoLCD    		CODE           	0F02	0000	86
		_OcultarCursorLCD		CODE           	12A4	0000	20

LibLCDXC8.h estimated size: 730

D:\Program Files\Microchip\xc8\v2.50\pic\sources\c90\common\lbdiv.c
		___lbdiv       		CODE           	1126	0000	56

D:\Program Files\Microchip\xc8\v2.50\pic\sources\c90\common\lbdiv.c estimated size: 56

shared
		i2___lbdiv     		CODE           	115E	0000	56
		i2___lbmod     		CODE           	11E6	0000	40
		i2_EscribeLCD_c		CODE           	1278	0000	22
		i2_EnviaDato   		CODE           	10A2	0000	76
		i2_EscribeLCD_n8		CODE           	0D80	0000	230
		__initialization		CODE           	10EE	0000	42
		i2_DireccionaLCD		CODE           	128E	0000	22
		i2_HabilitaLCD 		CODE           	12EE	0000	14
		i2_RetardoLCD  		CODE           	0F58	0000	86
		i2_MostrarNumeros		CODE           	1002	0000	84

shared estimated size: 672

D:\Program Files\Microchip\xc8\v2.50\pic\sources\c90\common\lbmod.c
		___lbmod       		CODE           	1196	0000	40

D:\Program Files\Microchip\xc8\v2.50\pic\sources\c90\common\lbmod.c estimated size: 40

