Microchip MPLAB XC8 Compiler V2.50

Linker command line:

-W-3 \
  --edf=D:\Program Files\Microchip\xc8\v2.50\pic\dat\20240725155939_en.msgs \
  -cn -h+dist/default/production\CLASS1601.X.production.sym \
  --cmf=dist/default/production\CLASS1601.X.production.cmf -z -Q18F4450 \
  -oC:\Users\ASUSTU~1\AppData\Local\Temp\xcAs2fo.\driver_tmp_3.obj \
  -Mdist/default/production/CLASS1601.X.production.map \
  --md=C:\Users\ASUSTU~1\AppData\Local\Temp\xcAs2fo.\driver_tmp_0.dat -E1 \
  -ver=XC8 Compiler -ACODE=00h-03FFFh -ACONST=00h-03FFFh \
  -ASMALLCONST=0500h-05FFhx59 -AMEDIUMCONST=0500h-03FFFh -ACOMRAM=01h-05Fh \
  -AABS1=00h-01FFh,0400h-04FFh -ABIGRAM=01h-01FFh,0400h-04FFh \
  -ARAM=060h-0FFh,0100h-01FFh,0400h-04FFh -ABANK0=060h-0FFh \
  -ABANK1=0100h-01FFh -ABANK4=0400h-04FFh -ASFR=0F60h-0FFFh \
  -ABIGSFR=0F60h-0FFFh -ACONFIG=0300000h-030000Dh -AIDLOC=0200000h-0200007h \
  -preset_vec=00h,intcode,sivt_hi,intcodelo,sivt_lo,powerup,init \
  -pramtop=0500h -psmallconst=SMALLCONST -pmediumconst=MEDIUMCONST \
  -pconst=CONST -AFARRAM=00h-00h \
  -prdata=COMRAM,nvrram=COMRAM,nvbit=COMRAM,rbss=COMRAM,rbit=COMRAM \
  -pfarbss=FARRAM,fardata=FARRAM,nvFARRAM=FARRAM \
  -pintsave_regs=BIGRAM,bigbss=BIGRAM,bigdata=BIGRAM -pbss=RAM \
  -pidata=CODE,irdata=CODE,ibigdata=CODE,ifardata=CODE -prparam=COMRAM \
  C:\Users\ASUSTU~1\AppData\Local\Temp\xcAs2fo.\driver_tmp_9.obj \
  dist/default/production\CLASS1601.X.production.obj 

Object code version is 3.11

Machine type is 18F4450



                Name                               Link     Load   Length Selector   Space Scale
C:\Users\ASUSTU~1\AppData\Local\Temp\xcAs2fo.\driver_tmp_9.obj
                idloc                            200000   200000        8        0       5
                config                           300000   300000        E        0       4
                init                                  0        0        4        0       0
dist/default/production\CLASS1601.X.production.obj
                idloc                            200000   200000        8        0       5
                config                           300000   300000        E        0       4
                smallconst                          500      500        2      280       0
                text1                               546      546       38      281       0
                text0                               502      502       44      281       0
                cstackCOMRAM                         21       21        7        1       1
                bssCOMRAM                             1        1       20        1       1
                bitbssCOMRAM                        140       28        1        1       1     8
                cinit                               57E      57E       14      281       0

TOTAL           Name                               Link     Load   Length     Space
        CLASS   CODE           
                init                                  0        0        4         0
                text1                               546      546       38         0
                text0                               502      502       44         0
                cinit                               57E      57E       14         0

        CLASS   CONST          

        CLASS   SMALLCONST     
                smallconst                          500      500        2         0

        CLASS   MEDIUMCONST    

        CLASS   COMRAM         
                cstackCOMRAM                         21       21        7         1
                bssCOMRAM                             1        1       20         1
                bitbssCOMRAM                        140       28        1         1

        CLASS   ABS1           

        CLASS   BIGRAM         

        CLASS   RAM            

        CLASS   BANK0          

        CLASS   BANK1          

        CLASS   BANK4          

        CLASS   SFR            

        CLASS   BIGSFR         

        CLASS   CONFIG         
                config                           300000   300000        E         4

        CLASS   IDLOC          
                idloc                            200000   200000        8         5

        CLASS   FARRAM         

        CLASS   HEAP           

        CLASS   STACK          



SEGMENTS        Name                           Load    Length   Top    Selector   Space  Class

                reset_vec                      000000  000004  000004         0       0  CODE    
                bssCOMRAM                      000001  000028  000029         1       1  COMRAM  
                smallconst                     000500  000002  000502       280       0  SMALLCON
                text0                          000502  000090  000592       281       0  CODE    


UNUSED ADDRESS RANGES

        Name                Unused          Largest block    Delta
        BANK0            000060-0000FF               A0
        BANK1            000100-0001FF              100
        BANK4            000400-0004FF              100
        BIGRAM           000029-0001FF              1D7
                         000400-0004FF              100
        BIGSFR           000F60-000FFF               A0
        CODE             000004-0004FF              4FC
                         000592-003FFF             3A6E
        COMRAM           000029-00005F               37
        CONST            000004-0004FF              4FC
                         000592-003FFF             3A6E
        MEDIUMCONST      000592-003FFF             3A6E
        RAM              000060-0001FF               A0
                         000400-0004FF              100
        SFR              000F60-000FFF               A0
        SMALLCONST       000592-003FFF              100

                                  Symbol Table

_A                       bssCOMRAM    000011
_B                       bssCOMRAM    000001
_LATD0                   (abs)        007C60
_TRISD0                  (abs)        007CA8
__HRAM                   (abs)        000000
__H__absolute__          __absolute__ 000000
__Habs1                  abs1         000000
__Hbank0                 bank0        000000
__Hbank1                 bank1        000000
__Hbank4                 bank4        000000
__Hbigbss                bigbss       000000
__Hbigdata               bigdata      000000
__Hbigram                bigram       000000
__Hbigsfr                bigsfr       000000
__HbitbssCOMRAM          bitbssCOMRAM 000000
__Hbss                   bss          000000
__HbssCOMRAM             bssCOMRAM    000000
__Hcinit                 cinit        000000
__Hclrtext               clrtext      000000
__Hcomram                comram       000000
__Hconfig                config       30000E
__Hconst                 const        000000
__HcstackCOMRAM          cstackCOMRAM 000000
__Hdata                  data         000000
__Hfarbss                farbss       000000
__Hfardata               fardata      000000
__Hheap                  heap         000000
__Hibigdata              ibigdata     000000
__Hidata                 idata        000000
__Hidloc                 idloc        200008
__Hifardata              ifardata     000000
__Hinit                  init         000004
__Hintcode               intcode      000000
__Hintcode_body          intcode_body 000000
__Hintcodelo             intcodelo    000000
__Hintentry              intentry     000000
__Hintret                intret       000000
__Hintsave_regs          intsave_regs 000000
__Hirdata                irdata       000000
__Hmediumconst           mediumconst  000000
__HnvFARRAM              nvFARRAM     000000
__Hnvbit                 nvbit        000000
__Hnvrram                nvrram       000000
__Hparam                 rparam       000000
__Hpowerup               powerup      000000
__Hram                   ram          000000
__Hramtop                ramtop       000500
__Hrbit                  rbit         000000
__Hrbss                  rbss         000000
__Hrdata                 rdata        000000
__Hreset_vec             reset_vec    000000
__Hrparam                rparam       000000
__Hsfr                   sfr          000000
__Hsivt_hi               sivt_hi      000000
__Hsivt_lo               sivt_lo      000000
__Hsmallconst            smallconst   000502
__Hspace_0               (abs)        000592
__Hspace_1               (abs)        000141
__Hspace_2               (abs)        000000
__Hspace_4               (abs)        60000E
__Hstack                 stack        000000
__Hstruct                struct       000000
__Htemp                  temp         000000
__Htext                  text         000000
__Htext0                 text0        000000
__Htext1                 text1        000000
__LRAM                   (abs)        000001
__L__absolute__          __absolute__ 000000
__Labs1                  abs1         000000
__Lbank0                 bank0        000000
__Lbank1                 bank1        000000
__Lbank4                 bank4        000000
__Lbigbss                bigbss       000000
__Lbigdata               bigdata      000000
__Lbigram                bigram       000000
__Lbigsfr                bigsfr       000000
__LbitbssCOMRAM          bitbssCOMRAM 000000
__Lbss                   bss          000000
__LbssCOMRAM             bssCOMRAM    000000
__Lcinit                 cinit        000000
__Lclrtext               clrtext      000000
__Lcomram                comram       000000
__Lconfig                config       000000
__Lconst                 const        000000
__LcstackCOMRAM          cstackCOMRAM 000000
__Ldata                  data         000000
__Lfarbss                farbss       000000
__Lfardata               fardata      000000
__Lheap                  heap         000000
__Libigdata              ibigdata     000000
__Lidata                 idata        000000
__Lidloc                 idloc        000000
__Lifardata              ifardata     000000
__Linit                  init         000000
__Lintcode               intcode      000000
__Lintcode_body          intcode_body 000000
__Lintcodelo             intcodelo    000000
__Lintentry              intentry     000000
__Lintret                intret       000000
__Lintsave_regs          intsave_regs 000000
__Lirdata                irdata       000000
__Lmediumconst           mediumconst  000000
__LnvFARRAM              nvFARRAM     000000
__Lnvbit                 nvbit        000000
__Lnvrram                nvrram       000000
__Lparam                 rparam       000000
__Lpowerup               powerup      000000
__Lram                   ram          000000
__Lramtop                ramtop       000500
__Lrbit                  rbit         000000
__Lrbss                  rbss         000000
__Lrdata                 rdata        000000
__Lreset_vec             reset_vec    000000
__Lrparam                rparam       000000
__Lsfr                   sfr          000000
__Lsivt_hi               sivt_hi      000000
__Lsivt_lo               sivt_lo      000000
__Lsmallconst            smallconst   000500
__Lspace_0               (abs)        000000
__Lspace_1               (abs)        000000
__Lspace_2               (abs)        000000
__Lspace_4               (abs)        000000
__Lstack                 stack        000000
__Lstruct                struct       000000
__Ltemp                  temp         000000
__Ltext                  text         000000
__Ltext0                 text0        000000
__Ltext1                 text1        000000
__S0                     (abs)        000592
__S1                     (abs)        000029
__S4                     (abs)        000000
__S5                     (abs)        000000
___heap_hi               (abs)        000000
___heap_lo               (abs)        000000
___inthi_sp              stack        000000
___inthi_stack_hi        stack        000000
___inthi_stack_lo        stack        000000
___intlo_sp              stack        000000
___intlo_stack_hi        stack        000000
___intlo_stack_lo        stack        000000
___lbdiv                 text1        000546
___lbdiv@counter         cstackCOMRAM 000023
___lbdiv@dividend        cstackCOMRAM 000022
___lbdiv@divisor         cstackCOMRAM 000021
___lbdiv@quotient        cstackCOMRAM 000024
___param_bank            (abs)        000000
___rparam_used           (abs)        000001
___sp                    stack        000000
___stack_hi              stack        000000
___stack_lo              stack        000000
__accesstop              (abs)        000060
__activetblptr           (abs)        000000
__end_of___lbdiv         text1        00057E
__end_of__initialization cinit        00058C
__end_of_main            text0        000546
__initialization         cinit        00057E
__mediumconst            mediumconst  000000
__pbitbssCOMRAM          bitbssCOMRAM 000140
__pbssCOMRAM             bssCOMRAM    000001
__pcinit                 cinit        00057E
__pcstackCOMRAM          cstackCOMRAM 000021
__psmallconst            smallconst   000500
__ptext0                 text0        000502
__ptext1                 text1        000546
__ramtop                 ramtop       000500
__smallconst             smallconst   000500
_a                       bssCOMRAM    00001E
_b                       bssCOMRAM    000020
_c                       bssCOMRAM    00000D
_d                       bssCOMRAM    000017
_e                       bssCOMRAM    000014
_f                       bitbssCOMRAM 000140
_g                       bssCOMRAM    00001C
_h                       bssCOMRAM    00001A
_main                    text0        000502
end_of_initialization    cinit        00058C
intlevel0                text         000000
intlevel1                text         000000
intlevel2                text         000000
intlevel3                text         000000
isa$std                  (abs)        000001
isa$xinst                (abs)        000000
main@b1                  cstackCOMRAM 000027
stackhi                  (abs)        000000
stacklo                  (abs)        000000
start                    init         000000
start_initialization     cinit        00057E


MODULE INFORMATION

Module		Function		Class		Link	Load	Size
D:\Program Files\Microchip\xc8\v2.50\pic\sources\c90\common\lbdiv.c
		___lbdiv       		CODE           	0546	0000	56

D:\Program Files\Microchip\xc8\v2.50\pic\sources\c90\common\lbdiv.c estimated size: 56

shared
		__initialization		CODE           	057E	0000	14

shared estimated size: 14

CLASS1601.c
		_main          		CODE           	0502	0000	68

CLASS1601.c estimated size: 68

