Microchip MPLAB XC8 Compiler V2.50

Linker command line:

-W-3 \
  --edf=D:\Program Files\Microchip\xc8\v2.50\pic\dat\20240725155939_en.msgs \
  -cn -h+dist/default/production\Lab6Pruebas.X.production.sym \
  --cmf=dist/default/production\Lab6Pruebas.X.production.cmf -z -Q18F4550 \
  -oC:\Users\ASUSTU~1\AppData\Local\Temp\xcAsgjg.\driver_tmp_3.obj \
  -Mdist/default/production/Lab6Pruebas.X.production.map \
  --md=C:\Users\ASUSTU~1\AppData\Local\Temp\xcAsgjg.\driver_tmp_0.dat -E1 \
  -ver=XC8 Compiler -ACODE=00h-07FFFh -ACONST=00h-07FFFh \
  -ASMALLCONST=0800h-08FFhx120 -AMEDIUMCONST=0800h-07FFFh -ACOMRAM=01h-05Fh \
  -AABS1=00h-07FFh -ABIGRAM=01h-07FFh -ARAM=060h-0FFh,0100h-01FFhx7 \
  -ABANK0=060h-0FFh -ABANK1=0100h-01FFh -ABANK2=0200h-02FFh \
  -ABANK3=0300h-03FFh -ABANK4=0400h-04FFh -ABANK5=0500h-05FFh \
  -ABANK6=0600h-06FFh -ABANK7=0700h-07FFh -ASFR=0F60h-0FFFh \
  -ABIGSFR=0F60h-0FFFh -ACONFIG=0300000h-030000Dh -AIDLOC=0200000h-0200007h \
  -AEEDATA=0F00000h-0F000FFh -peeprom_data=EEDATA \
  -preset_vec=00h,intcode=8h,intcodelo,powerup,init -pramtop=0800h \
  -psmallconst=SMALLCONST -pmediumconst=MEDIUMCONST -pconst=CONST \
  -AFARRAM=00h-00h \
  -prdata=COMRAM,nvrram=COMRAM,nvbit=COMRAM,rbss=COMRAM,rbit=COMRAM \
  -pfarbss=FARRAM,fardata=FARRAM,nvFARRAM=FARRAM \
  -pintsave_regs=BIGRAM,bigbss=BIGRAM,bigdata=BIGRAM -pbss=RAM \
  -pidata=CODE,irdata=CODE,ibigdata=CODE,ifardata=CODE -prparam=COMRAM \
  C:\Users\ASUSTU~1\AppData\Local\Temp\xcAsgjg.\driver_tmp_9.obj \
  dist/default/production\Lab6Pruebas.X.production.obj 

Object code version is 3.11

Machine type is 18F4550



                Name                               Link     Load   Length Selector   Space Scale
C:\Users\ASUSTU~1\AppData\Local\Temp\xcAsgjg.\driver_tmp_9.obj
                idloc                            200000   200000        8        0       5
                config                           300000   300000        E        0       4
                init                                  E        E        4        4       0
                reset_vec                             0        0        4        0       0
dist/default/production\Lab6Pruebas.X.production.obj
                intcode                               8        8        6        4       0
                idloc                            200000   200000        8        0       5
                config                           300000   300000        E        0       4
                temp                                 42       42        1        1       1
                smallconst                          800      800       A2      400       0
                text41                             1AE8     1AE8       20      451       0
                text40                             1836     1836       52      451       0
                text39                             1530     1530       70      451       0
                text38                             1BD0     1BD0        C      451       0
                text37                             17E4     17E4       52      451       0
                text36                             1364     1364       AE      451       0
                text35                             19C8     19C8       36      451       0
                text34                             1292     1292       D2      451       0
                text33                             14AE     14AE       82      451       0
                text32                             15A0     15A0       6E      451       0
                text31                             11C0     11C0       D2      451       0
                text30                             1BC2     1BC2        E      451       0
                text29                             178E     178E       56      451       0
                text28                             18D4     18D4       4C      451       0
                text27                             1B62     1B62       16      451       0
                text26                             1B4C     1B4C       16      451       0
                text25                             1990     1990       38      451       0
                text24                             1A78     1A78       28      451       0
                text23                             10DA     10DA       E6      451       0
                text22                             1AC4     1AC4       24      451       0
                text21                             1676     1676       68      451       0
                intcode_body                        8A2      8A2      3D6      451       0
                text19                             1B08     1B08       18      451       0
                text18                             1BB4     1BB4        E      451       0
                text17                             1738     1738       56      451       0
                text16                             1888     1888       4C      451       0
                text15                             16DE     16DE       5A      451       0
                text14                             1B36     1B36       16      451       0
                text13                             1B20     1B20       16      451       0
                text12                             1BA0     1BA0       14      451       0
                text11                             1412     1412       9C      451       0
                text10                             1B8C     1B8C       14      451       0
                text9                              1B78     1B78       14      451       0
                text8                               ED0      ED0      10A      451       0
                text7                              1A50     1A50       28      451       0
                text6                              19FE     19FE       2A      451       0
                text5                              1958     1958       38      451       0
                text4                              1A28     1A28       28      451       0
                text3                               FDA      FDA      100      451       0
                text2                              1AA0     1AA0       24      451       0
                text1                              160E     160E       68      451       0
                text0                               C78      C78      258      451       0
                cstackCOMRAM                          1        1       27        1       1
                cstackBANK0                          60       60        6       60       1
                dataCOMRAM                           3F       3F        3        1       1
                bssCOMRAM                            28       28       17        1       1
                cinit                              1920     1920       38      451       0
                idataCOMRAM                        1BDC     1BDC        3      451       0

TOTAL           Name                               Link     Load   Length     Space
        CLASS   CODE           
                intcode                               8        8        6         0
                init                                  E        E        4         0
                reset_vec                             0        0        4         0
                text41                             1AE8     1AE8       20         0
                text40                             1836     1836       52         0
                text39                             1530     1530       70         0
                text38                             1BD0     1BD0        C         0
                text37                             17E4     17E4       52         0
                text36                             1364     1364       AE         0
                text35                             19C8     19C8       36         0
                text34                             1292     1292       D2         0
                text33                             14AE     14AE       82         0
                text32                             15A0     15A0       6E         0
                text31                             11C0     11C0       D2         0
                text30                             1BC2     1BC2        E         0
                text29                             178E     178E       56         0
                text28                             18D4     18D4       4C         0
                text27                             1B62     1B62       16         0
                text26                             1B4C     1B4C       16         0
                text25                             1990     1990       38         0
                text24                             1A78     1A78       28         0
                text23                             10DA     10DA       E6         0
                text22                             1AC4     1AC4       24         0
                text21                             1676     1676       68         0
                intcode_body                        8A2      8A2      3D6         0
                text19                             1B08     1B08       18         0
                text18                             1BB4     1BB4        E         0
                text17                             1738     1738       56         0
                text16                             1888     1888       4C         0
                text15                             16DE     16DE       5A         0
                text14                             1B36     1B36       16         0
                text13                             1B20     1B20       16         0
                text12                             1BA0     1BA0       14         0
                text11                             1412     1412       9C         0
                text10                             1B8C     1B8C       14         0
                text9                              1B78     1B78       14         0
                text8                               ED0      ED0      10A         0
                text7                              1A50     1A50       28         0
                text6                              19FE     19FE       2A         0
                text5                              1958     1958       38         0
                text4                              1A28     1A28       28         0
                text3                               FDA      FDA      100         0
                text2                              1AA0     1AA0       24         0
                text1                              160E     160E       68         0
                text0                               C78      C78      258         0
                cinit                              1920     1920       38         0
                idataCOMRAM                        1BDC     1BDC        3         0

        CLASS   CONST          

        CLASS   SMALLCONST     
                smallconst                          800      800       A2         0

        CLASS   MEDIUMCONST    

        CLASS   COMRAM         
                temp                                 42       42        1         1
                cstackCOMRAM                          1        1       27         1
                dataCOMRAM                           3F       3F        3         1
                bssCOMRAM                            28       28       17         1

        CLASS   ABS1           

        CLASS   BIGRAM         

        CLASS   RAM            

        CLASS   BANK0          
                cstackBANK0                          60       60        6         1

        CLASS   BANK1          

        CLASS   BANK2          

        CLASS   BANK3          

        CLASS   BANK4          

        CLASS   BANK5          

        CLASS   BANK6          

        CLASS   BANK7          

        CLASS   SFR            

        CLASS   BIGSFR         

        CLASS   CONFIG         
                config                           300000   300000        E         4

        CLASS   IDLOC          
                idloc                            200000   200000        8         5

        CLASS   EEDATA         

        CLASS   FARRAM         

        CLASS   HEAP           

        CLASS   STACK          



SEGMENTS        Name                           Load    Length   Top    Selector   Space  Class

                reset_vec                      000000  000004  000004         0       0  CODE    
                cstackCOMRAM                   000001  000042  000043         1       1  COMRAM  
                intcode                        000008  00000A  000012         4       0  CODE    
                cstackBANK0                    000060  000006  000066        60       1  BANK0   
                smallconst                     000800  0000A2  0008A2       400       0  SMALLCON
                intcode_body                   0008A2  00133D  001BDF       451       0  CODE    


UNUSED ADDRESS RANGES

        Name                Unused          Largest block    Delta
        BANK0            000066-0000FF               9A
        BANK1            000100-0001FF              100
        BANK2            000200-0002FF              100
        BANK3            000300-0003FF              100
        BANK4            000400-0004FF              100
        BANK5            000500-0005FF              100
        BANK6            000600-0006FF              100
        BANK7            000700-0007FF              100
        BIGRAM           000043-00005F               1D
                         000066-0007FF              79A
        BIGSFR           000F60-000FFF               A0
        CODE             000004-000007                4
                         000012-0007FF              7EE
                         001BDF-007FFF             6421
        COMRAM           000043-00005F               1D
        CONST            000004-000007                4
                         000012-0007FF              7EE
                         001BDF-007FFF             6421
        EEDATA           F00000-F000FF              100
        MEDIUMCONST      001BDF-007FFF             6421
        RAM              000066-0007FF              100
        SFR              000F60-000FFF               A0
        SMALLCONST       001BDF-007FFF              100

                                  Symbol Table

?___awdiv                 cstackCOMRAM 000001
?___awmod                 cstackCOMRAM 000001
?___awtoft                cstackCOMRAM 000009
?___ftpack                cstackCOMRAM 000001
?___fttol                 cstackCOMRAM 000001
?___lwdiv                 cstackCOMRAM 000001
Bienvenida@max_pos        cstackBANK0  000060
Bienvenida@pos            cstackBANK0  000061
ConfiguraLCD@a            cstackCOMRAM 00001E
ConversionADC@canal       cstackCOMRAM 000001
CrearCaracter@data        cstackCOMRAM 000022
CrearCaracter@i           cstackCOMRAM 000025
CrearCaracter@pos         cstackCOMRAM 000024
DireccionaLCD@a           cstackCOMRAM 000022
EEPROM_Write@address      cstackCOMRAM 00001F
EEPROM_Write@data         cstackCOMRAM 00001E
EnviaDato@a               cstackCOMRAM 000021
EscribeLCD_c@a            cstackCOMRAM 000022
EscribeLCD_n8@a           cstackBANK0  000063
EscribeLCD_n8@b           cstackCOMRAM 000026
EscribeLCD_n8@centena     cstackBANK0  000060
EscribeLCD_n8@decena      cstackBANK0  000061
EscribeLCD_n8@unidad      cstackBANK0  000062
ISR@comando               cstackCOMRAM 00001D
ISR@d                     cstackCOMRAM 00001A
ISR@numAscii              cstackCOMRAM 00001A
MedirDistancia@aux        cstackCOMRAM 000008
MensajeLCD_Var@a          cstackCOMRAM 000023
RetardoLCD@a              cstackCOMRAM 00001F
Transmitir@BufferT        cstackCOMRAM 000001
TransmitirVar@buffer      cstackCOMRAM 000002
_ADCON0                   (abs)        000FC2
_ADCON1                   (abs)        000FC1
_ADCON2                   (abs)        000FC0
_ADRESH                   (abs)        000FC4
_Actual_sensor            bssCOMRAM    00002C
_BAUDCON                  (abs)        000FB8
_Bienvenida               text8        000ED0
_BorraLCD                 text12       001BA0
_CCP1CON                  (abs)        000FBD
_CCP2CON                  (abs)        000FBA
_CCP2IF                   (abs)        007D08
_CCPR1L                   (abs)        000FBE
_CCPR2                    (abs)        000FBB
_CREN                     (abs)        007D5C
_ConfiguraLCD             text19       001B08
_ConversionADC            text41       001AE8
_CrearCaracter            text15       0016DE
_DireccionaLCD            text14       001B36
_EEADR                    (abs)        000FA9
_EECON1bits               (abs)        000FA6
_EECON2                   (abs)        000FA7
_EEDATA                   (abs)        000FA8
_EEPROM_Write             text2        001AA0
_Emergencia               text6        0019FE
_EnviaDato                text16       001888
_EscribeLCD_c             text13       001B20
_EscribeLCD_n8            text3        000FDA
_FIN                      dataCOMRAM   00003F
_GIE                      (abs)        007F97
_GO                       (abs)        007E11
_HabilitaLCD              text18       001BB4
_INTCONbits               (abs)        000FF2
_ISR                      intcode      000008
_InicializaLCD            text11       001412
_Iniciarpregunta          bssCOMRAM    000035
_LATA                     (abs)        000F89
_LATA1                    (abs)        007C49
_LATA2                    (abs)        007C4A
_LATA3                    (abs)        007C4B
_LATA4                    (abs)        007C4C
_LATA5                    (abs)        007C4D
_LATB                     (abs)        000F8A
_LATC                     (abs)        000F8B
_LATD                     (abs)        000F8C
_LATE                     (abs)        000F8D
_MedirDistancia           text39       001530
_MensajeLCD_Var           text7        001A50
_MostrarCursorLCD         text10       001B8C
_MostrarNumeros           text1        00160E
_OcultarCursorLCD         text9        001B78
_PORTB                    (abs)        000F81
_PR2                      (abs)        000FCB
_RB4                      (abs)        007C0C
_RB5                      (abs)        007C0D
_RB6                      (abs)        007C0E
_RB7                      (abs)        007C0F
_RBIE                     (abs)        007F93
_RBIF                     (abs)        007F90
_RBPU                     (abs)        007F8F
_RC0                      (abs)        007C10
_RC1                      (abs)        007C11
_RCIE                     (abs)        007CED
_RCIF                     (abs)        007CF5
_RCREG                    (abs)        000FAE
_RCSTA                    (abs)        000FAB
_RI                       (abs)        007E84
_RetardoLCD               text17       001738
_SPBRG                    (abs)        000FAF
_T0CON                    (abs)        000FD5
_T1CON                    (abs)        000FCD
_T2CON                    (abs)        000FCA
_TMR0                     (abs)        000FD6
_TMR0IE                   (abs)        007F95
_TMR0IF                   (abs)        007F92
_TMR0ON                   (abs)        007EAF
_TMR1                     (abs)        000FCE
_TMR1IF                   (abs)        007CF0
_TMR1ON                   (abs)        007E68
_TMR2                     (abs)        000FCC
_TMR2ON                   (abs)        007E52
_TRISA                    (abs)        000F92
_TRISB                    (abs)        000F93
_TRISC0                   (abs)        007CA0
_TRISC2                   (abs)        007CA2
_TRISD                    (abs)        000F95
_TRISE                    (abs)        000F96
_TRMT                     (abs)        007D61
_TXREG                    (abs)        000FAD
_TXSTA                    (abs)        000FAC
_Tecla                    bssCOMRAM    00003C
_Transmitir               text38       001BD0
_TransmitirVar            text37       0017E4
__HRAM                    (abs)        000000
__H__absolute__           __absolute__ 000000
__Habs1                   abs1         000000
__Hbank0                  bank0        000000
__Hbank1                  bank1        000000
__Hbank2                  bank2        000000
__Hbank3                  bank3        000000
__Hbank4                  bank4        000000
__Hbank5                  bank5        000000
__Hbank6                  bank6        000000
__Hbank7                  bank7        000000
__Hbigbss                 bigbss       000000
__Hbigdata                bigdata      000000
__Hbigram                 bigram       000000
__Hbigsfr                 bigsfr       000000
__Hbss                    bss          000000
__HbssCOMRAM              bssCOMRAM    000000
__Hcinit                  cinit        000000
__Hclrtext                clrtext      000000
__Hcomram                 comram       000000
__Hconfig                 config       30000E
__Hconst                  const        000000
__HcstackBANK0            cstackBANK0  000000
__HcstackCOMRAM           cstackCOMRAM 000000
__Hdata                   data         000000
__HdataCOMRAM             dataCOMRAM   000000
__Heeprom_data            eeprom_data  000000
__Hfarbss                 farbss       000000
__Hfardata                fardata      000000
__Hheap                   heap         000000
__Hibigdata               ibigdata     000000
__Hidata                  idata        000000
__HidataCOMRAM            idataCOMRAM  000000
__Hidloc                  idloc        200008
__Hifardata               ifardata     000000
__Hinit                   init         000012
__Hintcode                intcode      00000E
__Hintcode_body           intcode_body 000000
__Hintcodelo              intcodelo    00000E
__Hintentry               intentry     000000
__Hintret                 intret       000000
__Hintsave_regs           intsave_regs 000000
__Hirdata                 irdata       000000
__Hmediumconst            mediumconst  000000
__HnvFARRAM               nvFARRAM     000000
__Hnvbit                  nvbit        000000
__Hnvrram                 nvrram       000000
__Hparam                  rparam       000000
__Hpowerup                powerup      00000E
__Hram                    ram          000000
__Hramtop                 ramtop       000800
__Hrbit                   rbit         000000
__Hrbss                   rbss         000000
__Hrdata                  rdata        000000
__Hreset_vec              reset_vec    000004
__Hrparam                 rparam       000000
__Hsfr                    sfr          000000
__Hsivt_hi                sivt_hi      000000
__Hsivt_lo                sivt_lo      000000
__Hsmallconst             smallconst   0008A2
__Hspace_0                (abs)        001BDF
__Hspace_1                (abs)        000066
__Hspace_2                (abs)        000000
__Hspace_4                (abs)        60000E
__Hstack                  stack        000000
__Hstruct                 struct       000000
__Htemp                   temp         000043
__Htext                   text         000000
__Htext0                  text0        000000
__Htext1                  text1        000000
__Htext10                 text10       000000
__Htext11                 text11       000000
__Htext12                 text12       000000
__Htext13                 text13       000000
__Htext14                 text14       000000
__Htext15                 text15       000000
__Htext16                 text16       000000
__Htext17                 text17       000000
__Htext18                 text18       000000
__Htext19                 text19       000000
__Htext2                  text2        000000
__Htext21                 text21       000000
__Htext22                 text22       000000
__Htext23                 text23       000000
__Htext24                 text24       000000
__Htext25                 text25       000000
__Htext26                 text26       000000
__Htext27                 text27       000000
__Htext28                 text28       000000
__Htext29                 text29       000000
__Htext3                  text3        000000
__Htext30                 text30       000000
__Htext31                 text31       000000
__Htext32                 text32       000000
__Htext33                 text33       000000
__Htext34                 text34       000000
__Htext35                 text35       000000
__Htext36                 text36       000000
__Htext37                 text37       000000
__Htext38                 text38       000000
__Htext39                 text39       000000
__Htext4                  text4        000000
__Htext40                 text40       000000
__Htext41                 text41       000000
__Htext5                  text5        000000
__Htext6                  text6        000000
__Htext7                  text7        000000
__Htext8                  text8        000000
__Htext9                  text9        000000
__LRAM                    (abs)        000001
__L__absolute__           __absolute__ 000000
__Labs1                   abs1         000000
__Lbank0                  bank0        000000
__Lbank1                  bank1        000000
__Lbank2                  bank2        000000
__Lbank3                  bank3        000000
__Lbank4                  bank4        000000
__Lbank5                  bank5        000000
__Lbank6                  bank6        000000
__Lbank7                  bank7        000000
__Lbigbss                 bigbss       000000
__Lbigdata                bigdata      000000
__Lbigram                 bigram       000000
__Lbigsfr                 bigsfr       000000
__Lbss                    bss          000000
__LbssCOMRAM              bssCOMRAM    000000
__Lcinit                  cinit        000000
__Lclrtext                clrtext      000000
__Lcomram                 comram       000000
__Lconfig                 config       000000
__Lconst                  const        000000
__LcstackBANK0            cstackBANK0  000000
__LcstackCOMRAM           cstackCOMRAM 000000
__Ldata                   data         000000
__LdataCOMRAM             dataCOMRAM   000000
__Leeprom_data            eeprom_data  000000
__Lfarbss                 farbss       000000
__Lfardata                fardata      000000
__Lheap                   heap         000000
__Libigdata               ibigdata     000000
__Lidata                  idata        000000
__LidataCOMRAM            idataCOMRAM  000000
__Lidloc                  idloc        000000
__Lifardata               ifardata     000000
__Linit                   init         00000E
__Lintcode                intcode      000008
__Lintcode_body           intcode_body 000000
__Lintcodelo              intcodelo    00000E
__Lintentry               intentry     000000
__Lintret                 intret       000000
__Lintsave_regs           intsave_regs 000000
__Lirdata                 irdata       000000
__Lmediumconst            mediumconst  000000
__LnvFARRAM               nvFARRAM     000000
__Lnvbit                  nvbit        000000
__Lnvrram                 nvrram       000000
__Lparam                  rparam       000000
__Lpowerup                powerup      00000E
__Lram                    ram          000000
__Lramtop                 ramtop       000800
__Lrbit                   rbit         000000
__Lrbss                   rbss         000000
__Lrdata                  rdata        000000
__Lreset_vec              reset_vec    000000
__Lrparam                 rparam       000000
__Lsfr                    sfr          000000
__Lsivt_hi                sivt_hi      000000
__Lsivt_lo                sivt_lo      000000
__Lsmallconst             smallconst   000800
__Lspace_0                (abs)        000000
__Lspace_1                (abs)        000000
__Lspace_2                (abs)        000000
__Lspace_4                (abs)        000000
__Lstack                  stack        000000
__Lstruct                 struct       000000
__Ltemp                   temp         000042
__Ltext                   text         000000
__Ltext0                  text0        000000
__Ltext1                  text1        000000
__Ltext10                 text10       000000
__Ltext11                 text11       000000
__Ltext12                 text12       000000
__Ltext13                 text13       000000
__Ltext14                 text14       000000
__Ltext15                 text15       000000
__Ltext16                 text16       000000
__Ltext17                 text17       000000
__Ltext18                 text18       000000
__Ltext19                 text19       000000
__Ltext2                  text2        000000
__Ltext21                 text21       000000
__Ltext22                 text22       000000
__Ltext23                 text23       000000
__Ltext24                 text24       000000
__Ltext25                 text25       000000
__Ltext26                 text26       000000
__Ltext27                 text27       000000
__Ltext28                 text28       000000
__Ltext29                 text29       000000
__Ltext3                  text3        000000
__Ltext30                 text30       000000
__Ltext31                 text31       000000
__Ltext32                 text32       000000
__Ltext33                 text33       000000
__Ltext34                 text34       000000
__Ltext35                 text35       000000
__Ltext36                 text36       000000
__Ltext37                 text37       000000
__Ltext38                 text38       000000
__Ltext39                 text39       000000
__Ltext4                  text4        000000
__Ltext40                 text40       000000
__Ltext41                 text41       000000
__Ltext5                  text5        000000
__Ltext6                  text6        000000
__Ltext7                  text7        000000
__Ltext8                  text8        000000
__Ltext9                  text9        000000
__S0                      (abs)        001BDF
__S1                      (abs)        000066
__S4                      (abs)        000000
__S5                      (abs)        000000
___awdiv                  text33       0014AE
___awdiv@counter          cstackCOMRAM 000005
___awdiv@dividend         cstackCOMRAM 000001
___awdiv@divisor          cstackCOMRAM 000003
___awdiv@quotient         cstackCOMRAM 000007
___awdiv@sign             cstackCOMRAM 000006
___awmod                  text32       0015A0
___awmod@counter          cstackCOMRAM 000005
___awmod@dividend         cstackCOMRAM 000001
___awmod@divisor          cstackCOMRAM 000003
___awmod@sign             cstackCOMRAM 000006
___awtoft                 text35       0019C8
___awtoft@c               cstackCOMRAM 000009
___awtoft@sign            cstackCOMRAM 00000C
___ftpack                 text36       001364
___ftpack@arg             cstackCOMRAM 000001
___ftpack@exp             cstackCOMRAM 000004
___ftpack@sign            cstackCOMRAM 000005
___fttol                  text34       001292
___fttol@exp1             cstackCOMRAM 00000F
___fttol@f1               cstackCOMRAM 000001
___fttol@lval             cstackCOMRAM 00000B
___fttol@sign1            cstackCOMRAM 00000A
___heap_hi                (abs)        000000
___heap_lo                (abs)        000000
___inthi_sp               stack        000000
___inthi_stack_hi         stack        000000
___inthi_stack_lo         stack        000000
___intlo_sp               stack        000000
___intlo_stack_hi         stack        000000
___intlo_stack_lo         stack        000000
___lbdiv                  text5        001958
___lbdiv@counter          cstackCOMRAM 000024
___lbdiv@dividend         cstackCOMRAM 000023
___lbdiv@divisor          cstackCOMRAM 000022
___lbdiv@quotient         cstackCOMRAM 000025
___lbmod                  text4        001A28
___lbmod@counter          cstackCOMRAM 000020
___lbmod@dividend         cstackCOMRAM 00001F
___lbmod@divisor          cstackCOMRAM 00001E
___lbmod@rem              cstackCOMRAM 000021
___lwdiv                  text40       001836
___lwdiv@counter          cstackCOMRAM 000007
___lwdiv@dividend         cstackCOMRAM 000001
___lwdiv@divisor          cstackCOMRAM 000003
___lwdiv@quotient         cstackCOMRAM 000005
___param_bank             (abs)        000000
___rparam_used            (abs)        000001
___sp                     stack        000000
___stack_hi               stack        000000
___stack_lo               stack        000000
__accesstop               (abs)        000060
__activetblptr            (abs)        000002
__end_of_Bienvenida       text8        000FDA
__end_of_BorraLCD         text12       001BB4
__end_of_ConfiguraLCD     text19       001B20
__end_of_ConversionADC    text41       001B08
__end_of_CrearCaracter    text15       001738
__end_of_DireccionaLCD    text14       001B4C
__end_of_EEPROM_Write     text2        001AC4
__end_of_Emergencia       text6        001A28
__end_of_EnviaDato        text16       0018D4
__end_of_EscribeLCD_c     text13       001B36
__end_of_EscribeLCD_n8    text3        0010DA
__end_of_HabilitaLCD      text18       001BC2
__end_of_ISR              intcode_body 000C78
__end_of_InicializaLCD    text11       0014AE
__end_of_MedirDistancia   text39       0015A0
__end_of_MensajeLCD_Var   text7        001A78
__end_of_MostrarCursorLCD text10       001BA0
__end_of_MostrarNumeros   text1        001676
__end_of_OcultarCursorLCD text9        001B8C
__end_of_RetardoLCD       text17       00178E
__end_of_Transmitir       text38       001BDC
__end_of_TransmitirVar    text37       001836
__end_of___awdiv          text33       001530
__end_of___awmod          text32       00160E
__end_of___awtoft         text35       0019FE
__end_of___ftpack         text36       001412
__end_of___fttol          text34       001364
__end_of___lbdiv          text5        001990
__end_of___lbmod          text4        001A50
__end_of___lwdiv          text40       001888
__end_of__initialization  cinit        00194A
__end_of_banda1           smallconst   000811
__end_of_banda2           smallconst   000809
__end_of_main             text0        000ED0
__end_of_numASCII         text31       001292
__end_ofi2_DireccionaLCD  text27       001B78
__end_ofi2_EEPROM_Write   text22       001AE8
__end_ofi2_EnviaDato      text28       001920
__end_ofi2_EscribeLCD_c   text26       001B62
__end_ofi2_EscribeLCD_n8  text23       0011C0
__end_ofi2_HabilitaLCD    text30       001BD0
__end_ofi2_MostrarNumeros text21       0016DE
__end_ofi2_RetardoLCD     text29       0017E4
__end_ofi2___lbdiv        text25       0019C8
__end_ofi2___lbmod        text24       001AA0
__initialization          cinit        001920
__mediumconst             mediumconst  000000
__pbssCOMRAM              bssCOMRAM    000028
__pcinit                  cinit        001920
__pcstackBANK0            cstackBANK0  000060
__pcstackCOMRAM           cstackCOMRAM 000001
__pdataCOMRAM             dataCOMRAM   00003F
__pidataCOMRAM            idataCOMRAM  001BDC
__pintcode                intcode      000008
__pintcode_body           intcode_body 0008A2
__psmallconst             smallconst   000800
__ptext0                  text0        000C78
__ptext1                  text1        00160E
__ptext10                 text10       001B8C
__ptext11                 text11       001412
__ptext12                 text12       001BA0
__ptext13                 text13       001B20
__ptext14                 text14       001B36
__ptext15                 text15       0016DE
__ptext16                 text16       001888
__ptext17                 text17       001738
__ptext18                 text18       001BB4
__ptext19                 text19       001B08
__ptext2                  text2        001AA0
__ptext21                 text21       001676
__ptext22                 text22       001AC4
__ptext23                 text23       0010DA
__ptext24                 text24       001A78
__ptext25                 text25       001990
__ptext26                 text26       001B4C
__ptext27                 text27       001B62
__ptext28                 text28       0018D4
__ptext29                 text29       00178E
__ptext3                  text3        000FDA
__ptext30                 text30       001BC2
__ptext31                 text31       0011C0
__ptext32                 text32       0015A0
__ptext33                 text33       0014AE
__ptext34                 text34       001292
__ptext35                 text35       0019C8
__ptext36                 text36       001364
__ptext37                 text37       0017E4
__ptext38                 text38       001BD0
__ptext39                 text39       001530
__ptext4                  text4        001A28
__ptext40                 text40       001836
__ptext41                 text41       001AE8
__ptext5                  text5        001958
__ptext6                  text6        0019FE
__ptext7                  text7        001A50
__ptext8                  text8        000ED0
__ptext9                  text9        001B78
__ramtop                  ramtop       000800
__smallconst              smallconst   000800
_aux                      dataCOMRAM   000040
_banda1                   smallconst   000809
_banda2                   smallconst   000801
_block                    bssCOMRAM    000037
_contadas                 bssCOMRAM    000039
_contador                 bssCOMRAM    000033
_ctimeout                 bssCOMRAM    000030
_dis                      bssCOMRAM    000028
_emergency                bssCOMRAM    000034
_etimeout                 bssCOMRAM    000031
_faltantes                bssCOMRAM    00003A
_flagMotor                bssCOMRAM    00002B
_inactive                 bssCOMRAM    000032
_input                    bssCOMRAM    000038
_interfaz                 dataCOMRAM   000041
_main                     text0        000C78
_motorActual              bssCOMRAM    00002E
_motorAntiguo             bssCOMRAM    00002D
_numASCII                 text31       0011C0
_objetivo                 bssCOMRAM    00003B
_objeto                   bssCOMRAM    00002F
_ok                       bssCOMRAM    000036
_realPWM                  bssCOMRAM    000029
_valADC                   bssCOMRAM    00002A
_valPWM                   bssCOMRAM    00003D
btemp                     temp         000042
end_of_initialization     cinit        00194A
i2DireccionaLCD@a         cstackCOMRAM 000005
i2EEPROM_Write@address    cstackCOMRAM 000002
i2EEPROM_Write@data       cstackCOMRAM 000001
i2EnviaDato@a             cstackCOMRAM 000004
i2EscribeLCD_c@a          cstackCOMRAM 000005
i2EscribeLCD_n8@a         cstackCOMRAM 00000D
i2EscribeLCD_n8@b         cstackCOMRAM 000009
i2EscribeLCD_n8@centena   cstackCOMRAM 00000A
i2EscribeLCD_n8@decena    cstackCOMRAM 00000B
i2EscribeLCD_n8@unidad    cstackCOMRAM 00000C
i2RetardoLCD@a            cstackCOMRAM 000002
i2_DireccionaLCD          text27       001B62
i2_EEPROM_Write           text22       001AC4
i2_EnviaDato              text28       0018D4
i2_EscribeLCD_c           text26       001B4C
i2_EscribeLCD_n8          text23       0010DA
i2_HabilitaLCD            text30       001BC2
i2_MostrarNumeros         text21       001676
i2_RetardoLCD             text29       00178E
i2___lbdiv                text25       001990
i2___lbdiv@counter        cstackCOMRAM 000007
i2___lbdiv@dividend       cstackCOMRAM 000006
i2___lbdiv@divisor        cstackCOMRAM 000005
i2___lbdiv@quotient       cstackCOMRAM 000008
i2___lbmod                text24       001A78
i2___lbmod@counter        cstackCOMRAM 000003
i2___lbmod@dividend       cstackCOMRAM 000002
i2___lbmod@divisor        cstackCOMRAM 000001
i2___lbmod@rem            cstackCOMRAM 000004
int$flags                 temp         000042
int_func                  intcode_body 0008A2
intlevel0                 text         000000
intlevel1                 text         000000
intlevel2                 text         000000
intlevel3                 text         000000
isa$std                   (abs)        000001
isa$xinst                 (abs)        000000
main@Antiguo_sensor       cstackCOMRAM 000027
numASCII@ascii_values     cstackCOMRAM 00000B
numASCII@number           cstackCOMRAM 000009
stackhi                   (abs)        000000
stacklo                   (abs)        000000
start                     init         00000E
start_initialization      cinit        001920
ttemp5                    temp         000043
ttemp6                    temp         000046
ttemp7                    temp         00004A
wtemp8                    temp         000043


MODULE INFORMATION

Module		Function		Class		Link	Load	Size
D:\Program Files\Microchip\xc8\v2.50\pic\sources\c90\common\awdiv.c
		___awdiv       		CODE           	14AE	0000	130

D:\Program Files\Microchip\xc8\v2.50\pic\sources\c90\common\awdiv.c estimated size: 130

Lab6Pruebas.c
		_ISR           		CODE           	0008	0000	988
		_EEPROM_Write  		CODE           	1AA0	0000	36
		_main          		CODE           	0C78	0000	600
		_Emergencia    		CODE           	19FE	0000	42
		_Bienvenida    		CODE           	0ED0	0000	266
		_Transmitir    		CODE           	1BD0	0000	12
		_numASCII      		CODE           	11C0	0000	210
		_TransmitirVar 		CODE           	17E4	0000	82
		_ConversionADC 		CODE           	1AE8	0000	32
		_MedirDistancia		CODE           	1530	0000	112
		_MostrarNumeros		CODE           	160E	0000	104

Lab6Pruebas.c estimated size: 2484

LibLCDXC8.h
		_DireccionaLCD 		CODE           	1B36	0000	22
		_InicializaLCD 		CODE           	1412	0000	156
		_EnviaDato     		CODE           	1888	0000	76
		_MostrarCursorLCD		CODE           	1B8C	0000	20
		_CrearCaracter 		CODE           	16DE	0000	90
		_MensajeLCD_Var		CODE           	1A50	0000	40
		_EscribeLCD_c  		CODE           	1B20	0000	22
		_HabilitaLCD   		CODE           	1BB4	0000	14
		_EscribeLCD_n8 		CODE           	0FDA	0000	256
		_ConfiguraLCD  		CODE           	1B08	0000	24
		_BorraLCD      		CODE           	1BA0	0000	20
		_RetardoLCD    		CODE           	1738	0000	86
		_OcultarCursorLCD		CODE           	1B78	0000	20

LibLCDXC8.h estimated size: 846

D:\Program Files\Microchip\xc8\v2.50\pic\sources\c90\common\lbdiv.c
		___lbdiv       		CODE           	1958	0000	56

D:\Program Files\Microchip\xc8\v2.50\pic\sources\c90\common\lbdiv.c estimated size: 56

D:\Program Files\Microchip\xc8\v2.50\pic\sources\c90\common\float.c
		___ftpack      		CODE           	1364	0000	174

D:\Program Files\Microchip\xc8\v2.50\pic\sources\c90\common\float.c estimated size: 174

shared
		i2___lbdiv     		CODE           	1990	0000	56
		_banda1        		SMALLCONST     	0809	0000	8
		i2_EEPROM_Write		CODE           	1AC4	0000	36
		i2___lbmod     		CODE           	1A78	0000	40
		i2_EscribeLCD_c		CODE           	1B4C	0000	22
		i2_EnviaDato   		CODE           	18D4	0000	76
		_banda2        		SMALLCONST     	0801	0000	8
		i2_EscribeLCD_n8		CODE           	10DA	0000	230
		__initialization		CODE           	1920	0000	42
		i2_DireccionaLCD		CODE           	1B62	0000	22
		i2_HabilitaLCD 		CODE           	1BC2	0000	14
		i2_RetardoLCD  		CODE           	178E	0000	86
		i2_MostrarNumeros		CODE           	1676	0000	104

shared estimated size: 744

D:\Program Files\Microchip\xc8\v2.50\pic\sources\c90\common\awmod.c
		___awmod       		CODE           	15A0	0000	110

D:\Program Files\Microchip\xc8\v2.50\pic\sources\c90\common\awmod.c estimated size: 110

D:\Program Files\Microchip\xc8\v2.50\pic\sources\c90\common\awtoft.c
		___awtoft      		CODE           	19C8	0000	54

D:\Program Files\Microchip\xc8\v2.50\pic\sources\c90\common\awtoft.c estimated size: 54

D:\Program Files\Microchip\xc8\v2.50\pic\sources\c90\common\lwdiv.c
		___lwdiv       		CODE           	1836	0000	82

D:\Program Files\Microchip\xc8\v2.50\pic\sources\c90\common\lwdiv.c estimated size: 82

D:\Program Files\Microchip\xc8\v2.50\pic\sources\c90\common\lbmod.c
		___lbmod       		CODE           	1A28	0000	40

D:\Program Files\Microchip\xc8\v2.50\pic\sources\c90\common\lbmod.c estimated size: 40

D:\Program Files\Microchip\xc8\v2.50\pic\sources\c90\common\fttol.c
		___fttol       		CODE           	1292	0000	210

D:\Program Files\Microchip\xc8\v2.50\pic\sources\c90\common\fttol.c estimated size: 210

